data/raw/retail_transactions.csv
date,sku_id,product_name,category,price,cost,competitor_price,quantity_sold
2023-09-04,102,Coffee_Product_2,Coffee,16.56,8.97,14.25,0
2023-09-05,102,Coffee_Product_2,Coffee,16.1,8.97,16.09,0
2023-09-06,102,Coffee_Product_2,Coffee,14.88,8.97,15.52,0
2023-09-07,102,Coffee_Product_2,Coffee,16.13,8.97,17.8,0
2023-09-08,102,Coffee_Product_2,Coffee,17.47,8.97,15.78,0
2023-09-09,102,Coffee_Product_2,Coffee,16.82,8.97,18.73,0
2023-09-10,102,Coffee_Product_2,Coffee,15.19,8.97,18.79,0
2023-09-11,102,Coffee_Product_2,Coffee,17.65,8.97,17.1,0
2023-09-12,102,Coffee_Product_2,Coffee,16.61,8.97,18.63,0
2023-09-13,102,Coffee_Product_2,Coffee,17.63,8.97,17.79,0
2023-09-14,102,Coffee_Product_2,Coffee,16.77,8.97,16.74,0
2023-09-15,102,Coffee_Product_2,Coffee,16.7,8.97,14.92,0
2023-09-16,102,Coffee_Product_2,Coffee,15.2,8.97,16.3,0
2023-09-17,102,Coffee_Product_2,Coffee,15.41,8.97,16.8,0
2023-09-18,102,Coffee_Product_2,Coffee,18.06,8.97,18.31,0
2023-09-19,102,Coffee_Product_2,Coffee,15.61,8.97,16.41,0
2023-09-20,102,Coffee_Product_2,Coffee,18.08,8.97,18.47,0
2023-09-21,102,Coffee_Product_2,Coffee,16.61,8.97,17.37,0
2023-09-22,102,Coffee_Product_2,Coffee,15.3,8.97,14.71,0
2023-09-23,102,Coffee_Product_2,Coffee,15.18,8.97,18.95,0
2023-09-24,102,Coffee_Product_2,Coffee,15.54,8.97,16.64,0
2023-09-25,102,Coffee_Product_2,Coffee,17.91,8.97,15.97,0
2023-09-26,102,Coffee_Product_2,Coffee,16.22,8.97,17.29,0
2023-09-27,102,Coffee_Product_2,Coffee,16.16,8.97,14.57,0
2023-09-28,102,Coffee_Product_2,Coffee,15.89,8.97,17.18,0
2023-09-29,102,Coffee_Product_2,Coffee,15.34,8.97,16.49,0
2023-09-30,102,Coffee_Product_2,Coffee,16.46,8.97,16.04,0
2023-10-01,102,Coffee_Product_2,Coffee,15.28,8.97,18.75,0
2023-10-02,102,Coffee_Product_2,Coffee,17.61,8.97,16.61,0
2023-10-03,102,Coffee_Product_2,Coffee,16.08,8.97,15.11,0
2023-10-04,102,Coffee_Product_2,Coffee,16.09,8.97,16.3,0
2023-10-05,102,Coffee_Product_2,Coffee,16.42,8.97,18.58,0
2023-10-06,102,Coffee_Product_2,Coffee,16.32,8.97,14.9,0
2023-10-07,102,Coffee_Product_2,Coffee,18.14,8.97,15.09,0
2023-10-08,102,Coffee_Product_2,Coffee,16.65,8.97,14.09,0
2023-10-09,102,Coffee_Product_2,Coffee,15.14,8.97,14.1,0
2023-10-10,102,Coffee_Product_2,Coffee,16.86,8.97,18.13,0
2023-10-11,102,Coffee_Product_2,Coffee,15.35,8.97,17.65,0
2023-10-12,102,Coffee_Product_2,Coffee,14.96,8.97,15.79,0
2023-10-13,102,Coffee_Product_2,Coffee,18.06,8.97,17.49,0
2023-10-14,102,Coffee_Product_2,Coffee,17.41,8.97,15.98,0
2023-10-15,102,Coffee_Product_2,Coffee,18.09,8.97,18.75,0
2023-10-16,102,Coffee_Product_2,Coffee,16.43,8.97,18.82,0
2023-10-17,102,Coffee_Product_2,Coffee,16.61,8.97,15.97,0
2023-10-18,102,Coffee_Product_2,Coffee,15.41,8.97,18.26,0
2023-10-19,102,Coffee_Product_2,Coffee,15.67,8.97,17.86,0
2023-10-20,102,Coffee_Product_2,Coffee,17.62,8.97,15.56,0
2023-10-21,102,Coffee_Product_2,Coffee,16.03,8.97,15.18,0
2023-10-22,102,Coffee_Product_2,Coffee,17.58,8.97,16.3,0
2023-10-23,102,Coffee_Product_2,Coffee,17.19,8.97,17.9,0
2023-10-24,102,Coffee_Product_2,Coffee,15.44,8.97,18.78,0
2023-10-25,102,Coffee_Product_2,Coffee,16.53,8.97,17.81,0
2023-10-26,102,Coffee_Product_2,Coffee,17.09,8.97,18.26,0
2023-10-27,102,Coffee_Product_2,Coffee,15.63,8.97,17.01,0
2023-10-28,102,Coffee_Product_2,Coffee,17.59,8.97,18.16,0
2023-10-29,102,Coffee_Product_2,Coffee,16.65,8.97,17.91,0
2023-10-30,102,Coffee_Product_2,Coffee,15.4,8.97,15.89,0
2023-10-31,102,Coffee_Product_2,Coffee,16.78,8.97,16.76,0
2023-11-01,102,Coffee_Product_2,Coffee,18.15,8.97,18.01,0
2023-11-02,102,Coffee_Product_2,Coffee,15.35,8.97,14.26,0
2023-11-03,102,Coffee_Product_2,Coffee,17.55,8.97,18.03,0
2023-11-04,102,Coffee_Product_2,Coffee,15.54,8.97,14.91,0
2023-11-05,102,Coffee_Product_2,Coffee,17.44,8.97,16.58,0
2023-11-06,102,Coffee_Product_2,Coffee,17.28,8.97,18.03,0
2023-11-07,102,Coffee_Product_2,Coffee,15.84,8.97,15.28,0
2023-11-08,102,Coffee_Product_2,Coffee,15.93,8.97,15.24,0
2023-11-09,102,Coffee_Product_2,Coffee,17.47,8.97,16.02,0
2023-11-10,102,Coffee_Product_2,Coffee,16.38,8.97,18.46,0
2023-11-11,102,Coffee_Product_2,Coffee,17.27,8.97,14.03,0
2023-11-12,102,Coffee_Product_2,Coffee,15.34,8.97,18.49,0
2023-11-13,102,Coffee_Product_2,Coffee,17.67,8.97,14.79,0
2023-11-14,102,Coffee_Product_2,Coffee,17.2,8.97,18.93,0
2023-11-15,102,Coffee_Product_2,Coffee,17.85,8.97,18.76,0
2023-11-16,102,Coffee_Product_2,Coffee,15.29,8.97,16.48,0
2023-11-17,102,Coffee_Product_2,Coffee,16.81,8.97,16.57,0
2023-11-18,102,Coffee_Product_2,Coffee,16.83,8.97,16.41,0
2023-11-19,102,Coffee_Product_2,Coffee,16.02,8.97,17.17,0
2023-11-20,102,Coffee_Product_2,Coffee,16.37,8.97,14.48,0
2023-11-21,102,Coffee_Product_2,Coffee,14.98,8.97,14.19,0
2023-11-22,102,Coffee_Product_2,Coffee,17.31,8.97,14.31,0
2023-11-23,102,Coffee_Product_2,Coffee,16.67,8.97,16.23,0
2023-11-24,102,Coffee_Product_2,Coffee,15.04,8.97,15.39,0
2023-11-25,102,Coffee_Product_2,Coffee,17.1,8.97,17.11,0
2023-11-26,102,Coffee_Product_2,Coffee,16.39,8.97,18.94,0
2023-11-27,102,Coffee_Product_2,Coffee,14.97,8.97,15.94,0
2023-11-28,102,Coffee_Product_2,Coffee,18.05,8.97,16.87,0
2023-11-29,102,Coffee_Product_2,Coffee,17.99,8.97,16.09,0
2023-11-30,102,Coffee_Product_2,Coffee,16.55,8.97,18.22,0
2023-12-01,102,Coffee_Product_2,Coffee,15.16,8.97,18.49,0
2023-12-02,102,Coffee_Product_2,Coffee,17.34,8.97,18.37,0
2023-12-03,102,Coffee_Product_2,Coffee,16.48,8.97,18.85,0
2023-12-04,102,Coffee_Product_2,Coffee,15.85,8.97,14.16,0
2023-12-05,102,Coffee_Product_2,Coffee,16.47,8.97,18.19,0
2023-12-06,102,Coffee_Product_2,Coffee,16.58,8.97,17.75,0
2023-12-07,102,Coffee_Product_2,Coffee,16.71,8.97,15.16,0
2023-12-08,102,Coffee_Product_2,Coffee,16.31,8.97,18.76,0
2023-12-09,102,Coffee_Product_2,Coffee,16.85,8.97,14.76,0
2023-12-10,102,Coffee_Product_2,Coffee,17.89,8.97,17.39,0
2023-12-11,102,Coffee_Product_2,Coffee,16.05,8.97,15.14,0
2023-12-12,102,Coffee_Product_2,Coffee,17.25,8.97,16.16,0
2023-12-13,102,Coffee_Product_2,Coffee,17.81,8.97,17.59,0
2023-12-14,102,Coffee_Product_2,Coffee,16.36,8.97,16.82,0
2023-12-15,102,Coffee_Product_2,Coffee,16.32,8.97,16.14,0
2023-12-16,102,Coffee_Product_2,Coffee,16.84,8.97,15.64,0
2023-12-17,102,Coffee_Product_2,Coffee,16.8,8.97,18.18,0
2023-12-18,102,Coffee_Product_2,Coffee,17.52,8.97,14.74,0
2023-12-19,102,Coffee_Product_2,Coffee,16.43,8.97,16.16,0
2023-12-20,102,Coffee_Product_2,Coffee,18.14,8.97,18.5,0
2023-12-21,102,Coffee_Product_2,Coffee,15.05,8.97,18.22,0
2023-12-22,102,Coffee_Product_2,Coffee,14.86,8.97,16.01,1
2023-12-23,102,Coffee_Product_2,Coffee,16.97,8.97,17.81,0
2023-12-24,102,Coffee_Product_2,Coffee,15.84,8.97,18.1,0
2023-12-25,102,Coffee_Product_2,Coffee,15.65,8.97,18.43,1
2023-12-26,102,Coffee_Product_2,Coffee,15.88,8.97,16.72,0
2023-12-27,102,Coffee_Product_2,Coffee,15.7,8.97,15.04,0
2023-12-28,102,Coffee_Product_2,Coffee,14.95,8.97,15.29,0
2023-12-29,102,Coffee_Product_2,Coffee,18.06,8.97,15.49,0
2023-12-30,102,Coffee_Product_2,Coffee,15.58,8.97,16.97,0
2023-12-31,102,Coffee_Product_2,Coffee,17.28,8.97,14.19,0
2024-01-01,102,Coffee_Product_2,Coffee,17.37,8.97,17.18,0
2023-01-01,103,Beverages_Product_3,Beverages,9.87,4.9,9.84,3
2023-01-02,103,Beverages_Product_3,Beverages,8.98,4.9,9.86,4
2023-01-03,103,Beverages_Product_3,Beverages,8.76,4.9,10.01,3
2023-01-04,103,Beverages_Product_3,Beverages,8.53,4.9,10.34,5
2023-01-05,103,Beverages_Product_3,Beverages,9.24,4.9,9.3,3
2023-01-06,103,Beverages_Product_3,Beverages,9.27,4.9,9.94,3
2023-01-07,103,Beverages_Product_3,Beverages,9.93,4.9,9.63,3
2023-01-08,103,Beverages_Product_3,Beverages,8.78,4.9,8.42,3
2023-01-09,103,Beverages_Product_3,Beverages,9.08,4.9,7.98,4
2023-01-10,103,Beverages_Product_3,Beverages,9.87,4.9,8.7,3
2023-01-11,103,Beverages_Product_3,Beverages,9.9,4.9,9.14,3
2023-01-12,103,Beverages_Product_3,Beverages,9.08,4.9,9.62,3
2023-01-13,103,Beverages_Product_3,Beverages,9.22,4.9,10.27,3
2023-01-14,103,Beverages_Product_3,Beverages,8.93,4.9,8.45,4
2023-01-15,103,Beverages_Product_3,Beverages,10.1,4.9,8.25,2
2023-01-16,103,Beverages_Product_3,Beverages,8.59,4.9,10.59,4
2023-01-17,103,Beverages_Product_3,Beverages,10.1,4.9,8.2,3
2023-01-18,103,Beverages_Product_3,Beverages,9.64,4.9,9.24,3
2023-01-19,103,Beverages_Product_3,Beverages,9.36,4.9,9.54,3
2023-01-20,103,Beverages_Product_3,Beverages,8.43,4.9,9.41,4
2023-01-21,103,Beverages_Product_3,Beverages,9.25,4.9,8.14,4
2023-01-22,103,Beverages_Product_3,Beverages,9.13,4.9,8.06,4
2023-01-23,103,Beverages_Product_3,Beverages,8.67,4.9,8.2,3
2023-01-24,103,Beverages_Product_3,Beverages,9.59,4.9,9.54,3
2023-01-25,103,Beverages_Product_3,Beverages,10.17,4.9,9.42,3
2023-01-26,103,Beverages_Product_3,Beverages,9.41,4.9,8.56,4
2023-01-27,103,Beverages_Product_3,Beverages,9.7,4.9,9.68,3
2023-01-28,103,Beverages_Product_3,Beverages,8.5,4.9,10.19,4
2023-01-29,103,Beverages_Product_3,Beverages,9.15,4.9,8.02,3
2023-01-30,103,Beverages_Product_3,Beverages,8.58,4.9,9.29,4
2023-01-31,103,Beverages_Product_3,Beverages,9.51,4.9,9.83,4
2023-02-01,103,Beverages_Product_3,Beverages,10.11,4.9,8.61,3
2023-02-02,103,Beverages_Product_3,Beverages,9.6,4.9,8.76,3
2023-02-03,103,Beverages_Product_3,Beverages,8.51,4.9,9.62,4
2023-02-04,103,Beverages_Product_3,Beverages,9.03,4.9,10.41,3
2023-02-05,103,Beverages_Product_3,Beverages,9.39,4.9,10.16,3
2023-02-06,103,Beverages_Product_3,Beverages,9.12,4.9,9.53,4
2023-02-07,103,Beverages_Product_3,Beverages,9.92,4.9,9.94,3
2023-02-08,103,Beverages_Product_3,Beverages,9.88,4.9,8.92,3
2023-02-09,103,Beverages_Product_3,Beverages,9.51,4.9,9.69,4
2023-02-10,103,Beverages_Product_3,Beverages,9.06,4.9,9.2,4
2023-02-11,103,Beverages_Product_3,Beverages,8.84,4.9,8.43,4
2023-02-12,103,Beverages_Product_3,Beverages,8.57,4.9,9.86,4
2023-02-13,103,Beverages_Product_3,Beverages,9.03,4.9,9.46,4
2023-02-14,103,Beverages_Product_3,Beverages,9.14,4.9,8.9,4
2023-02-15,103,Beverages_Product_3,Beverages,9.63,4.9,10.45,4
2023-02-16,103,Beverages_Product_3,Beverages,9.59,4.9,7.96,3
2023-02-17,103,Beverages_Product_3,Beverages,8.5,4.9,8.78,4
2023-02-18,103,Beverages_Product_3,Beverages,9.1,4.9,8.06,3
2023-02-19,103,Beverages_Product_3,Beverages,8.71,4.9,10.04,4
2023-02-20,103,Beverages_Product_3,Beverages,8.66,4.9,9.86,4
2023-02-21,103,Beverages_Product_3,Beverages,9.91,4.9,8.83,3
2023-02-22,103,Beverages_Product_3,Beverages,8.45,4.9,9.79,4
2023-02-23,103,Beverages_Product_3,Beverages,9.15,4.9,9.01,4
2023-02-24,103,Beverages_Product_3,Beverages,8.68,4.9,10.01,5
2023-02-25,103,Beverages_Product_3,Beverages,10.0,4.9,9.17,3
2023-02-26,103,Beverages_Product_3,Beverages,9.4,4.9,9.05,4
2023-02-27,103,Beverages_Product_3,Beverages,8.8,4.9,10.51,5
2023-02-28,103,Beverages_Product_3,Beverages,9.3,4.9,8.6,4
2023-03-01,103,Beverages_Product_3,Beverages,9.73,4.9,8.24,3
2023-03-02,103,Beverages_Product_3,Beverages,10.15,4.9,9.53,3
2023-03-03,103,Beverages_Product_3,Beverages,8.78,4.9,10.61,5
2023-03-04,103,Beverages_Product_3,Beverages,10.02,4.9,8.96,3
2023-03-05,103,Beverages_Product_3,Beverages,10.11,4.9,8.08,2
2023-03-06,103,Beverages_Product_3,Beverages,10.07,4.9,8.85,3
2023-03-07,103,Beverages_Product_3,Beverages,9.55,4.9,9.31,4
2023-03-08,103,Beverages_Product_3,Beverages,9.54,4.9,8.36,3
2023-03-09,103,Beverages_Product_3,Beverages,9.12,4.9,9.74,3
2023-03-10,103,Beverages_Product_3,Beverages,9.77,4.9,10.69,4
2023-03-11,103,Beverages_Product_3,Beverages,9.36,4.9,9.16,4
2023-03-12,103,Beverages_Product_3,Beverages,9.63,4.9,8.89,4
2023-03-13,103,Beverages_Product_3,Beverages,9.17,4.9,9.02,3
2023-03-14,103,Beverages_Product_3,Beverages,9.73,4.9,8.22,4
2023-03-15,103,Beverages_Product_3,Beverages,9.9,4.9,10.37,4
2023-03-16,103,Beverages_Product_3,Beverages,8.64,4.9,9.06,4
2023-03-17,103,Beverages_Product_3,Beverages,9.92,4.9,8.98,3
2023-03-18,103,Beverages_Product_3,Beverages,9.37,4.9,9.74,4
2023-03-19,103,Beverages_Product_3,Beverages,9.94,4.9,9.14,4
2023-03-20,103,Beverages_Product_3,Beverages,9.17,4.9,9.71,3
2023-03-21,103,Beverages_Product_3,Beverages,9.07,4.9,8.07,4
2023-03-22,103,Beverages_Product_3,Beverages,10.07,4.9,10.17,3
2023-03-23,103,Beverages_Product_3,Beverages,8.84,4.9,10.53,4
2023-03-24,103,Beverages_Product_3,Beverages,9.94,4.9,9.71,3
2023-03-25,103,Beverages_Product_3,Beverages,9.27,4.9,10.57,4
2023-03-26,103,Beverages_Product_3,Beverages,9.32,4.9,8.33,4
2023-03-27,103,Beverages_Product_3,Beverages,8.94,4.9,9.24,4
2023-03-28,103,Beverages_Product_3,Beverages,9.43,4.9,9.58,3
2023-03-29,103,Beverages_Product_3,Beverages,8.97,4.9,9.53,4
2023-03-30,103,Beverages_Product_3,Beverages,8.44,4.9,9.02,4
2023-03-31,103,Beverages_Product_3,Beverages,8.87,4.9,8.85,4
2023-04-01,103,Beverages_Product_3,Beverages,8.38,4.9,8.26,5
2023-04-02,103,Beverages_Product_3,Beverages,10.19,4.9,9.0,3
2023-04-03,103,Beverages_Product_3,Beverages,10.16,4.9,8.36,4
2023-04-04,103,Beverages_Product_3,Beverages,9.1,4.9,9.95,4
2023-04-05,103,Beverages_Product_3,Beverages,9.72,4.9,8.49,4
2023-04-06,103,Beverages_Product_3,Beverages,9.01,4.9,8.07,4
2023-04-07,103,Beverages_Product_3,Beverages,9.62,4.9,9.44,3
2023-04-08,103,Beverages_Product_3,Beverages,9.87,4.9,9.56,4
2023-04-09,103,Beverages_Product_3,Beverages,10.13,4.9,10.34,4
2023-04-10,103,Beverages_Product_3,Beverages,9.11,4.9,9.51,4
2023-04-11,103,Beverages_Product_3,Beverages,9.83,4.9,8.87,4
2023-04-12,103,Beverages_Product_3,Beverages,8.86,4.9,10.14,4
2023-04-13,103,Beverages_Product_3,Beverages,10.21,4.9,9.41,3
2023-04-14,103,Beverages_Product_3,Beverages,8.42,4.9,8.12,4
2023-04-15,103,Beverages_Product_3,Beverages,9.49,4.9,9.48,4
2023-04-16,103,Beverages_Product_3,Beverages,9.59,4.9,10.44,4
2023-04-17,103,Beverages_Product_3,Beverages,9.65,4.9,9.01,4
2023-04-18,103,Beverages_Product_3,Beverages,8.59,4.9,8.73,5
2023-04-19,103,Beverages_Product_3,Beverages,10.11,4.9,8.3,3
2023-04-20,103,Beverages_Product_3,Beverages,8.71,4.9,8.33,3
2023-04-21,103,Beverages_Product_3,Beverages,9.53,4.9,9.11,3
2023-04-22,103,Beverages_Product_3,Beverages,8.78,4.9,9.57,4
2023-04-23,103,Beverages_Product_3,Beverages,8.94,4.9,8.13,4
2023-04-24,103,Beverages_Product_3,Beverages,9.38,4.9,10.52,4
2023-04-25,103,Beverages_Product_3,Beverages,9.14,4.9,10.01,4
2023-04-26,103,Beverages_Product_3,Beverages,8.67,4.9,9.54,4
2023-04-27,103,Beverages_Product_3,Beverages,8.69,4.9,10.21,4
2023-04-28,103,Beverages_Product_3,Beverages,9.15,4.9,8.13,3
2023-04-29,103,Beverages_Product_3,Beverages,9.78,4.9,9.23,3
2023-04-30,103,Beverages_Product_3,Beverages,10.04,4.9,9.66,3
2023-05-01,103,Beverages_Product_3,Beverages,8.52,4.9,10.22,5
2023-05-02,103,Beverages_Product_3,Beverages,9.1,4.9,10.09,4
2023-05-03,103,Beverages_Product_3,Beverages,8.55,4.9,8.68,6
2023-05-04,103,Beverages_Product_3,Beverages,8.4,4.9,10.53,6
2023-05-05,103,Beverages_Product_3,Beverages,9.6,4.9,8.25,3
2023-05-06,103,Beverages_Product_3,Beverages,9.49,4.9,10.34,3
2023-05-07,103,Beverages_Product_3,Beverages,8.67,4.9,10.61,5
2023-05-08,103,Beverages_Product_3,Beverages,8.8,4.9,8.4,5
2023-05-09,103,Beverages_Product_3,Beverages,8.41,4.9,9.92,4
2023-05-10,103,Beverages_Product_3,Beverages,9.92,4.9,8.02,2
2023-05-11,103,Beverages_Product_3,Beverages,10.18,4.9,9.03,3
2023-05-12,103,Beverages_Product_3,Beverages,8.62,4.9,9.34,4
2023-05-13,103,Beverages_Product_3,Beverages,8.8,4.9,9.52,4
2023-05-14,103,Beverages_Product_3,Beverages,9.98,4.9,10.51,4
2023-05-15,103,Beverages_Product_3,Beverages,10.09,4.9,9.78,3
2023-05-16,103,Beverages_Product_3,Beverages,9.15,4.9,9.25,3
2023-05-17,103,Beverages_Product_3,Beverages,8.46,4.9,10.16,5
2023-05-18,103,Beverages_Product_3,Beverages,8.44,4.9,10.56,4
2023-05-19,103,Beverages_Product_3,Beverages,9.44,4.9,7.97,2
2023-05-20,103,Beverages_Product_3,Beverages,9.1,4.9,10.64,4
2023-05-21,103,Beverages_Product_3,Beverages,8.42,4.9,8.14,4
2023-05-22,103,Beverages_Product_3,Beverages,9.45,4.9,10.18,4
2023-05-23,103,Beverages_Product_3,Beverages,8.39,4.9,8.69,4
2023-05-24,103,Beverages_Product_3,Beverages,9.83,4.9,8.27,3
2023-05-25,103,Beverages_Product_3,Beverages,8.94,4.9,9.13,4
2023-05-26,103,Beverages_Product_3,Beverages,8.44,4.9,9.7,4
2023-05-27,103,Beverages_Product_3,Beverages,9.46,4.9,8.97,3
2023-05-28,103,Beverages_Product_3,Beverages,9.11,4.9,8.06,4
2023-05-29,103,Beverages_Product_3,Beverages,10.18,4.9,9.58,3
2023-05-30,103,Beverages_Product_3,Beverages,9.38,4.9,10.42,4
2023-05-31,103,Beverages_Product_3,Beverages,8.88,4.9,8.97,3
2023-06-01,103,Beverages_Product_3,Beverages,9.69,4.9,8.51,3
2023-06-02,103,Beverages_Product_3,Beverages,8.87,4.9,9.14,3
2023-06-03,103,Beverages_Product_3,Beverages,10.05,4.9,8.04,3
2023-06-04,103,Beverages_Product_3,Beverages,9.07,4.9,10.19,4
2023-06-05,103,Beverages_Product_3,Beverages,9.39,4.9,10.21,3
2023-06-06,103,Beverages_Product_3,Beverages,8.46,4.9,9.54,4
2023-06-07,103,Beverages_Product_3,Beverages,9.16,4.9,8.89,3
2023-06-08,103,Beverages_Product_3,Beverages,9.92,4.9,10.13,4
2023-06-09,103,Beverages_Product_3,Beverages,9.87,4.9,9.45,3
2023-06-10,103,Beverages_Product_3,Beverages,8.79,4.9,10.21,4
2023-06-11,103,Beverages_Product_3,Beverages,8.79,4.9,9.66,3
2023-06-12,103,Beverages_Product_3,Beverages,9.89,4.9,10.09,3
2023-06-13,103,Beverages_Product_3,Beverages,10.1,4.9,9.57,4
2023-06-14,103,Beverages_Product_3,Beverages,8.55,4.9,9.06,4
2023-06-15,103,Beverages_Product_3,Beverages,9.21,4.9,10.58,4
2023-06-16,103,Beverages_Product_3,Beverages,9.0,4.9,9.41,4
2023-06-17,103,Beverages_Product_3,Beverages,9.99,4.9,9.59,3
2023-06-18,103,Beverages_Product_3,Beverages,8.52,4.9,8.52,3
2023-06-19,103,Beverages_Product_3,Beverages,8.76,4.9,9.65,4
2023-06-20,103,Beverages_Product_3,Beverages,9.77,4.9,9.5,3
2023-06-21,103,Beverages_Product_3,Beverages,8.46,4.9,8.42,4
2023-06-22,103,Beverages_Product_3,Beverages,9.28,4.9,8.07,3
2023-06-23,103,Beverages_Product_3,Beverages,9.19,4.9,9.59,4
2023-06-24,103,Beverages_Product_3,Beverages,8.99,4.9,10.03,4
2023-06-25,103,Beverages_Product_3,Beverages,9.1,4.9,9.36,3
2023-06-26,103,Beverages_Product_3,Beverages,9.35,4.9,8.54,4
2023-06-27,103,Beverages_Product_3,Beverages,8.67,4.9,9.76,4
2023-06-28,103,Beverages_Product_3,Beverages,9.43,4.9,8.13,3
