data/raw/retail_transactions.csv
date,sku_id,product_name,category,price,cost,competitor_price,quantity_sold
2023-06-29,103,Beverages_Product_3,Beverages,9.87,4.9,9.14,3
2023-06-30,103,Beverages_Product_3,Beverages,9.78,4.9,8.36,2
2023-07-01,103,Beverages_Product_3,Beverages,8.65,4.9,8.42,4
2023-07-02,103,Beverages_Product_3,Beverages,8.65,4.9,8.47,3
2023-07-03,103,Beverages_Product_3,Beverages,8.87,4.9,8.98,3
2023-07-04,103,Beverages_Product_3,Beverages,9.04,4.9,8.05,3
2023-07-05,103,Beverages_Product_3,Beverages,9.13,4.9,9.01,3
2023-07-06,103,Beverages_Product_3,Beverages,9.63,4.9,9.33,3
2023-07-07,103,Beverages_Product_3,Beverages,8.47,4.9,9.25,4
2023-07-08,103,Beverages_Product_3,Beverages,8.43,4.9,8.97,4
2023-07-09,103,Beverages_Product_3,Beverages,9.1,4.9,10.24,3
2023-07-10,103,Beverages_Product_3,Beverages,9.66,4.9,8.31,3
2023-07-11,103,Beverages_Product_3,Beverages,8.73,4.9,9.31,3
2023-07-12,103,Beverages_Product_3,Beverages,9.56,4.9,8.08,3
2023-07-13,103,Beverages_Product_3,Beverages,8.85,4.9,8.1,3
2023-07-14,103,Beverages_Product_3,Beverages,10.02,4.9,9.5,3
2023-07-15,103,Beverages_Product_3,Beverages,10.03,4.9,9.48,3
2023-07-16,103,Beverages_Product_3,Beverages,8.92,4.9,10.35,4
2023-07-17,103,Beverages_Product_3,Beverages,8.8,4.9,9.46,3
2023-07-18,103,Beverages_Product_3,Beverages,9.13,4.9,10.58,4
2023-07-19,103,Beverages_Product_3,Beverages,8.82,4.9,8.04,3
2023-07-20,103,Beverages_Product_3,Beverages,9.62,4.9,8.18,3
2023-07-21,103,Beverages_Product_3,Beverages,9.9,4.9,8.03,2
2023-07-22,103,Beverages_Product_3,Beverages,9.62,4.9,8.42,3
2023-07-23,103,Beverages_Product_3,Beverages,9.9,4.9,9.41,3
2023-07-24,103,Beverages_Product_3,Beverages,9.11,4.9,9.7,3
2023-07-25,103,Beverages_Product_3,Beverages,8.66,4.9,8.03,3
2023-07-26,103,Beverages_Product_3,Beverages,9.74,4.9,10.54,3
2023-07-27,103,Beverages_Product_3,Beverages,9.04,4.9,10.25,3
2023-07-28,103,Beverages_Product_3,Beverages,9.62,4.9,8.73,2
2023-07-29,103,Beverages_Product_3,Beverages,8.87,4.9,8.12,3
2023-07-30,103,Beverages_Product_3,Beverages,8.52,4.9,8.38,3
2023-07-31,103,Beverages_Product_3,Beverages,10.21,4.9,8.26,3
2023-08-01,103,Beverages_Product_3,Beverages,8.66,4.9,8.25,3
2023-08-02,103,Beverages_Product_3,Beverages,10.21,4.9,9.35,2
2023-08-03,103,Beverages_Product_3,Beverages,10.19,4.9,8.59,3
2023-08-04,103,Beverages_Product_3,Beverages,9.84,4.9,8.9,3
2023-08-05,103,Beverages_Product_3,Beverages,9.59,4.9,10.66,3
2023-08-06,103,Beverages_Product_3,Beverages,9.44,4.9,9.81,3
2023-08-07,103,Beverages_Product_3,Beverages,9.98,4.9,10.55,3
2023-08-08,103,Beverages_Product_3,Beverages,8.91,4.9,8.3,3
2023-08-09,103,Beverages_Product_3,Beverages,9.24,4.9,8.97,3
2023-08-10,103,Beverages_Product_3,Beverages,9.52,4.9,9.45,2
2023-08-11,103,Beverages_Product_3,Beverages,9.13,4.9,8.12,3
2023-08-12,103,Beverages_Product_3,Beverages,9.16,4.9,7.92,3
2023-08-13,103,Beverages_Product_3,Beverages,8.98,4.9,9.77,3
2023-08-14,103,Beverages_Product_3,Beverages,9.42,4.9,9.69,3
2023-08-15,103,Beverages_Product_3,Beverages,9.95,4.9,9.05,2
2023-08-16,103,Beverages_Product_3,Beverages,8.74,4.9,9.27,3
2023-08-17,103,Beverages_Product_3,Beverages,10.11,4.9,9.06,2
2023-08-18,103,Beverages_Product_3,Beverages,9.65,4.9,7.97,3
2023-08-19,103,Beverages_Product_3,Beverages,9.9,4.9,8.84,2
2023-08-20,103,Beverages_Product_3,Beverages,9.4,4.9,8.4,3
2023-08-21,103,Beverages_Product_3,Beverages,9.82,4.9,8.18,2
2023-08-22,103,Beverages_Product_3,Beverages,8.4,4.9,10.57,4
2023-08-23,103,Beverages_Product_3,Beverages,9.89,4.9,9.58,3
2023-08-24,103,Beverages_Product_3,Beverages,8.44,4.9,9.94,4
2023-08-25,103,Beverages_Product_3,Beverages,10.02,4.9,8.78,2
2023-08-26,103,Beverages_Product_3,Beverages,10.21,4.9,9.0,2
2023-08-27,103,Beverages_Product_3,Beverages,8.92,4.9,8.56,3
2023-08-28,103,Beverages_Product_3,Beverages,8.76,4.9,8.17,3
2023-08-29,103,Beverages_Product_3,Beverages,9.79,4.9,8.4,2
2023-08-30,103,Beverages_Product_3,Beverages,8.84,4.9,10.13,3
2023-08-31,103,Beverages_Product_3,Beverages,9.98,4.9,9.79,3
2023-09-01,103,Beverages_Product_3,Beverages,8.56,4.9,9.43,3
2023-09-02,103,Beverages_Product_3,Beverages,8.6,4.9,9.23,3
2023-09-03,103,Beverages_Product_3,Beverages,10.19,4.9,10.48,3
2023-09-04,103,Beverages_Product_3,Beverages,9.62,4.9,8.11,2
2023-09-05,103,Beverages_Product_3,Beverages,9.94,4.9,8.69,3
2023-09-06,103,Beverages_Product_3,Beverages,8.97,4.9,8.88,3
2023-09-07,103,Beverages_Product_3,Beverages,9.63,4.9,10.09,3
2023-09-08,103,Beverages_Product_3,Beverages,9.47,4.9,10.67,4
2023-09-09,103,Beverages_Product_3,Beverages,9.49,4.9,8.57,3
2023-09-10,103,Beverages_Product_3,Beverages,9.64,4.9,10.34,3
2023-09-11,103,Beverages_Product_3,Beverages,9.44,4.9,10.22,3
2023-09-12,103,Beverages_Product_3,Beverages,9.17,4.9,8.53,3
2023-09-13,103,Beverages_Product_3,Beverages,8.88,4.9,9.02,3
2023-09-14,103,Beverages_Product_3,Beverages,9.8,4.9,9.05,2
2023-09-15,103,Beverages_Product_3,Beverages,8.79,4.9,10.63,4
2023-09-16,103,Beverages_Product_3,Beverages,9.66,4.9,8.41,3
2023-09-17,103,Beverages_Product_3,Beverages,8.8,4.9,10.13,3
2023-09-18,103,Beverages_Product_3,Beverages,9.53,4.9,8.84,3
2023-09-19,103,Beverages_Product_3,Beverages,9.76,4.9,9.94,3
2023-09-20,103,Beverages_Product_3,Beverages,8.78,4.9,9.08,3
2023-09-21,103,Beverages_Product_3,Beverages,8.48,4.9,9.52,4
2023-09-22,103,Beverages_Product_3,Beverages,8.61,4.9,10.23,3
2023-09-23,103,Beverages_Product_3,Beverages,9.5,4.9,10.15,3
2023-09-24,103,Beverages_Product_3,Beverages,9.95,4.9,10.32,3
2023-09-25,103,Beverages_Product_3,Beverages,8.45,4.9,8.07,3
2023-09-26,103,Beverages_Product_3,Beverages,9.73,4.9,9.83,3
2023-09-27,103,Beverages_Product_3,Beverages,9.0,4.9,8.29,3
2023-09-28,103,Beverages_Product_3,Beverages,9.26,4.9,9.06,3
2023-09-29,103,Beverages_Product_3,Beverages,10.1,4.9,9.43,2
2023-09-30,103,Beverages_Product_3,Beverages,8.99,4.9,9.03,3
2023-10-01,103,Beverages_Product_3,Beverages,9.23,4.9,9.35,4
2023-10-02,103,Beverages_Product_3,Beverages,8.39,4.9,10.68,4
2023-10-03,103,Beverages_Product_3,Beverages,8.52,4.9,8.28,4
2023-10-04,103,Beverages_Product_3,Beverages,8.85,4.9,9.79,3
2023-10-05,103,Beverages_Product_3,Beverages,8.42,4.9,9.01,4
2023-10-06,103,Beverages_Product_3,Beverages,9.54,4.9,8.27,2
2023-10-07,103,Beverages_Product_3,Beverages,9.16,4.9,8.35,2
2023-10-08,103,Beverages_Product_3,Beverages,9.39,4.9,10.55,3
2023-10-09,103,Beverages_Product_3,Beverages,8.69,4.9,10.36,4
2023-10-10,103,Beverages_Product_3,Beverages,8.92,4.9,10.43,4
2023-10-11,103,Beverages_Product_3,Beverages,9.6,4.9,10.67,3
2023-10-12,103,Beverages_Product_3,Beverages,10.16,4.9,8.48,2
2023-10-13,103,Beverages_Product_3,Beverages,8.46,4.9,8.9,3
2023-10-14,103,Beverages_Product_3,Beverages,10.02,4.9,9.77,3
2023-10-15,103,Beverages_Product_3,Beverages,9.44,4.9,9.25,3
2023-10-16,103,Beverages_Product_3,Beverages,9.42,4.9,9.07,2
2023-10-17,103,Beverages_Product_3,Beverages,9.3,4.9,8.9,3
2023-10-18,103,Beverages_Product_3,Beverages,8.5,4.9,9.56,3
2023-10-19,103,Beverages_Product_3,Beverages,8.54,4.9,9.51,4
2023-10-20,103,Beverages_Product_3,Beverages,9.49,4.9,8.35,2
2023-10-21,103,Beverages_Product_3,Beverages,9.0,4.9,9.22,3
2023-10-22,103,Beverages_Product_3,Beverages,10.07,4.9,9.45,3
2023-10-23,103,Beverages_Product_3,Beverages,9.12,4.9,9.49,3
2023-10-24,103,Beverages_Product_3,Beverages,8.63,4.9,8.49,4
2023-10-25,103,Beverages_Product_3,Beverages,9.7,4.9,9.97,3
2023-10-26,103,Beverages_Product_3,Beverages,8.91,4.9,7.97,3
2023-10-27,103,Beverages_Product_3,Beverages,9.35,4.9,8.89,2
2023-10-28,103,Beverages_Product_3,Beverages,9.67,4.9,10.08,3
2023-10-29,103,Beverages_Product_3,Beverages,10.04,4.9,9.48,3
2023-10-30,103,Beverages_Product_3,Beverages,9.84,4.9,8.63,3
2023-10-31,103,Beverages_Product_3,Beverages,9.63,4.9,9.84,3
2023-11-01,103,Beverages_Product_3,Beverages,9.63,4.9,9.49,3
2023-11-02,103,Beverages_Product_3,Beverages,10.13,4.9,10.12,3
2023-11-03,103,Beverages_Product_3,Beverages,8.92,4.9,9.95,3
2023-11-04,103,Beverages_Product_3,Beverages,8.37,4.9,9.61,4
2023-11-05,103,Beverages_Product_3,Beverages,8.87,4.9,9.27,4
2023-11-06,103,Beverages_Product_3,Beverages,8.77,4.9,8.28,3
2023-11-07,103,Beverages_Product_3,Beverages,9.6,4.9,8.63,3
2023-11-08,103,Beverages_Product_3,Beverages,9.55,4.9,9.07,3
2023-11-09,103,Beverages_Product_3,Beverages,9.47,4.9,9.58,3
2023-11-10,103,Beverages_Product_3,Beverages,8.4,4.9,9.34,3
2023-11-11,103,Beverages_Product_3,Beverages,9.72,4.9,8.71,3
2023-11-12,103,Beverages_Product_3,Beverages,8.97,4.9,7.92,3
2023-11-13,103,Beverages_Product_3,Beverages,9.61,4.9,9.29,2
2023-11-14,103,Beverages_Product_3,Beverages,9.4,4.9,8.7,3
2023-11-15,103,Beverages_Product_3,Beverages,9.01,4.9,9.95,4
2023-11-16,103,Beverages_Product_3,Beverages,8.62,4.9,7.97,3
2023-11-17,103,Beverages_Product_3,Beverages,8.54,4.9,9.53,3
2023-11-18,103,Beverages_Product_3,Beverages,9.91,4.9,10.53,3
2023-11-19,103,Beverages_Product_3,Beverages,10.08,4.9,8.39,2
2023-11-20,103,Beverages_Product_3,Beverages,9.58,4.9,9.22,3
2023-11-21,103,Beverages_Product_3,Beverages,8.56,4.9,8.16,4
2023-11-22,103,Beverages_Product_3,Beverages,9.12,4.9,9.65,3
2023-11-23,103,Beverages_Product_3,Beverages,9.72,4.9,9.44,4
2023-11-24,103,Beverages_Product_3,Beverages,9.82,4.9,9.04,3
2023-11-25,103,Beverages_Product_3,Beverages,8.59,4.9,9.36,3
2023-11-26,103,Beverages_Product_3,Beverages,8.37,4.9,10.4,3
2023-11-27,103,Beverages_Product_3,Beverages,9.69,4.9,8.45,3
2023-11-28,103,Beverages_Product_3,Beverages,9.03,4.9,7.97,3
2023-11-29,103,Beverages_Product_3,Beverages,8.84,4.9,10.31,4
2023-11-30,103,Beverages_Product_3,Beverages,8.39,4.9,9.51,4
2023-12-01,103,Beverages_Product_3,Beverages,9.37,4.9,10.39,3
2023-12-02,103,Beverages_Product_3,Beverages,9.95,4.9,9.57,3
2023-12-03,103,Beverages_Product_3,Beverages,10.15,4.9,10.16,3
2023-12-04,103,Beverages_Product_3,Beverages,9.42,4.9,9.1,3
2023-12-05,103,Beverages_Product_3,Beverages,9.33,4.9,10.0,4
2023-12-06,103,Beverages_Product_3,Beverages,8.53,4.9,10.45,4
2023-12-07,103,Beverages_Product_3,Beverages,9.39,4.9,9.5,3
2023-12-08,103,Beverages_Product_3,Beverages,9.08,4.9,8.41,3
2023-12-09,103,Beverages_Product_3,Beverages,9.5,4.9,8.65,3
2023-12-10,103,Beverages_Product_3,Beverages,9.09,4.9,8.46,3
2023-12-11,103,Beverages_Product_3,Beverages,8.82,4.9,8.59,3
2023-12-12,103,Beverages_Product_3,Beverages,8.55,4.9,8.76,3
2023-12-13,103,Beverages_Product_3,Beverages,8.95,4.9,9.45,3
2023-12-14,103,Beverages_Product_3,Beverages,8.55,4.9,9.54,4
2023-12-15,103,Beverages_Product_3,Beverages,8.7,4.9,9.09,3
2023-12-16,103,Beverages_Product_3,Beverages,10.2,4.9,9.62,2
2023-12-17,103,Beverages_Product_3,Beverages,9.19,4.9,8.13,3
2023-12-18,103,Beverages_Product_3,Beverages,9.36,4.9,8.15,3
2023-12-19,103,Beverages_Product_3,Beverages,9.99,4.9,8.38,3
2023-12-20,103,Beverages_Product_3,Beverages,10.22,4.9,9.35,3
2023-12-21,103,Beverages_Product_3,Beverages,9.45,4.9,8.5,3
2023-12-22,103,Beverages_Product_3,Beverages,9.88,4.9,8.69,2
2023-12-23,103,Beverages_Product_3,Beverages,8.98,4.9,9.02,4
2023-12-24,103,Beverages_Product_3,Beverages,8.94,4.9,10.17,3
2023-12-25,103,Beverages_Product_3,Beverages,9.12,4.9,7.94,4
2023-12-26,103,Beverages_Product_3,Beverages,9.62,4.9,9.71,3
2023-12-27,103,Beverages_Product_3,Beverages,9.64,4.9,9.77,3
2023-12-28,103,Beverages_Product_3,Beverages,8.95,4.9,10.13,3
2023-12-29,103,Beverages_Product_3,Beverages,8.62,4.9,10.51,4
2023-12-30,103,Beverages_Product_3,Beverages,9.54,4.9,7.96,3
2023-12-31,103,Beverages_Product_3,Beverages,8.61,4.9,8.33,4
2024-01-01,103,Beverages_Product_3,Beverages,9.44,4.9,10.38,3
2023-01-01,104,Beverages_Product_4,Beverages,14.85,9.4,14.79,4
2023-01-02,104,Beverages_Product_4,Beverages,12.77,9.4,12.24,5
2023-01-03,104,Beverages_Product_4,Beverages,14.4,9.4,11.69,4
2023-01-04,104,Beverages_Product_4,Beverages,13.9,9.4,11.73,5
2023-01-05,104,Beverages_Product_4,Beverages,13.09,9.4,14.06,6
2023-01-06,104,Beverages_Product_4,Beverages,13.64,9.4,13.52,4
2023-01-07,104,Beverages_Product_4,Beverages,13.25,9.4,13.78,5
2023-01-08,104,Beverages_Product_4,Beverages,13.93,9.4,11.68,5
2023-01-09,104,Beverages_Product_4,Beverages,14.77,9.4,13.39,4
2023-01-10,104,Beverages_Product_4,Beverages,13.9,9.4,14.6,4
2023-01-11,104,Beverages_Product_4,Beverages,14.07,9.4,13.47,5
2023-01-12,104,Beverages_Product_4,Beverages,13.76,9.4,14.66,5
2023-01-13,104,Beverages_Product_4,Beverages,12.48,9.4,12.61,6
2023-01-14,104,Beverages_Product_4,Beverages,12.98,9.4,15.0,6
2023-01-15,104,Beverages_Product_4,Beverages,13.69,9.4,14.07,5
2023-01-16,104,Beverages_Product_4,Beverages,13.19,9.4,12.52,5
2023-01-17,104,Beverages_Product_4,Beverages,12.84,9.4,12.63,6
2023-01-18,104,Beverages_Product_4,Beverages,13.72,9.4,14.23,6
2023-01-19,104,Beverages_Product_4,Beverages,13.22,9.4,15.06,5
2023-01-20,104,Beverages_Product_4,Beverages,13.04,9.4,13.36,6
2023-01-21,104,Beverages_Product_4,Beverages,13.61,9.4,12.71,5
2023-01-22,104,Beverages_Product_4,Beverages,12.7,9.4,15.22,6
2023-01-23,104,Beverages_Product_4,Beverages,14.88,9.4,14.4,4
2023-01-24,104,Beverages_Product_4,Beverages,14.72,9.4,13.49,4
2023-01-25,104,Beverages_Product_4,Beverages,14.28,9.4,13.66,4
2023-01-26,104,Beverages_Product_4,Beverages,12.63,9.4,12.49,5
2023-01-27,104,Beverages_Product_4,Beverages,14.46,9.4,14.23,5
2023-01-28,104,Beverages_Product_4,Beverages,14.55,9.4,13.13,4
2023-01-29,104,Beverages_Product_4,Beverages,14.44,9.4,15.75,6
2023-01-30,104,Beverages_Product_4,Beverages,12.65,9.4,13.63,6
2023-01-31,104,Beverages_Product_4,Beverages,14.1,9.4,13.65,6
2023-02-01,104,Beverages_Product_4,Beverages,14.62,9.4,13.98,5
2023-02-02,104,Beverages_Product_4,Beverages,13.92,9.4,15.42,5
2023-02-03,104,Beverages_Product_4,Beverages,14.11,9.4,14.95,5
2023-02-04,104,Beverages_Product_4,Beverages,13.59,9.4,13.51,5
2023-02-05,104,Beverages_Product_4,Beverages,13.79,9.4,14.61,5
2023-02-06,104,Beverages_Product_4,Beverages,12.43,9.4,14.06,6
2023-02-07,104,Beverages_Product_4,Beverages,14.09,9.4,13.68,5
2023-02-08,104,Beverages_Product_4,Beverages,12.56,9.4,12.44,5
2023-02-09,104,Beverages_Product_4,Beverages,13.53,9.4,13.56,5
2023-02-10,104,Beverages_Product_4,Beverages,13.14,9.4,12.66,5
2023-02-11,104,Beverages_Product_4,Beverages,13.83,9.4,15.41,6
2023-02-12,104,Beverages_Product_4,Beverages,12.7,9.4,13.03,7
2023-02-13,104,Beverages_Product_4,Beverages,14.23,9.4,15.57,6
2023-02-14,104,Beverages_Product_4,Beverages,14.52,9.4,13.84,4
2023-02-15,104,Beverages_Product_4,Beverages,12.78,9.4,14.25,6
2023-02-16,104,Beverages_Product_4,Beverages,12.62,9.4,13.88,7
2023-02-17,104,Beverages_Product_4,Beverages,12.74,9.4,12.18,5
2023-02-18,104,Beverages_Product_4,Beverages,14.74,9.4,13.2,5
2023-02-19,104,Beverages_Product_4,Beverages,13.79,9.4,12.06,5
2023-02-20,104,Beverages_Product_4,Beverages,13.62,9.4,14.21,6
2023-02-21,104,Beverages_Product_4,Beverages,12.63,9.4,13.49,6
2023-02-22,104,Beverages_Product_4,Beverages,14.12,9.4,14.85,5
2023-02-23,104,Beverages_Product_4,Beverages,14.72,9.4,12.56,5
2023-02-24,104,Beverages_Product_4,Beverages,14.61,9.4,12.33,6
2023-02-25,104,Beverages_Product_4,Beverages,14.05,9.4,13.32,5
2023-02-26,104,Beverages_Product_4,Beverages,12.54,9.4,15.46,6
2023-02-27,104,Beverages_Product_4,Beverages,12.65,9.4,14.57,6
2023-02-28,104,Beverages_Product_4,Beverages,12.47,9.4,13.37,5
2023-03-01,104,Beverages_Product_4,Beverages,13.04,9.4,13.78,5
2023-03-02,104,Beverages_Product_4,Beverages,12.71,9.4,12.0,6
2023-03-03,104,Beverages_Product_4,Beverages,13.05,9.4,15.7,5
2023-03-04,104,Beverages_Product_4,Beverages,13.39,9.4,14.39,6
2023-03-05,104,Beverages_Product_4,Beverages,14.92,9.4,12.83,4
2023-03-06,104,Beverages_Product_4,Beverages,14.01,9.4,14.06,5
2023-03-07,104,Beverages_Product_4,Beverages,14.63,9.4,12.1,5
2023-03-08,104,Beverages_Product_4,Beverages,14.28,9.4,15.62,5
2023-03-09,104,Beverages_Product_4,Beverages,12.65,9.4,12.37,5
2023-03-10,104,Beverages_Product_4,Beverages,14.35,9.4,14.32,6
2023-03-11,104,Beverages_Product_4,Beverages,13.09,9.4,12.66,5
2023-03-12,104,Beverages_Product_4,Beverages,14.09,9.4,14.6,5
2023-03-13,104,Beverages_Product_4,Beverages,13.27,9.4,14.85,4
2023-03-14,104,Beverages_Product_4,Beverages,15.07,9.4,14.42,5
2023-03-15,104,Beverages_Product_4,Beverages,13.06,9.4,14.18,7
2023-03-16,104,Beverages_Product_4,Beverages,13.1,9.4,15.32,4
2023-03-17,104,Beverages_Product_4,Beverages,14.89,9.4,11.98,4
2023-03-18,104,Beverages_Product_4,Beverages,12.4,9.4,13.01,6
2023-03-19,104,Beverages_Product_4,Beverages,14.25,9.4,12.67,4
2023-03-20,104,Beverages_Product_4,Beverages,14.33,9.4,15.71,5
2023-03-21,104,Beverages_Product_4,Beverages,14.63,9.4,13.25,6
2023-03-22,104,Beverages_Product_4,Beverages,15.01,9.4,14.66,6
2023-03-23,104,Beverages_Product_4,Beverages,15.01,9.4,14.47,5
2023-03-24,104,Beverages_Product_4,Beverages,12.52,9.4,12.52,5
2023-03-25,104,Beverages_Product_4,Beverages,14.59,9.4,12.63,4
2023-03-26,104,Beverages_Product_4,Beverages,14.11,9.4,12.81,5
2023-03-27,104,Beverages_Product_4,Beverages,14.11,9.4,13.34,6
2023-03-28,104,Beverages_Product_4,Beverages,12.69,9.4,12.62,7
2023-03-29,104,Beverages_Product_4,Beverages,14.12,9.4,11.73,5
2023-03-30,104,Beverages_Product_4,Beverages,15.03,9.4,15.27,5
2023-03-31,104,Beverages_Product_4,Beverages,14.84,9.4,15.62,5
2023-04-01,104,Beverages_Product_4,Beverages,13.54,9.4,13.06,7
2023-04-02,104,Beverages_Product_4,Beverages,12.45,9.4,13.04,6
2023-04-03,104,Beverages_Product_4,Beverages,13.33,9.4,11.68,5
2023-04-04,104,Beverages_Product_4,Beverages,14.6,9.4,14.45,5
2023-04-05,104,Beverages_Product_4,Beverages,14.26,9.4,15.05,5
2023-04-06,104,Beverages_Product_4,Beverages,13.6,9.4,12.25,4
2023-04-07,104,Beverages_Product_4,Beverages,12.49,9.4,12.31,6
2023-04-08,104,Beverages_Product_4,Beverages,13.51,9.4,14.9,7
2023-04-09,104,Beverages_Product_4,Beverages,13.62,9.4,14.19,5
2023-04-10,104,Beverages_Product_4,Beverages,14.88,9.4,11.84,5
2023-04-11,104,Beverages_Product_4,Beverages,14.09,9.4,14.21,5
2023-04-12,104,Beverages_Product_4,Beverages,13.19,9.4,12.92,6
