data/raw/retail_transactions.csv
date,sku_id,product_name,category,price,cost,competitor_price,quantity_sold
2023-04-13,104,Beverages_Product_4,Beverages,13.78,9.4,13.17,5
2023-04-14,104,Beverages_Product_4,Beverages,12.52,9.4,14.82,5
2023-04-15,104,Beverages_Product_4,Beverages,15.0,9.4,14.99,4
2023-04-16,104,Beverages_Product_4,Beverages,13.32,9.4,13.3,5
2023-04-17,104,Beverages_Product_4,Beverages,13.65,9.4,15.55,6
2023-04-18,104,Beverages_Product_4,Beverages,13.31,9.4,13.32,6
2023-04-19,104,Beverages_Product_4,Beverages,14.21,9.4,14.83,5
2023-04-20,104,Beverages_Product_4,Beverages,14.15,9.4,13.64,6
2023-04-21,104,Beverages_Product_4,Beverages,14.3,9.4,15.34,5
2023-04-22,104,Beverages_Product_4,Beverages,13.07,9.4,15.38,6
2023-04-23,104,Beverages_Product_4,Beverages,13.2,9.4,12.01,5
2023-04-24,104,Beverages_Product_4,Beverages,12.68,9.4,15.5,6
2023-04-25,104,Beverages_Product_4,Beverages,14.13,9.4,15.05,5
2023-04-26,104,Beverages_Product_4,Beverages,12.45,9.4,14.91,6
2023-04-27,104,Beverages_Product_4,Beverages,13.98,9.4,12.48,6
2023-04-28,104,Beverages_Product_4,Beverages,14.72,9.4,14.96,5
2023-04-29,104,Beverages_Product_4,Beverages,14.78,9.4,15.15,5
2023-04-30,104,Beverages_Product_4,Beverages,13.57,9.4,12.84,6
2023-05-01,104,Beverages_Product_4,Beverages,13.6,9.4,15.57,6
2023-05-02,104,Beverages_Product_4,Beverages,12.55,9.4,11.86,6
2023-05-03,104,Beverages_Product_4,Beverages,14.18,9.4,12.27,5
2023-05-04,104,Beverages_Product_4,Beverages,14.59,9.4,13.86,5
2023-05-05,104,Beverages_Product_4,Beverages,13.01,9.4,14.02,5
2023-05-06,104,Beverages_Product_4,Beverages,13.49,9.4,14.3,5
2023-05-07,104,Beverages_Product_4,Beverages,14.64,9.4,11.72,4
2023-05-08,104,Beverages_Product_4,Beverages,14.74,9.4,15.6,4
2023-05-09,104,Beverages_Product_4,Beverages,13.0,9.4,11.84,4
2023-05-10,104,Beverages_Product_4,Beverages,13.85,9.4,12.24,6
2023-05-11,104,Beverages_Product_4,Beverages,12.86,9.4,11.71,5
2023-05-12,104,Beverages_Product_4,Beverages,12.62,9.4,13.98,5
2023-05-13,104,Beverages_Product_4,Beverages,14.84,9.4,15.49,5
2023-05-14,104,Beverages_Product_4,Beverages,14.59,9.4,14.39,6
2023-05-15,104,Beverages_Product_4,Beverages,14.42,9.4,15.03,5
2023-05-16,104,Beverages_Product_4,Beverages,12.47,9.4,11.71,6
2023-05-17,104,Beverages_Product_4,Beverages,14.65,9.4,13.88,5
2023-05-18,104,Beverages_Product_4,Beverages,13.54,9.4,13.54,6
2023-05-19,104,Beverages_Product_4,Beverages,13.28,9.4,13.7,5
2023-05-20,104,Beverages_Product_4,Beverages,13.84,9.4,11.95,5
2023-05-21,104,Beverages_Product_4,Beverages,12.59,9.4,14.47,6
2023-05-22,104,Beverages_Product_4,Beverages,14.41,9.4,13.72,4
2023-05-23,104,Beverages_Product_4,Beverages,13.93,9.4,14.8,6
2023-05-24,104,Beverages_Product_4,Beverages,12.85,9.4,13.65,7
2023-05-25,104,Beverages_Product_4,Beverages,12.85,9.4,12.27,5
2023-05-26,104,Beverages_Product_4,Beverages,12.84,9.4,14.32,6
2023-05-27,104,Beverages_Product_4,Beverages,12.49,9.4,12.36,5
2023-05-28,104,Beverages_Product_4,Beverages,13.95,9.4,15.24,5
2023-05-29,104,Beverages_Product_4,Beverages,14.64,9.4,14.17,5
2023-05-30,104,Beverages_Product_4,Beverages,12.39,9.4,12.3,5
2023-05-31,104,Beverages_Product_4,Beverages,12.47,9.4,15.61,6
2023-06-01,104,Beverages_Product_4,Beverages,13.91,9.4,13.78,4
2023-06-02,104,Beverages_Product_4,Beverages,14.58,9.4,11.95,4
2023-06-03,104,Beverages_Product_4,Beverages,13.23,9.4,14.23,4
2023-06-04,104,Beverages_Product_4,Beverages,13.3,9.4,12.69,5
2023-06-05,104,Beverages_Product_4,Beverages,13.97,9.4,14.96,5
2023-06-06,104,Beverages_Product_4,Beverages,13.09,9.4,15.01,5
2023-06-07,104,Beverages_Product_4,Beverages,12.41,9.4,15.68,6
2023-06-08,104,Beverages_Product_4,Beverages,14.35,9.4,13.72,4
2023-06-09,104,Beverages_Product_4,Beverages,14.05,9.4,13.52,6
2023-06-10,104,Beverages_Product_4,Beverages,13.93,9.4,14.75,5
2023-06-11,104,Beverages_Product_4,Beverages,14.37,9.4,12.2,4
2023-06-12,104,Beverages_Product_4,Beverages,14.19,9.4,13.9,5
2023-06-13,104,Beverages_Product_4,Beverages,12.9,9.4,13.9,5
2023-06-14,104,Beverages_Product_4,Beverages,13.3,9.4,12.02,4
2023-06-15,104,Beverages_Product_4,Beverages,12.68,9.4,13.37,5
2023-06-16,104,Beverages_Product_4,Beverages,12.69,9.4,15.16,4
2023-06-17,104,Beverages_Product_4,Beverages,14.19,9.4,15.17,4
2023-06-18,104,Beverages_Product_4,Beverages,14.69,9.4,12.06,5
2023-06-19,104,Beverages_Product_4,Beverages,14.98,9.4,12.02,4
2023-06-20,104,Beverages_Product_4,Beverages,14.06,9.4,12.73,5
2023-06-21,104,Beverages_Product_4,Beverages,12.84,9.4,15.25,6
2023-06-22,104,Beverages_Product_4,Beverages,12.63,9.4,12.18,5
2023-06-23,104,Beverages_Product_4,Beverages,14.57,9.4,14.61,5
2023-06-24,104,Beverages_Product_4,Beverages,13.92,9.4,12.07,4
2023-06-25,104,Beverages_Product_4,Beverages,14.03,9.4,14.21,4
2023-06-26,104,Beverages_Product_4,Beverages,14.48,9.4,13.12,4
2023-06-27,104,Beverages_Product_4,Beverages,14.27,9.4,14.9,5
2023-06-28,104,Beverages_Product_4,Beverages,14.62,9.4,12.61,5
2023-06-29,104,Beverages_Product_4,Beverages,12.49,9.4,14.28,6
2023-06-30,104,Beverages_Product_4,Beverages,14.39,9.4,12.62,5
2023-07-01,104,Beverages_Product_4,Beverages,14.67,9.4,14.59,4
2023-07-02,104,Beverages_Product_4,Beverages,13.12,9.4,15.24,6
2023-07-03,104,Beverages_Product_4,Beverages,14.09,9.4,12.17,6
2023-07-04,104,Beverages_Product_4,Beverages,13.2,9.4,15.22,4
2023-07-05,104,Beverages_Product_4,Beverages,14.96,9.4,14.09,4
2023-07-06,104,Beverages_Product_4,Beverages,12.43,9.4,12.17,5
2023-07-07,104,Beverages_Product_4,Beverages,13.93,9.4,13.41,5
2023-07-08,104,Beverages_Product_4,Beverages,12.79,9.4,12.31,5
2023-07-09,104,Beverages_Product_4,Beverages,14.29,9.4,14.53,5
2023-07-10,104,Beverages_Product_4,Beverages,12.82,9.4,14.77,5
2023-07-11,104,Beverages_Product_4,Beverages,12.98,9.4,12.09,5
2023-07-12,104,Beverages_Product_4,Beverages,13.69,9.4,13.73,5
2023-07-13,104,Beverages_Product_4,Beverages,14.85,9.4,15.0,5
2023-07-14,104,Beverages_Product_4,Beverages,12.92,9.4,15.5,6
2023-07-15,104,Beverages_Product_4,Beverages,12.73,9.4,13.76,5
2023-07-16,104,Beverages_Product_4,Beverages,14.42,9.4,15.56,5
2023-07-17,104,Beverages_Product_4,Beverages,13.71,9.4,13.85,4
2023-07-18,104,Beverages_Product_4,Beverages,14.84,9.4,13.27,4
2023-07-19,104,Beverages_Product_4,Beverages,12.74,9.4,15.14,5
2023-07-20,104,Beverages_Product_4,Beverages,14.11,9.4,13.68,4
2023-07-21,104,Beverages_Product_4,Beverages,12.98,9.4,13.59,5
2023-07-22,104,Beverages_Product_4,Beverages,12.77,9.4,13.67,5
2023-07-23,104,Beverages_Product_4,Beverages,14.21,9.4,15.13,5
2023-07-24,104,Beverages_Product_4,Beverages,13.96,9.4,15.07,5
2023-07-25,104,Beverages_Product_4,Beverages,14.41,9.4,13.31,4
2023-07-26,104,Beverages_Product_4,Beverages,13.19,9.4,13.02,5
2023-07-27,104,Beverages_Product_4,Beverages,13.57,9.4,13.67,4
2023-07-28,104,Beverages_Product_4,Beverages,13.45,9.4,14.01,5
2023-07-29,104,Beverages_Product_4,Beverages,15.04,9.4,12.63,5
2023-07-30,104,Beverages_Product_4,Beverages,13.14,9.4,14.92,5
2023-07-31,104,Beverages_Product_4,Beverages,13.15,9.4,13.65,5
2023-08-01,104,Beverages_Product_4,Beverages,13.31,9.4,13.03,5
2023-08-02,104,Beverages_Product_4,Beverages,13.89,9.4,12.09,5
2023-08-03,104,Beverages_Product_4,Beverages,13.03,9.4,12.63,5
2023-08-04,104,Beverages_Product_4,Beverages,14.85,9.4,15.56,4
2023-08-05,104,Beverages_Product_4,Beverages,13.07,9.4,12.91,5
2023-08-06,104,Beverages_Product_4,Beverages,14.79,9.4,12.35,4
2023-08-07,104,Beverages_Product_4,Beverages,12.62,9.4,13.55,6
2023-08-08,104,Beverages_Product_4,Beverages,14.14,9.4,12.91,4
2023-08-09,104,Beverages_Product_4,Beverages,14.82,9.4,11.8,4
2023-08-10,104,Beverages_Product_4,Beverages,12.8,9.4,12.98,5
2023-08-11,104,Beverages_Product_4,Beverages,14.99,9.4,13.89,3
2023-08-12,104,Beverages_Product_4,Beverages,13.58,9.4,13.92,4
2023-08-13,104,Beverages_Product_4,Beverages,14.93,9.4,13.12,4
2023-08-14,104,Beverages_Product_4,Beverages,14.19,9.4,13.49,5
2023-08-15,104,Beverages_Product_4,Beverages,13.16,9.4,15.62,5
2023-08-16,104,Beverages_Product_4,Beverages,12.85,9.4,13.2,4
2023-08-17,104,Beverages_Product_4,Beverages,13.17,9.4,12.71,4
2023-08-18,104,Beverages_Product_4,Beverages,12.59,9.4,12.65,4
2023-08-19,104,Beverages_Product_4,Beverages,12.73,9.4,13.53,5
2023-08-20,104,Beverages_Product_4,Beverages,12.62,9.4,14.78,5
2023-08-21,104,Beverages_Product_4,Beverages,13.5,9.4,12.5,4
2023-08-22,104,Beverages_Product_4,Beverages,14.52,9.4,14.57,4
2023-08-23,104,Beverages_Product_4,Beverages,12.72,9.4,11.74,5
2023-08-24,104,Beverages_Product_4,Beverages,12.69,9.4,13.37,5
2023-08-25,104,Beverages_Product_4,Beverages,14.1,9.4,14.84,4
2023-08-26,104,Beverages_Product_4,Beverages,12.88,9.4,13.04,5
2023-08-27,104,Beverages_Product_4,Beverages,12.6,9.4,13.97,5
2023-08-28,104,Beverages_Product_4,Beverages,12.79,9.4,12.49,5
2023-08-29,104,Beverages_Product_4,Beverages,14.87,9.4,14.7,4
2023-08-30,104,Beverages_Product_4,Beverages,14.59,9.4,11.87,5
2023-08-31,104,Beverages_Product_4,Beverages,13.31,9.4,15.16,5
2023-09-01,104,Beverages_Product_4,Beverages,14.14,9.4,12.47,4
2023-09-02,104,Beverages_Product_4,Beverages,13.81,9.4,15.25,4
2023-09-03,104,Beverages_Product_4,Beverages,14.19,9.4,13.1,4
2023-09-04,104,Beverages_Product_4,Beverages,14.21,9.4,14.62,4
2023-09-05,104,Beverages_Product_4,Beverages,14.06,9.4,12.96,4
2023-09-06,104,Beverages_Product_4,Beverages,13.07,9.4,15.38,4
2023-09-07,104,Beverages_Product_4,Beverages,12.44,9.4,12.17,5
2023-09-08,104,Beverages_Product_4,Beverages,13.59,9.4,12.39,4
2023-09-09,104,Beverages_Product_4,Beverages,14.78,9.4,13.68,5
2023-09-10,104,Beverages_Product_4,Beverages,13.9,9.4,11.99,4
2023-09-11,104,Beverages_Product_4,Beverages,14.62,9.4,12.46,3
2023-09-12,104,Beverages_Product_4,Beverages,15.06,9.4,15.53,4
2023-09-13,104,Beverages_Product_4,Beverages,12.79,9.4,15.67,5
2023-09-14,104,Beverages_Product_4,Beverages,14.23,9.4,13.2,4
2023-09-15,104,Beverages_Product_4,Beverages,14.19,9.4,15.45,5
2023-09-16,104,Beverages_Product_4,Beverages,15.02,9.4,13.89,4
2023-09-17,104,Beverages_Product_4,Beverages,15.04,9.4,12.76,3
2023-09-18,104,Beverages_Product_4,Beverages,14.22,9.4,14.54,4
2023-09-19,104,Beverages_Product_4,Beverages,13.01,9.4,14.36,4
2023-09-20,104,Beverages_Product_4,Beverages,14.53,9.4,15.72,4
2023-09-21,104,Beverages_Product_4,Beverages,12.63,9.4,12.74,5
2023-09-22,104,Beverages_Product_4,Beverages,14.48,9.4,14.42,3
2023-09-23,104,Beverages_Product_4,Beverages,14.83,9.4,11.87,3
2023-09-24,104,Beverages_Product_4,Beverages,13.39,9.4,12.12,6
2023-09-25,104,Beverages_Product_4,Beverages,14.07,9.4,11.67,5
2023-09-26,104,Beverages_Product_4,Beverages,13.52,9.4,15.76,4
2023-09-27,104,Beverages_Product_4,Beverages,13.54,9.4,14.95,5
2023-09-28,104,Beverages_Product_4,Beverages,13.19,9.4,14.89,4
2023-09-29,104,Beverages_Product_4,Beverages,14.43,9.4,13.75,4
2023-09-30,104,Beverages_Product_4,Beverages,14.9,9.4,12.89,3
2023-10-01,104,Beverages_Product_4,Beverages,14.92,9.4,12.27,4
2023-10-02,104,Beverages_Product_4,Beverages,12.82,9.4,12.82,5
2023-10-03,104,Beverages_Product_4,Beverages,14.74,9.4,13.2,4
2023-10-04,104,Beverages_Product_4,Beverages,14.36,9.4,14.76,3
2023-10-05,104,Beverages_Product_4,Beverages,13.03,9.4,13.87,5
2023-10-06,104,Beverages_Product_4,Beverages,12.52,9.4,11.97,6
2023-10-07,104,Beverages_Product_4,Beverages,13.07,9.4,11.73,3
2023-10-08,104,Beverages_Product_4,Beverages,14.84,9.4,12.07,4
2023-10-09,104,Beverages_Product_4,Beverages,14.07,9.4,13.34,4
2023-10-10,104,Beverages_Product_4,Beverages,14.31,9.4,15.49,4
2023-10-11,104,Beverages_Product_4,Beverages,13.04,9.4,14.27,4
2023-10-12,104,Beverages_Product_4,Beverages,14.31,9.4,14.95,4
2023-10-13,104,Beverages_Product_4,Beverages,12.41,9.4,13.57,5
2023-10-14,104,Beverages_Product_4,Beverages,13.37,9.4,13.14,5
2023-10-15,104,Beverages_Product_4,Beverages,14.06,9.4,12.1,4
2023-10-16,104,Beverages_Product_4,Beverages,12.74,9.4,15.25,5
2023-10-17,104,Beverages_Product_4,Beverages,14.59,9.4,14.87,3
2023-10-18,104,Beverages_Product_4,Beverages,12.98,9.4,12.34,5
2023-10-19,104,Beverages_Product_4,Beverages,14.13,9.4,13.76,5
2023-10-20,104,Beverages_Product_4,Beverages,13.45,9.4,13.66,4
2023-10-21,104,Beverages_Product_4,Beverages,13.97,9.4,14.22,4
2023-10-22,104,Beverages_Product_4,Beverages,12.63,9.4,15.54,5
2023-10-23,104,Beverages_Product_4,Beverages,12.38,9.4,14.04,5
2023-10-24,104,Beverages_Product_4,Beverages,14.83,9.4,13.87,4
2023-10-25,104,Beverages_Product_4,Beverages,13.08,9.4,11.86,4
2023-10-26,104,Beverages_Product_4,Beverages,14.58,9.4,11.91,4
2023-10-27,104,Beverages_Product_4,Beverages,15.08,9.4,12.42,4
2023-10-28,104,Beverages_Product_4,Beverages,12.92,9.4,11.79,5
2023-10-29,104,Beverages_Product_4,Beverages,13.06,9.4,14.71,6
2023-10-30,104,Beverages_Product_4,Beverages,14.15,9.4,14.63,4
2023-10-31,104,Beverages_Product_4,Beverages,14.98,9.4,12.21,4
2023-11-01,104,Beverages_Product_4,Beverages,14.85,9.4,15.09,4
2023-11-02,104,Beverages_Product_4,Beverages,13.72,9.4,12.29,5
2023-11-03,104,Beverages_Product_4,Beverages,14.52,9.4,12.89,4
2023-11-04,104,Beverages_Product_4,Beverages,12.71,9.4,12.68,5
2023-11-05,104,Beverages_Product_4,Beverages,15.02,9.4,13.18,4
2023-11-06,104,Beverages_Product_4,Beverages,14.98,9.4,12.7,4
2023-11-07,104,Beverages_Product_4,Beverages,12.79,9.4,13.66,4
2023-11-08,104,Beverages_Product_4,Beverages,13.16,9.4,13.33,5
2023-11-09,104,Beverages_Product_4,Beverages,12.61,9.4,15.71,4
2023-11-10,104,Beverages_Product_4,Beverages,13.08,9.4,11.88,5
2023-11-11,104,Beverages_Product_4,Beverages,14.57,9.4,12.24,4
2023-11-12,104,Beverages_Product_4,Beverages,13.37,9.4,11.87,3
2023-11-13,104,Beverages_Product_4,Beverages,12.58,9.4,14.23,5
2023-11-14,104,Beverages_Product_4,Beverages,13.28,9.4,11.88,5
2023-11-15,104,Beverages_Product_4,Beverages,15.03,9.4,15.09,4
2023-11-16,104,Beverages_Product_4,Beverages,14.06,9.4,13.76,3
2023-11-17,104,Beverages_Product_4,Beverages,13.48,9.4,13.82,5
2023-11-18,104,Beverages_Product_4,Beverages,12.79,9.4,13.96,5
2023-11-19,104,Beverages_Product_4,Beverages,15.04,9.4,12.35,4
2023-11-20,104,Beverages_Product_4,Beverages,14.59,9.4,12.46,4
2023-11-21,104,Beverages_Product_4,Beverages,13.11,9.4,12.96,5
2023-11-22,104,Beverages_Product_4,Beverages,12.53,9.4,14.09,6
2023-11-23,104,Beverages_Product_4,Beverages,12.49,9.4,12.52,5
2023-11-24,104,Beverages_Product_4,Beverages,12.67,9.4,12.13,6
2023-11-25,104,Beverages_Product_4,Beverages,13.93,9.4,15.64,5
2023-11-26,104,Beverages_Product_4,Beverages,14.88,9.4,11.74,4
2023-11-27,104,Beverages_Product_4,Beverages,13.7,9.4,14.95,6
2023-11-28,104,Beverages_Product_4,Beverages,14.65,9.4,14.89,4
2023-11-29,104,Beverages_Product_4,Beverages,13.56,9.4,12.87,5
2023-11-30,104,Beverages_Product_4,Beverages,14.28,9.4,12.21,4
2023-12-01,104,Beverages_Product_4,Beverages,14.34,9.4,12.25,4
2023-12-02,104,Beverages_Product_4,Beverages,12.81,9.4,14.52,5
2023-12-03,104,Beverages_Product_4,Beverages,13.33,9.4,14.3,6
2023-12-04,104,Beverages_Product_4,Beverages,14.08,9.4,14.87,4
2023-12-05,104,Beverages_Product_4,Beverages,12.53,9.4,15.51,5
2023-12-06,104,Beverages_Product_4,Beverages,13.33,9.4,14.5,6
2023-12-07,104,Beverages_Product_4,Beverages,13.8,9.4,12.29,4
2023-12-08,104,Beverages_Product_4,Beverages,15.07,9.4,12.65,4
2023-12-09,104,Beverages_Product_4,Beverages,13.64,9.4,15.12,5
2023-12-10,104,Beverages_Product_4,Beverages,14.57,9.4,12.51,4
2023-12-11,104,Beverages_Product_4,Beverages,13.52,9.4,11.95,5
2023-12-12,104,Beverages_Product_4,Beverages,14.52,9.4,14.54,5
2023-12-13,104,Beverages_Product_4,Beverages,13.97,9.4,13.31,4
2023-12-14,104,Beverages_Product_4,Beverages,14.77,9.4,15.44,5
2023-12-15,104,Beverages_Product_4,Beverages,13.46,9.4,14.33,5
2023-12-16,104,Beverages_Product_4,Beverages,13.99,9.4,12.02,4
2023-12-17,104,Beverages_Product_4,Beverages,14.06,9.4,15.55,4
2023-12-18,104,Beverages_Product_4,Beverages,13.48,9.4,12.72,4
2023-12-19,104,Beverages_Product_4,Beverages,12.73,9.4,13.04,5
2023-12-20,104,Beverages_Product_4,Beverages,12.59,9.4,13.31,5
2023-12-21,104,Beverages_Product_4,Beverages,12.38,9.4,11.86,5
2023-12-22,104,Beverages_Product_4,Beverages,14.73,9.4,13.69,3
2023-12-23,104,Beverages_Product_4,Beverages,12.99,9.4,12.16,4
2023-12-24,104,Beverages_Product_4,Beverages,12.92,9.4,13.3,5
2023-12-25,104,Beverages_Product_4,Beverages,14.36,9.4,13.09,5
2023-12-26,104,Beverages_Product_4,Beverages,13.21,9.4,14.83,5
2023-12-27,104,Beverages_Product_4,Beverages,13.72,9.4,14.95,4
2023-12-28,104,Beverages_Product_4,Beverages,12.78,9.4,12.28,6
2023-12-29,104,Beverages_Product_4,Beverages,14.97,9.4,13.16,4
2023-12-30,104,Beverages_Product_4,Beverages,14.67,9.4,13.19,5
2023-12-31,104,Beverages_Product_4,Beverages,14.71,9.4,12.27,4
2024-01-01,104,Beverages_Product_4,Beverages,13.45,9.4,14.94,5
2023-01-01,105,Snacks_Product_5,Snacks,10.43,4.16,8.51,4
2023-01-02,105,Snacks_Product_5,Snacks,9.37,4.16,8.77,4
2023-01-03,105,Snacks_Product_5,Snacks,9.81,4.16,10.25,5
2023-01-04,105,Snacks_Product_5,Snacks,10.16,4.16,10.88,4
2023-01-05,105,Snacks_Product_5,Snacks,10.46,4.16,9.29,3
2023-01-06,105,Snacks_Product_5,Snacks,9.14,4.16,9.15,4
2023-01-07,105,Snacks_Product_5,Snacks,10.84,4.16,10.78,3
2023-01-08,105,Snacks_Product_5,Snacks,10.7,4.16,8.61,3
2023-01-09,105,Snacks_Product_5,Snacks,9.47,4.16,9.54,4
2023-01-10,105,Snacks_Product_5,Snacks,10.57,4.16,9.94,3
2023-01-11,105,Snacks_Product_5,Snacks,9.96,4.16,10.11,4
2023-01-12,105,Snacks_Product_5,Snacks,9.85,4.16,10.61,5
2023-01-13,105,Snacks_Product_5,Snacks,9.56,4.16,9.49,5
2023-01-14,105,Snacks_Product_5,Snacks,10.09,4.16,10.26,4
2023-01-15,105,Snacks_Product_5,Snacks,10.38,4.16,10.18,4
2023-01-16,105,Snacks_Product_5,Snacks,9.75,4.16,10.07,5
2023-01-17,105,Snacks_Product_5,Snacks,10.18,4.16,10.35,4
2023-01-18,105,Snacks_Product_5,Snacks,10.32,4.16,9.21,4
2023-01-19,105,Snacks_Product_5,Snacks,10.35,4.16,8.69,3
2023-01-20,105,Snacks_Product_5,Snacks,9.04,4.16,8.79,5
2023-01-21,105,Snacks_Product_5,Snacks,10.64,4.16,9.11,4
2023-01-22,105,Snacks_Product_5,Snacks,9.84,4.16,9.93,4
