data/raw/retail_transactions.csv
date,sku_id,product_name,category,price,cost,competitor_price,quantity_sold
2023-01-23,105,Snacks_Product_5,Snacks,9.46,4.16,10.94,5
2023-01-24,105,Snacks_Product_5,Snacks,9.41,4.16,10.53,4
2023-01-25,105,Snacks_Product_5,Snacks,9.89,4.16,10.79,4
2023-01-26,105,Snacks_Product_5,Snacks,10.69,4.16,9.48,3
2023-01-27,105,Snacks_Product_5,Snacks,9.69,4.16,9.64,4
2023-01-28,105,Snacks_Product_5,Snacks,10.42,4.16,9.61,4
2023-01-29,105,Snacks_Product_5,Snacks,9.13,4.16,9.01,4
2023-01-30,105,Snacks_Product_5,Snacks,9.88,4.16,8.62,4
2023-01-31,105,Snacks_Product_5,Snacks,10.9,4.16,10.2,4
2023-02-01,105,Snacks_Product_5,Snacks,10.46,4.16,11.38,4
2023-02-02,105,Snacks_Product_5,Snacks,9.35,4.16,8.93,4
2023-02-03,105,Snacks_Product_5,Snacks,9.93,4.16,8.58,4
2023-02-04,105,Snacks_Product_5,Snacks,9.4,4.16,10.76,6
2023-02-05,105,Snacks_Product_5,Snacks,9.75,4.16,9.19,5
2023-02-06,105,Snacks_Product_5,Snacks,10.48,4.16,10.91,4
2023-02-07,105,Snacks_Product_5,Snacks,10.47,4.16,10.53,4
2023-02-08,105,Snacks_Product_5,Snacks,9.39,4.16,11.25,5
2023-02-09,105,Snacks_Product_5,Snacks,10.77,4.16,9.66,4
2023-02-10,105,Snacks_Product_5,Snacks,10.11,4.16,10.41,3
2023-02-11,105,Snacks_Product_5,Snacks,9.69,4.16,9.82,5
2023-02-12,105,Snacks_Product_5,Snacks,9.93,4.16,10.32,4
2023-02-13,105,Snacks_Product_5,Snacks,10.14,4.16,9.78,4
2023-02-14,105,Snacks_Product_5,Snacks,10.05,4.16,9.0,6
2023-02-15,105,Snacks_Product_5,Snacks,9.9,4.16,9.95,5
2023-02-16,105,Snacks_Product_5,Snacks,9.94,4.16,10.01,4
2023-02-17,105,Snacks_Product_5,Snacks,9.28,4.16,10.85,4
2023-02-18,105,Snacks_Product_5,Snacks,10.55,4.16,10.63,5
2023-02-19,105,Snacks_Product_5,Snacks,10.01,4.16,10.41,4
2023-02-20,105,Snacks_Product_5,Snacks,9.19,4.16,8.78,4
2023-02-21,105,Snacks_Product_5,Snacks,10.46,4.16,10.58,4
2023-02-22,105,Snacks_Product_5,Snacks,10.79,4.16,9.93,5
2023-02-23,105,Snacks_Product_5,Snacks,10.82,4.16,11.1,4
2023-02-24,105,Snacks_Product_5,Snacks,9.67,4.16,11.18,5
2023-02-25,105,Snacks_Product_5,Snacks,9.2,4.16,8.6,5
2023-02-26,105,Snacks_Product_5,Snacks,9.96,4.16,10.88,4
2023-02-27,105,Snacks_Product_5,Snacks,9.16,4.16,8.55,5
2023-02-28,105,Snacks_Product_5,Snacks,10.79,4.16,9.53,4
2023-03-01,105,Snacks_Product_5,Snacks,9.3,4.16,10.05,5
2023-03-02,105,Snacks_Product_5,Snacks,9.44,4.16,8.88,5
2023-03-03,105,Snacks_Product_5,Snacks,9.74,4.16,10.66,5
2023-03-04,105,Snacks_Product_5,Snacks,9.7,4.16,8.46,4
2023-03-05,105,Snacks_Product_5,Snacks,10.51,4.16,8.94,4
2023-03-06,105,Snacks_Product_5,Snacks,9.84,4.16,10.17,5
2023-03-07,105,Snacks_Product_5,Snacks,9.27,4.16,10.57,4
2023-03-08,105,Snacks_Product_5,Snacks,9.46,4.16,11.17,5
2023-03-09,105,Snacks_Product_5,Snacks,9.95,4.16,10.54,4
2023-03-10,105,Snacks_Product_5,Snacks,9.23,4.16,10.44,5
2023-03-11,105,Snacks_Product_5,Snacks,10.15,4.16,9.61,4
2023-03-12,105,Snacks_Product_5,Snacks,10.06,4.16,8.44,4
2023-03-13,105,Snacks_Product_5,Snacks,10.35,4.16,8.8,4
2023-03-14,105,Snacks_Product_5,Snacks,10.8,4.16,10.03,4
2023-03-15,105,Snacks_Product_5,Snacks,10.75,4.16,10.45,4
2023-03-16,105,Snacks_Product_5,Snacks,10.81,4.16,9.68,4
2023-03-17,105,Snacks_Product_5,Snacks,9.42,4.16,10.61,5
2023-03-18,105,Snacks_Product_5,Snacks,9.2,4.16,9.99,5
2023-03-19,105,Snacks_Product_5,Snacks,9.53,4.16,8.66,5
2023-03-20,105,Snacks_Product_5,Snacks,10.71,4.16,9.01,4
2023-03-21,105,Snacks_Product_5,Snacks,10.86,4.16,10.94,4
2023-03-22,105,Snacks_Product_5,Snacks,10.64,4.16,10.6,5
2023-03-23,105,Snacks_Product_5,Snacks,9.15,4.16,11.1,5
2023-03-24,105,Snacks_Product_5,Snacks,10.82,4.16,8.79,4
2023-03-25,105,Snacks_Product_5,Snacks,9.77,4.16,11.39,6
2023-03-26,105,Snacks_Product_5,Snacks,8.95,4.16,9.06,5
2023-03-27,105,Snacks_Product_5,Snacks,9.81,4.16,8.47,5
2023-03-28,105,Snacks_Product_5,Snacks,9.03,4.16,11.41,5
2023-03-29,105,Snacks_Product_5,Snacks,10.01,4.16,9.27,5
2023-03-30,105,Snacks_Product_5,Snacks,9.61,4.16,10.43,4
2023-03-31,105,Snacks_Product_5,Snacks,9.87,4.16,8.96,4
2023-04-01,105,Snacks_Product_5,Snacks,10.15,4.16,10.17,4
2023-04-02,105,Snacks_Product_5,Snacks,10.66,4.16,11.13,4
2023-04-03,105,Snacks_Product_5,Snacks,10.25,4.16,9.39,4
2023-04-04,105,Snacks_Product_5,Snacks,9.8,4.16,10.43,4
2023-04-05,105,Snacks_Product_5,Snacks,10.56,4.16,9.0,5
2023-04-06,105,Snacks_Product_5,Snacks,10.73,4.16,10.3,5
2023-04-07,105,Snacks_Product_5,Snacks,9.17,4.16,9.44,4
2023-04-08,105,Snacks_Product_5,Snacks,9.99,4.16,9.07,5
2023-04-09,105,Snacks_Product_5,Snacks,9.5,4.16,9.37,4
2023-04-10,105,Snacks_Product_5,Snacks,9.03,4.16,8.97,6
2023-04-11,105,Snacks_Product_5,Snacks,10.26,4.16,11.12,4
2023-04-12,105,Snacks_Product_5,Snacks,10.65,4.16,9.62,4
2023-04-13,105,Snacks_Product_5,Snacks,9.26,4.16,9.17,5
2023-04-14,105,Snacks_Product_5,Snacks,10.55,4.16,9.77,5
2023-04-15,105,Snacks_Product_5,Snacks,10.63,4.16,9.39,3
2023-04-16,105,Snacks_Product_5,Snacks,10.75,4.16,10.65,4
2023-04-17,105,Snacks_Product_5,Snacks,9.46,4.16,11.33,6
2023-04-18,105,Snacks_Product_5,Snacks,10.73,4.16,9.74,4
2023-04-19,105,Snacks_Product_5,Snacks,9.57,4.16,11.0,7
2023-04-20,105,Snacks_Product_5,Snacks,10.03,4.16,10.12,4
2023-04-21,105,Snacks_Product_5,Snacks,9.03,4.16,8.91,6
2023-04-22,105,Snacks_Product_5,Snacks,9.02,4.16,10.49,5
2023-04-23,105,Snacks_Product_5,Snacks,10.36,4.16,9.97,5
2023-04-24,105,Snacks_Product_5,Snacks,9.82,4.16,10.38,5
2023-04-25,105,Snacks_Product_5,Snacks,9.44,4.16,11.09,5
2023-04-26,105,Snacks_Product_5,Snacks,9.31,4.16,9.75,6
2023-04-27,105,Snacks_Product_5,Snacks,10.26,4.16,11.12,4
2023-04-28,105,Snacks_Product_5,Snacks,8.94,4.16,10.67,4
2023-04-29,105,Snacks_Product_5,Snacks,10.53,4.16,9.89,4
2023-04-30,105,Snacks_Product_5,Snacks,9.09,4.16,10.23,5
2023-05-01,105,Snacks_Product_5,Snacks,9.31,4.16,9.41,5
2023-05-02,105,Snacks_Product_5,Snacks,9.7,4.16,11.37,5
2023-05-03,105,Snacks_Product_5,Snacks,9.9,4.16,10.43,5
2023-05-04,105,Snacks_Product_5,Snacks,9.64,4.16,8.57,4
2023-05-05,105,Snacks_Product_5,Snacks,9.57,4.16,9.41,4
2023-05-06,105,Snacks_Product_5,Snacks,10.85,4.16,10.29,4
2023-05-07,105,Snacks_Product_5,Snacks,10.21,4.16,8.61,4
2023-05-08,105,Snacks_Product_5,Snacks,8.98,4.16,8.51,5
2023-05-09,105,Snacks_Product_5,Snacks,9.79,4.16,9.78,5
2023-05-10,105,Snacks_Product_5,Snacks,10.67,4.16,9.43,4
2023-05-11,105,Snacks_Product_5,Snacks,9.53,4.16,9.74,5
2023-05-12,105,Snacks_Product_5,Snacks,9.12,4.16,9.22,5
2023-05-13,105,Snacks_Product_5,Snacks,10.44,4.16,8.93,4
2023-05-14,105,Snacks_Product_5,Snacks,10.14,4.16,10.49,4
2023-05-15,105,Snacks_Product_5,Snacks,10.07,4.16,9.97,4
2023-05-16,105,Snacks_Product_5,Snacks,9.04,4.16,9.03,5
2023-05-17,105,Snacks_Product_5,Snacks,9.21,4.16,9.39,5
2023-05-18,105,Snacks_Product_5,Snacks,10.17,4.16,10.2,4
2023-05-19,105,Snacks_Product_5,Snacks,9.35,4.16,8.65,4
2023-05-20,105,Snacks_Product_5,Snacks,9.94,4.16,8.88,5
2023-05-21,105,Snacks_Product_5,Snacks,10.02,4.16,8.66,4
2023-05-22,105,Snacks_Product_5,Snacks,9.5,4.16,10.86,4
2023-05-23,105,Snacks_Product_5,Snacks,10.82,4.16,10.68,5
2023-05-24,105,Snacks_Product_5,Snacks,10.61,4.16,10.68,4
2023-05-25,105,Snacks_Product_5,Snacks,10.37,4.16,10.57,3
2023-05-26,105,Snacks_Product_5,Snacks,9.09,4.16,10.43,5
2023-05-27,105,Snacks_Product_5,Snacks,9.14,4.16,9.86,4
2023-05-28,105,Snacks_Product_5,Snacks,9.91,4.16,10.35,4
2023-05-29,105,Snacks_Product_5,Snacks,9.25,4.16,8.55,6
2023-05-30,105,Snacks_Product_5,Snacks,10.88,4.16,10.29,3
2023-05-31,105,Snacks_Product_5,Snacks,9.25,4.16,10.75,4
2023-06-01,105,Snacks_Product_5,Snacks,9.9,4.16,9.93,4
2023-06-02,105,Snacks_Product_5,Snacks,9.66,4.16,9.5,5
2023-06-03,105,Snacks_Product_5,Snacks,10.2,4.16,9.26,5
2023-06-04,105,Snacks_Product_5,Snacks,9.19,4.16,10.35,5
2023-06-05,105,Snacks_Product_5,Snacks,9.79,4.16,10.5,5
2023-06-06,105,Snacks_Product_5,Snacks,9.48,4.16,11.03,5
2023-06-07,105,Snacks_Product_5,Snacks,10.7,4.16,9.46,5
2023-06-08,105,Snacks_Product_5,Snacks,9.01,4.16,10.73,5
2023-06-09,105,Snacks_Product_5,Snacks,10.75,4.16,10.11,3
2023-06-10,105,Snacks_Product_5,Snacks,10.59,4.16,11.07,4
2023-06-11,105,Snacks_Product_5,Snacks,9.53,4.16,10.01,4
2023-06-12,105,Snacks_Product_5,Snacks,10.5,4.16,9.98,4
2023-06-13,105,Snacks_Product_5,Snacks,9.0,4.16,10.16,5
2023-06-14,105,Snacks_Product_5,Snacks,10.85,4.16,10.67,4
2023-06-15,105,Snacks_Product_5,Snacks,9.98,4.16,11.31,5
2023-06-16,105,Snacks_Product_5,Snacks,9.54,4.16,8.66,4
2023-06-17,105,Snacks_Product_5,Snacks,9.65,4.16,8.6,5
2023-06-18,105,Snacks_Product_5,Snacks,9.07,4.16,11.23,5
2023-06-19,105,Snacks_Product_5,Snacks,10.9,4.16,10.02,4
2023-06-20,105,Snacks_Product_5,Snacks,9.01,4.16,10.27,5
2023-06-21,105,Snacks_Product_5,Snacks,10.23,4.16,9.87,4
2023-06-22,105,Snacks_Product_5,Snacks,9.81,4.16,8.72,5
2023-06-23,105,Snacks_Product_5,Snacks,10.82,4.16,10.73,3
2023-06-24,105,Snacks_Product_5,Snacks,9.42,4.16,10.66,4
2023-06-25,105,Snacks_Product_5,Snacks,9.99,4.16,9.37,4
2023-06-26,105,Snacks_Product_5,Snacks,9.89,4.16,9.35,4
2023-06-27,105,Snacks_Product_5,Snacks,10.33,4.16,10.93,5
2023-06-28,105,Snacks_Product_5,Snacks,9.07,4.16,8.65,4
2023-06-29,105,Snacks_Product_5,Snacks,9.32,4.16,11.06,4
2023-06-30,105,Snacks_Product_5,Snacks,9.36,4.16,9.2,5
2023-07-01,105,Snacks_Product_5,Snacks,10.4,4.16,10.2,4
2023-07-02,105,Snacks_Product_5,Snacks,9.31,4.16,11.23,4
2023-07-03,105,Snacks_Product_5,Snacks,10.07,4.16,10.46,4
2023-07-04,105,Snacks_Product_5,Snacks,9.36,4.16,9.67,4
2023-07-05,105,Snacks_Product_5,Snacks,10.64,4.16,10.49,3
2023-07-06,105,Snacks_Product_5,Snacks,10.8,4.16,9.46,3
2023-07-07,105,Snacks_Product_5,Snacks,9.96,4.16,9.26,4
2023-07-08,105,Snacks_Product_5,Snacks,9.63,4.16,11.41,4
2023-07-09,105,Snacks_Product_5,Snacks,9.4,4.16,10.67,4
2023-07-10,105,Snacks_Product_5,Snacks,9.03,4.16,10.36,5
2023-07-11,105,Snacks_Product_5,Snacks,9.47,4.16,9.5,4
2023-07-12,105,Snacks_Product_5,Snacks,10.23,4.16,8.58,4
2023-07-13,105,Snacks_Product_5,Snacks,9.99,4.16,8.53,4
2023-07-14,105,Snacks_Product_5,Snacks,10.81,4.16,10.09,3
2023-07-15,105,Snacks_Product_5,Snacks,9.72,4.16,10.71,4
2023-07-16,105,Snacks_Product_5,Snacks,10.31,4.16,10.04,4
2023-07-17,105,Snacks_Product_5,Snacks,9.91,4.16,10.94,5
2023-07-18,105,Snacks_Product_5,Snacks,9.95,4.16,8.54,4
2023-07-19,105,Snacks_Product_5,Snacks,9.47,4.16,9.53,4
2023-07-20,105,Snacks_Product_5,Snacks,9.84,4.16,9.14,4
2023-07-21,105,Snacks_Product_5,Snacks,9.87,4.16,9.77,4
2023-07-22,105,Snacks_Product_5,Snacks,10.34,4.16,8.65,4
2023-07-23,105,Snacks_Product_5,Snacks,10.8,4.16,11.28,4
2023-07-24,105,Snacks_Product_5,Snacks,9.59,4.16,9.1,3
2023-07-25,105,Snacks_Product_5,Snacks,9.02,4.16,11.18,5
2023-07-26,105,Snacks_Product_5,Snacks,9.92,4.16,9.71,4
2023-07-27,105,Snacks_Product_5,Snacks,10.02,4.16,11.37,4
2023-07-28,105,Snacks_Product_5,Snacks,9.27,4.16,10.09,4
2023-07-29,105,Snacks_Product_5,Snacks,10.44,4.16,11.21,4
2023-07-30,105,Snacks_Product_5,Snacks,10.89,4.16,8.45,3
2023-07-31,105,Snacks_Product_5,Snacks,10.81,4.16,10.67,3
2023-08-01,105,Snacks_Product_5,Snacks,9.33,4.16,11.13,4
2023-08-02,105,Snacks_Product_5,Snacks,10.67,4.16,8.85,3
2023-08-03,105,Snacks_Product_5,Snacks,10.33,4.16,8.72,4
2023-08-04,105,Snacks_Product_5,Snacks,9.84,4.16,9.7,4
2023-08-05,105,Snacks_Product_5,Snacks,10.01,4.16,11.22,3
2023-08-06,105,Snacks_Product_5,Snacks,10.62,4.16,10.05,4
2023-08-07,105,Snacks_Product_5,Snacks,9.89,4.16,10.01,3
2023-08-08,105,Snacks_Product_5,Snacks,9.68,4.16,8.86,5
2023-08-09,105,Snacks_Product_5,Snacks,9.91,4.16,8.44,4
2023-08-10,105,Snacks_Product_5,Snacks,10.08,4.16,10.85,4
2023-08-11,105,Snacks_Product_5,Snacks,9.31,4.16,8.7,4
2023-08-12,105,Snacks_Product_5,Snacks,10.72,4.16,10.33,3
2023-08-13,105,Snacks_Product_5,Snacks,10.27,4.16,11.16,3
2023-08-14,105,Snacks_Product_5,Snacks,10.19,4.16,9.06,3
2023-08-15,105,Snacks_Product_5,Snacks,9.13,4.16,10.42,4
2023-08-16,105,Snacks_Product_5,Snacks,10.13,4.16,8.67,3
2023-08-17,105,Snacks_Product_5,Snacks,9.17,4.16,10.24,4
2023-08-18,105,Snacks_Product_5,Snacks,9.09,4.16,8.93,4
2023-08-19,105,Snacks_Product_5,Snacks,9.98,4.16,10.63,4
2023-08-20,105,Snacks_Product_5,Snacks,9.73,4.16,9.34,4
2023-08-21,105,Snacks_Product_5,Snacks,10.1,4.16,9.82,3
2023-08-22,105,Snacks_Product_5,Snacks,9.11,4.16,10.22,4
2023-08-23,105,Snacks_Product_5,Snacks,9.79,4.16,8.95,3
2023-08-24,105,Snacks_Product_5,Snacks,9.28,4.16,10.65,4
2023-08-25,105,Snacks_Product_5,Snacks,10.89,4.16,9.34,3
2023-08-26,105,Snacks_Product_5,Snacks,10.05,4.16,10.41,3
2023-08-27,105,Snacks_Product_5,Snacks,10.3,4.16,8.91,3
2023-08-28,105,Snacks_Product_5,Snacks,9.58,4.16,10.49,3
2023-08-29,105,Snacks_Product_5,Snacks,9.12,4.16,8.82,3
2023-08-30,105,Snacks_Product_5,Snacks,10.87,4.16,9.7,3
2023-08-31,105,Snacks_Product_5,Snacks,9.5,4.16,9.17,4
2023-09-01,105,Snacks_Product_5,Snacks,9.78,4.16,10.67,4
2023-09-02,105,Snacks_Product_5,Snacks,10.22,4.16,9.22,3
2023-09-03,105,Snacks_Product_5,Snacks,8.98,4.16,11.06,4
2023-09-04,105,Snacks_Product_5,Snacks,10.54,4.16,11.09,3
2023-09-05,105,Snacks_Product_5,Snacks,10.0,4.16,9.02,3
2023-09-06,105,Snacks_Product_5,Snacks,9.49,4.16,10.27,3
2023-09-07,105,Snacks_Product_5,Snacks,9.06,4.16,8.7,5
2023-09-08,105,Snacks_Product_5,Snacks,9.26,4.16,9.6,4
2023-09-09,105,Snacks_Product_5,Snacks,10.71,4.16,10.56,3
2023-09-10,105,Snacks_Product_5,Snacks,10.3,4.16,10.4,3
2023-09-11,105,Snacks_Product_5,Snacks,9.43,4.16,10.3,3
2023-09-12,105,Snacks_Product_5,Snacks,9.06,4.16,9.28,4
2023-09-13,105,Snacks_Product_5,Snacks,10.31,4.16,9.56,4
2023-09-14,105,Snacks_Product_5,Snacks,10.07,4.16,8.74,3
2023-09-15,105,Snacks_Product_5,Snacks,9.74,4.16,10.58,4
2023-09-16,105,Snacks_Product_5,Snacks,9.66,4.16,9.94,4
2023-09-17,105,Snacks_Product_5,Snacks,9.36,4.16,10.55,4
2023-09-18,105,Snacks_Product_5,Snacks,10.26,4.16,9.18,4
2023-09-19,105,Snacks_Product_5,Snacks,10.86,4.16,9.4,3
2023-09-20,105,Snacks_Product_5,Snacks,9.28,4.16,9.43,4
2023-09-21,105,Snacks_Product_5,Snacks,10.12,4.16,8.51,3
2023-09-22,105,Snacks_Product_5,Snacks,9.78,4.16,9.45,4
2023-09-23,105,Snacks_Product_5,Snacks,9.82,4.16,10.83,3
2023-09-24,105,Snacks_Product_5,Snacks,9.44,4.16,11.11,3
2023-09-25,105,Snacks_Product_5,Snacks,10.57,4.16,9.98,4
2023-09-26,105,Snacks_Product_5,Snacks,9.9,4.16,9.79,4
2023-09-27,105,Snacks_Product_5,Snacks,10.01,4.16,8.53,3
2023-09-28,105,Snacks_Product_5,Snacks,9.54,4.16,11.06,4
2023-09-29,105,Snacks_Product_5,Snacks,9.3,4.16,8.48,4
2023-09-30,105,Snacks_Product_5,Snacks,9.1,4.16,11.25,5
2023-10-01,105,Snacks_Product_5,Snacks,10.35,4.16,9.89,3
2023-10-02,105,Snacks_Product_5,Snacks,9.32,4.16,9.46,4
2023-10-03,105,Snacks_Product_5,Snacks,10.3,4.16,11.19,3
2023-10-04,105,Snacks_Product_5,Snacks,9.71,4.16,8.51,4
2023-10-05,105,Snacks_Product_5,Snacks,9.76,4.16,10.17,5
2023-10-06,105,Snacks_Product_5,Snacks,9.87,4.16,10.07,4
2023-10-07,105,Snacks_Product_5,Snacks,9.66,4.16,9.09,3
2023-10-08,105,Snacks_Product_5,Snacks,9.13,4.16,9.72,4
2023-10-09,105,Snacks_Product_5,Snacks,9.55,4.16,10.38,5
2023-10-10,105,Snacks_Product_5,Snacks,10.25,4.16,10.6,3
2023-10-11,105,Snacks_Product_5,Snacks,10.26,4.16,8.44,3
2023-10-12,105,Snacks_Product_5,Snacks,9.5,4.16,11.23,4
2023-10-13,105,Snacks_Product_5,Snacks,9.85,4.16,8.93,4
2023-10-14,105,Snacks_Product_5,Snacks,9.32,4.16,9.13,3
2023-10-15,105,Snacks_Product_5,Snacks,9.35,4.16,9.22,4
2023-10-16,105,Snacks_Product_5,Snacks,8.98,4.16,8.55,5
2023-10-17,105,Snacks_Product_5,Snacks,10.71,4.16,8.8,4
2023-10-18,105,Snacks_Product_5,Snacks,9.35,4.16,11.38,4
2023-10-19,105,Snacks_Product_5,Snacks,9.39,4.16,9.38,4
2023-10-20,105,Snacks_Product_5,Snacks,9.49,4.16,8.78,4
2023-10-21,105,Snacks_Product_5,Snacks,9.19,4.16,8.76,3
2023-10-22,105,Snacks_Product_5,Snacks,10.2,4.16,10.58,4
2023-10-23,105,Snacks_Product_5,Snacks,9.08,4.16,10.98,4
2023-10-24,105,Snacks_Product_5,Snacks,9.2,4.16,9.2,5
2023-10-25,105,Snacks_Product_5,Snacks,10.21,4.16,8.5,3
2023-10-26,105,Snacks_Product_5,Snacks,9.61,4.16,9.1,4
2023-10-27,105,Snacks_Product_5,Snacks,10.34,4.16,8.61,4
2023-10-28,105,Snacks_Product_5,Snacks,10.04,4.16,8.75,3
2023-10-29,105,Snacks_Product_5,Snacks,9.44,4.16,9.72,4
2023-10-30,105,Snacks_Product_5,Snacks,10.23,4.16,9.12,4
2023-10-31,105,Snacks_Product_5,Snacks,9.17,4.16,9.97,4
2023-11-01,105,Snacks_Product_5,Snacks,10.0,4.16,9.19,3
2023-11-02,105,Snacks_Product_5,Snacks,9.8,4.16,11.24,4
2023-11-03,105,Snacks_Product_5,Snacks,9.47,4.16,11.14,4
2023-11-04,105,Snacks_Product_5,Snacks,10.13,4.16,10.13,3
2023-11-05,105,Snacks_Product_5,Snacks,10.66,4.16,9.49,4
2023-11-06,105,Snacks_Product_5,Snacks,10.92,4.16,9.57,3
2023-11-07,105,Snacks_Product_5,Snacks,10.14,4.16,9.66,3
2023-11-08,105,Snacks_Product_5,Snacks,9.74,4.16,10.6,4
2023-11-09,105,Snacks_Product_5,Snacks,9.38,4.16,9.78,4
2023-11-10,105,Snacks_Product_5,Snacks,9.44,4.16,10.99,4
2023-11-11,105,Snacks_Product_5,Snacks,9.89,4.16,11.25,4
2023-11-12,105,Snacks_Product_5,Snacks,9.66,4.16,9.44,4
2023-11-13,105,Snacks_Product_5,Snacks,10.75,4.16,10.11,4
2023-11-14,105,Snacks_Product_5,Snacks,9.67,4.16,8.72,4
2023-11-15,105,Snacks_Product_5,Snacks,9.68,4.16,9.03,4
2023-11-16,105,Snacks_Product_5,Snacks,9.7,4.16,9.67,4
2023-11-17,105,Snacks_Product_5,Snacks,10.6,4.16,9.05,3
2023-11-18,105,Snacks_Product_5,Snacks,10.23,4.16,11.05,3
2023-11-19,105,Snacks_Product_5,Snacks,10.15,4.16,8.91,4
2023-11-20,105,Snacks_Product_5,Snacks,9.6,4.16,9.79,4
2023-11-21,105,Snacks_Product_5,Snacks,10.56,4.16,10.24,4
2023-11-22,105,Snacks_Product_5,Snacks,9.01,4.16,10.5,5
2023-11-23,105,Snacks_Product_5,Snacks,10.66,4.16,9.58,3
2023-11-24,105,Snacks_Product_5,Snacks,9.95,4.16,11.03,4
2023-11-25,105,Snacks_Product_5,Snacks,9.72,4.16,10.13,4
2023-11-26,105,Snacks_Product_5,Snacks,9.92,4.16,9.75,4
2023-11-27,105,Snacks_Product_5,Snacks,10.26,4.16,8.64,3
2023-11-28,105,Snacks_Product_5,Snacks,8.96,4.16,9.82,4
2023-11-29,105,Snacks_Product_5,Snacks,10.66,4.16,10.88,4
2023-11-30,105,Snacks_Product_5,Snacks,9.82,4.16,10.27,3
2023-12-01,105,Snacks_Product_5,Snacks,9.62,4.16,10.92,3
2023-12-02,105,Snacks_Product_5,Snacks,9.21,4.16,9.91,4
2023-12-03,105,Snacks_Product_5,Snacks,9.81,4.16,8.79,4
