data/raw/retail_transactions.csv
date,sku_id,product_name,category,price,cost,competitor_price,quantity_sold
2023-12-04,105,Snacks_Product_5,Snacks,9.92,4.16,8.48,4
2023-12-05,105,Snacks_Product_5,Snacks,9.74,4.16,9.34,3
2023-12-06,105,Snacks_Product_5,Snacks,10.28,4.16,10.52,3
2023-12-07,105,Snacks_Product_5,Snacks,9.77,4.16,10.79,4
2023-12-08,105,Snacks_Product_5,Snacks,10.84,4.16,9.32,4
2023-12-09,105,Snacks_Product_5,Snacks,10.12,4.16,9.91,4
2023-12-10,105,Snacks_Product_5,Snacks,10.54,4.16,9.69,4
2023-12-11,105,Snacks_Product_5,Snacks,9.15,4.16,9.66,5
2023-12-12,105,Snacks_Product_5,Snacks,9.72,4.16,9.13,4
2023-12-13,105,Snacks_Product_5,Snacks,9.6,4.16,8.84,4
2023-12-14,105,Snacks_Product_5,Snacks,10.06,4.16,9.02,3
2023-12-15,105,Snacks_Product_5,Snacks,10.64,4.16,8.6,3
2023-12-16,105,Snacks_Product_5,Snacks,9.09,4.16,9.03,5
2023-12-17,105,Snacks_Product_5,Snacks,9.08,4.16,8.47,5
2023-12-18,105,Snacks_Product_5,Snacks,10.62,4.16,10.31,4
2023-12-19,105,Snacks_Product_5,Snacks,9.36,4.16,9.38,4
2023-12-20,105,Snacks_Product_5,Snacks,10.26,4.16,11.34,4
2023-12-21,105,Snacks_Product_5,Snacks,10.01,4.16,9.01,4
2023-12-22,105,Snacks_Product_5,Snacks,10.59,4.16,9.47,4
2023-12-23,105,Snacks_Product_5,Snacks,9.18,4.16,9.5,5
2023-12-24,105,Snacks_Product_5,Snacks,9.19,4.16,8.46,5
2023-12-25,105,Snacks_Product_5,Snacks,10.04,4.16,10.94,5
2023-12-26,105,Snacks_Product_5,Snacks,10.81,4.16,8.53,3
2023-12-27,105,Snacks_Product_5,Snacks,9.76,4.16,11.24,4
2023-12-28,105,Snacks_Product_5,Snacks,9.58,4.16,11.09,5
2023-12-29,105,Snacks_Product_5,Snacks,10.14,4.16,10.03,4
2023-12-30,105,Snacks_Product_5,Snacks,10.78,4.16,10.06,3
2023-12-31,105,Snacks_Product_5,Snacks,10.6,4.16,10.38,5
2024-01-01,105,Snacks_Product_5,Snacks,10.91,4.16,9.59,3
2023-01-01,106,Dairy_Product_6,Dairy,21.83,11.86,21.56,24
2023-01-02,106,Dairy_Product_6,Dairy,23.17,11.86,19.77,27
2023-01-03,106,Dairy_Product_6,Dairy,22.04,11.86,23.82,33
2023-01-04,106,Dairy_Product_6,Dairy,19.78,11.86,21.93,33
2023-01-05,106,Dairy_Product_6,Dairy,22.36,11.86,19.43,27
2023-01-06,106,Dairy_Product_6,Dairy,19.55,11.86,21.72,28
2023-01-07,106,Dairy_Product_6,Dairy,22.9,11.86,21.12,27
2023-01-08,106,Dairy_Product_6,Dairy,22.41,11.86,24.13,33
2023-01-09,106,Dairy_Product_6,Dairy,20.85,11.86,19.25,29
2023-01-10,106,Dairy_Product_6,Dairy,20.78,11.86,24.12,29
2023-01-11,106,Dairy_Product_6,Dairy,22.98,11.86,21.76,26
2023-01-12,106,Dairy_Product_6,Dairy,22.91,11.86,21.06,26
2023-01-13,106,Dairy_Product_6,Dairy,21.04,11.86,19.48,24
2023-01-14,106,Dairy_Product_6,Dairy,20.81,11.86,22.99,34
2023-01-15,106,Dairy_Product_6,Dairy,21.94,11.86,24.46,28
2023-01-16,106,Dairy_Product_6,Dairy,19.55,11.86,20.87,32
2023-01-17,106,Dairy_Product_6,Dairy,19.87,11.86,20.0,26
2023-01-18,106,Dairy_Product_6,Dairy,20.06,11.86,22.04,30
2023-01-19,106,Dairy_Product_6,Dairy,20.32,11.86,23.61,30
2023-01-20,106,Dairy_Product_6,Dairy,21.73,11.86,18.45,27
2023-01-21,106,Dairy_Product_6,Dairy,23.82,11.86,22.54,26
2023-01-22,106,Dairy_Product_6,Dairy,22.34,11.86,22.31,25
2023-01-23,106,Dairy_Product_6,Dairy,19.78,11.86,20.5,29
2023-01-24,106,Dairy_Product_6,Dairy,21.79,11.86,21.37,26
2023-01-25,106,Dairy_Product_6,Dairy,21.67,11.86,20.04,32
2023-01-26,106,Dairy_Product_6,Dairy,20.14,11.86,23.57,31
2023-01-27,106,Dairy_Product_6,Dairy,23.51,11.86,22.56,26
2023-01-28,106,Dairy_Product_6,Dairy,21.43,11.86,21.9,37
2023-01-29,106,Dairy_Product_6,Dairy,23.83,11.86,20.98,29
2023-01-30,106,Dairy_Product_6,Dairy,21.34,11.86,20.33,26
2023-01-31,106,Dairy_Product_6,Dairy,22.15,11.86,23.78,27
2023-02-01,106,Dairy_Product_6,Dairy,19.97,11.86,21.37,31
2023-02-02,106,Dairy_Product_6,Dairy,21.48,11.86,21.69,28
2023-02-03,106,Dairy_Product_6,Dairy,20.55,11.86,21.82,34
2023-02-04,106,Dairy_Product_6,Dairy,23.14,11.86,21.35,26
2023-02-05,106,Dairy_Product_6,Dairy,22.91,11.86,20.1,28
2023-02-06,106,Dairy_Product_6,Dairy,23.09,11.86,19.21,20
2023-02-07,106,Dairy_Product_6,Dairy,22.65,11.86,19.07,25
2023-02-08,106,Dairy_Product_6,Dairy,23.13,11.86,23.36,27
2023-02-09,106,Dairy_Product_6,Dairy,20.39,11.86,19.88,28
2023-02-10,106,Dairy_Product_6,Dairy,21.47,11.86,18.79,28
2023-02-11,106,Dairy_Product_6,Dairy,22.51,11.86,23.62,33
2023-02-12,106,Dairy_Product_6,Dairy,22.28,11.86,19.43,24
2023-02-13,106,Dairy_Product_6,Dairy,22.62,11.86,22.5,24
2023-02-14,106,Dairy_Product_6,Dairy,20.49,11.86,20.63,26
2023-02-15,106,Dairy_Product_6,Dairy,19.94,11.86,19.25,33
2023-02-16,106,Dairy_Product_6,Dairy,23.49,11.86,21.13,23
2023-02-17,106,Dairy_Product_6,Dairy,21.94,11.86,18.53,26
2023-02-18,106,Dairy_Product_6,Dairy,20.18,11.86,23.9,36
2023-02-19,106,Dairy_Product_6,Dairy,22.96,11.86,21.77,28
2023-02-20,106,Dairy_Product_6,Dairy,23.48,11.86,19.34,29
2023-02-21,106,Dairy_Product_6,Dairy,20.25,11.86,19.97,23
2023-02-22,106,Dairy_Product_6,Dairy,23.06,11.86,21.34,28
2023-02-23,106,Dairy_Product_6,Dairy,23.56,11.86,19.66,31
2023-02-24,106,Dairy_Product_6,Dairy,23.58,11.86,20.18,25
2023-02-25,106,Dairy_Product_6,Dairy,23.48,11.86,21.91,31
2023-02-26,106,Dairy_Product_6,Dairy,21.88,11.86,23.85,31
2023-02-27,106,Dairy_Product_6,Dairy,21.06,11.86,21.04,31
2023-02-28,106,Dairy_Product_6,Dairy,19.55,11.86,23.09,36
2023-03-01,106,Dairy_Product_6,Dairy,19.78,11.86,24.13,35
2023-03-02,106,Dairy_Product_6,Dairy,21.37,11.86,19.84,27
2023-03-03,106,Dairy_Product_6,Dairy,21.25,11.86,23.68,33
2023-03-04,106,Dairy_Product_6,Dairy,20.32,11.86,23.36,31
2023-03-05,106,Dairy_Product_6,Dairy,21.23,11.86,20.75,31
2023-03-06,106,Dairy_Product_6,Dairy,20.27,11.86,24.87,30
2023-03-07,106,Dairy_Product_6,Dairy,23.2,11.86,20.14,28
2023-03-08,106,Dairy_Product_6,Dairy,20.81,11.86,20.09,34
2023-03-09,106,Dairy_Product_6,Dairy,22.11,11.86,23.45,30
2023-03-10,106,Dairy_Product_6,Dairy,21.7,11.86,21.26,34
2023-03-11,106,Dairy_Product_6,Dairy,19.74,11.86,20.58,42
2023-03-12,106,Dairy_Product_6,Dairy,23.6,11.86,19.59,26
2023-03-13,106,Dairy_Product_6,Dairy,21.8,11.86,23.41,33
2023-03-14,106,Dairy_Product_6,Dairy,20.92,11.86,23.55,34
2023-03-15,106,Dairy_Product_6,Dairy,20.2,11.86,22.12,33
2023-03-16,106,Dairy_Product_6,Dairy,20.98,11.86,24.66,37
2023-03-17,106,Dairy_Product_6,Dairy,19.6,11.86,20.5,31
2023-03-18,106,Dairy_Product_6,Dairy,21.09,11.86,19.86,27
2023-03-19,106,Dairy_Product_6,Dairy,21.82,11.86,22.84,27
2023-03-20,106,Dairy_Product_6,Dairy,23.3,11.86,23.36,29
2023-03-21,106,Dairy_Product_6,Dairy,22.5,11.86,19.89,31
2023-03-22,106,Dairy_Product_6,Dairy,20.0,11.86,18.93,28
2023-03-23,106,Dairy_Product_6,Dairy,20.16,11.86,23.7,35
2023-03-24,106,Dairy_Product_6,Dairy,21.37,11.86,24.78,33
2023-03-25,106,Dairy_Product_6,Dairy,20.36,11.86,22.62,32
2023-03-26,106,Dairy_Product_6,Dairy,19.64,11.86,20.24,26
2023-03-27,106,Dairy_Product_6,Dairy,23.01,11.86,24.91,36
2023-03-28,106,Dairy_Product_6,Dairy,19.6,11.86,24.24,36
2023-03-29,106,Dairy_Product_6,Dairy,23.12,11.86,21.77,38
2023-03-30,106,Dairy_Product_6,Dairy,20.14,11.86,23.8,38
2023-03-31,106,Dairy_Product_6,Dairy,23.74,11.86,23.74,34
2023-04-01,106,Dairy_Product_6,Dairy,22.13,11.86,24.51,27
2023-04-02,106,Dairy_Product_6,Dairy,22.7,11.86,23.9,26
2023-04-03,106,Dairy_Product_6,Dairy,19.99,11.86,22.62,33
2023-04-04,106,Dairy_Product_6,Dairy,23.25,11.86,22.39,27
2023-04-05,106,Dairy_Product_6,Dairy,23.15,11.86,21.47,27
2023-04-06,106,Dairy_Product_6,Dairy,22.35,11.86,22.51,40
2023-04-07,106,Dairy_Product_6,Dairy,21.69,11.86,23.6,36
2023-04-08,106,Dairy_Product_6,Dairy,22.64,11.86,24.73,27
2023-04-09,106,Dairy_Product_6,Dairy,19.54,11.86,21.47,26
2023-04-10,106,Dairy_Product_6,Dairy,22.08,11.86,22.16,27
2023-04-11,106,Dairy_Product_6,Dairy,23.19,11.86,21.32,27
2023-04-12,106,Dairy_Product_6,Dairy,21.06,11.86,22.78,31
2023-04-13,106,Dairy_Product_6,Dairy,19.98,11.86,22.53,29
2023-04-14,106,Dairy_Product_6,Dairy,21.34,11.86,18.55,31
2023-04-15,106,Dairy_Product_6,Dairy,22.67,11.86,21.95,27
2023-04-16,106,Dairy_Product_6,Dairy,19.98,11.86,19.01,33
2023-04-17,106,Dairy_Product_6,Dairy,20.41,11.86,18.6,29
2023-04-18,106,Dairy_Product_6,Dairy,20.15,11.86,23.58,35
2023-04-19,106,Dairy_Product_6,Dairy,22.97,11.86,20.11,27
2023-04-20,106,Dairy_Product_6,Dairy,19.79,11.86,20.65,29
2023-04-21,106,Dairy_Product_6,Dairy,22.49,11.86,18.85,26
2023-04-22,106,Dairy_Product_6,Dairy,21.1,11.86,19.6,28
2023-04-23,106,Dairy_Product_6,Dairy,22.79,11.86,23.41,38
2023-04-24,106,Dairy_Product_6,Dairy,23.7,11.86,21.64,29
2023-04-25,106,Dairy_Product_6,Dairy,20.01,11.86,24.16,34
2023-04-26,106,Dairy_Product_6,Dairy,20.88,11.86,21.01,34
2023-04-27,106,Dairy_Product_6,Dairy,23.03,11.86,20.18,28
2023-04-28,106,Dairy_Product_6,Dairy,20.67,11.86,20.69,34
2023-04-29,106,Dairy_Product_6,Dairy,20.45,11.86,23.07,32
2023-04-30,106,Dairy_Product_6,Dairy,23.09,11.86,22.04,28
2023-05-01,106,Dairy_Product_6,Dairy,23.8,11.86,24.31,27
2023-05-02,106,Dairy_Product_6,Dairy,21.93,11.86,22.35,35
2023-05-03,106,Dairy_Product_6,Dairy,20.72,11.86,21.64,30
2023-05-04,106,Dairy_Product_6,Dairy,21.24,11.86,23.54,27
2023-05-05,106,Dairy_Product_6,Dairy,20.25,11.86,24.59,34
2023-05-06,106,Dairy_Product_6,Dairy,22.82,11.86,20.75,26
2023-05-07,106,Dairy_Product_6,Dairy,22.87,11.86,20.06,27
2023-05-08,106,Dairy_Product_6,Dairy,23.31,11.86,22.44,30
2023-05-09,106,Dairy_Product_6,Dairy,19.63,11.86,21.68,37
2023-05-10,106,Dairy_Product_6,Dairy,21.95,11.86,24.86,31
2023-05-11,106,Dairy_Product_6,Dairy,20.44,11.86,21.44,29
2023-05-12,106,Dairy_Product_6,Dairy,20.99,11.86,18.91,28
2023-05-13,106,Dairy_Product_6,Dairy,22.92,11.86,24.79,34
2023-05-14,106,Dairy_Product_6,Dairy,20.35,11.86,23.92,26
2023-05-15,106,Dairy_Product_6,Dairy,22.28,11.86,19.59,24
2023-05-16,106,Dairy_Product_6,Dairy,22.35,11.86,24.31,30
2023-05-17,106,Dairy_Product_6,Dairy,23.65,11.86,20.65,22
2023-05-18,106,Dairy_Product_6,Dairy,22.88,11.86,20.88,27
2023-05-19,106,Dairy_Product_6,Dairy,23.0,11.86,24.33,28
2023-05-20,106,Dairy_Product_6,Dairy,21.82,11.86,21.88,32
2023-05-21,106,Dairy_Product_6,Dairy,20.32,11.86,19.33,29
2023-05-22,106,Dairy_Product_6,Dairy,21.36,11.86,20.83,33
2023-05-23,106,Dairy_Product_6,Dairy,21.9,11.86,23.13,29
2023-05-24,106,Dairy_Product_6,Dairy,22.46,11.86,19.56,33
2023-05-25,106,Dairy_Product_6,Dairy,22.15,11.86,22.27,26
2023-05-26,106,Dairy_Product_6,Dairy,21.22,11.86,22.95,36
2023-05-27,106,Dairy_Product_6,Dairy,20.67,11.86,20.67,28
2023-05-28,106,Dairy_Product_6,Dairy,20.24,11.86,22.94,37
2023-05-29,106,Dairy_Product_6,Dairy,22.52,11.86,24.18,32
2023-05-30,106,Dairy_Product_6,Dairy,22.31,11.86,21.5,22
2023-05-31,106,Dairy_Product_6,Dairy,22.5,11.86,20.92,28
2023-06-01,106,Dairy_Product_6,Dairy,21.13,11.86,20.06,31
2023-06-02,106,Dairy_Product_6,Dairy,20.65,11.86,22.36,34
2023-06-03,106,Dairy_Product_6,Dairy,22.81,11.86,24.15,27
2023-06-04,106,Dairy_Product_6,Dairy,22.87,11.86,20.54,28
2023-06-05,106,Dairy_Product_6,Dairy,21.49,11.86,21.01,30
2023-06-06,106,Dairy_Product_6,Dairy,22.17,11.86,21.08,29
2023-06-07,106,Dairy_Product_6,Dairy,21.13,11.86,22.08,32
2023-06-08,106,Dairy_Product_6,Dairy,22.56,11.86,19.92,29
2023-06-09,106,Dairy_Product_6,Dairy,23.14,11.86,23.78,26
2023-06-10,106,Dairy_Product_6,Dairy,22.5,11.86,20.35,28
2023-06-11,106,Dairy_Product_6,Dairy,21.74,11.86,23.02,30
2023-06-12,106,Dairy_Product_6,Dairy,21.5,11.86,21.77,28
2023-06-13,106,Dairy_Product_6,Dairy,22.3,11.86,22.24,28
2023-06-14,106,Dairy_Product_6,Dairy,22.46,11.86,19.6,26
2023-06-15,106,Dairy_Product_6,Dairy,21.94,11.86,23.21,27
2023-06-16,106,Dairy_Product_6,Dairy,22.22,11.86,19.66,28
2023-06-17,106,Dairy_Product_6,Dairy,19.93,11.86,19.17,33
2023-06-18,106,Dairy_Product_6,Dairy,23.64,11.86,21.99,24
2023-06-19,106,Dairy_Product_6,Dairy,22.94,11.86,23.04,32
2023-06-20,106,Dairy_Product_6,Dairy,21.14,11.86,18.76,24
2023-06-21,106,Dairy_Product_6,Dairy,21.96,11.86,18.88,28
2023-06-22,106,Dairy_Product_6,Dairy,19.72,11.86,23.65,36
2023-06-23,106,Dairy_Product_6,Dairy,19.69,11.86,23.69,31
2023-06-24,106,Dairy_Product_6,Dairy,20.6,11.86,20.03,26
2023-06-25,106,Dairy_Product_6,Dairy,22.51,11.86,22.43,27
2023-06-26,106,Dairy_Product_6,Dairy,23.21,11.86,21.31,27
2023-06-27,106,Dairy_Product_6,Dairy,21.94,11.86,22.55,34
2023-06-28,106,Dairy_Product_6,Dairy,21.82,11.86,24.04,25
2023-06-29,106,Dairy_Product_6,Dairy,21.26,11.86,18.95,27
2023-06-30,106,Dairy_Product_6,Dairy,20.22,11.86,23.49,29
2023-07-01,106,Dairy_Product_6,Dairy,20.03,11.86,21.64,27
2023-07-02,106,Dairy_Product_6,Dairy,22.81,11.86,22.1,27
2023-07-03,106,Dairy_Product_6,Dairy,23.54,11.86,22.68,25
2023-07-04,106,Dairy_Product_6,Dairy,21.5,11.86,24.43,34
2023-07-05,106,Dairy_Product_6,Dairy,22.37,11.86,18.8,29
2023-07-06,106,Dairy_Product_6,Dairy,23.48,11.86,18.62,24
2023-07-07,106,Dairy_Product_6,Dairy,19.91,11.86,19.59,28
2023-07-08,106,Dairy_Product_6,Dairy,22.86,11.86,24.85,26
2023-07-09,106,Dairy_Product_6,Dairy,22.19,11.86,23.08,28
2023-07-10,106,Dairy_Product_6,Dairy,22.11,11.86,22.43,32
2023-07-11,106,Dairy_Product_6,Dairy,20.78,11.86,18.74,26
2023-07-12,106,Dairy_Product_6,Dairy,22.48,11.86,24.15,25
2023-07-13,106,Dairy_Product_6,Dairy,22.96,11.86,23.72,25
2023-07-14,106,Dairy_Product_6,Dairy,20.0,11.86,22.75,33
2023-07-15,106,Dairy_Product_6,Dairy,21.83,11.86,20.64,23
2023-07-16,106,Dairy_Product_6,Dairy,19.95,11.86,18.89,26
2023-07-17,106,Dairy_Product_6,Dairy,23.3,11.86,22.2,27
2023-07-18,106,Dairy_Product_6,Dairy,21.72,11.86,23.11,27
2023-07-19,106,Dairy_Product_6,Dairy,23.02,11.86,19.04,20
2023-07-20,106,Dairy_Product_6,Dairy,21.11,11.86,22.55,25
2023-07-21,106,Dairy_Product_6,Dairy,20.06,11.86,20.29,25
2023-07-22,106,Dairy_Product_6,Dairy,19.69,11.86,23.4,30
2023-07-23,106,Dairy_Product_6,Dairy,20.74,11.86,21.94,28
2023-07-24,106,Dairy_Product_6,Dairy,20.57,11.86,19.27,28
2023-07-25,106,Dairy_Product_6,Dairy,21.94,11.86,21.86,24
2023-07-26,106,Dairy_Product_6,Dairy,19.61,11.86,21.0,30
2023-07-27,106,Dairy_Product_6,Dairy,21.77,11.86,19.6,23
2023-07-28,106,Dairy_Product_6,Dairy,21.21,11.86,23.9,23
2023-07-29,106,Dairy_Product_6,Dairy,22.02,11.86,18.5,24
2023-07-30,106,Dairy_Product_6,Dairy,22.56,11.86,20.46,28
2023-07-31,106,Dairy_Product_6,Dairy,22.26,11.86,18.51,26
2023-08-01,106,Dairy_Product_6,Dairy,23.78,11.86,19.05,23
2023-08-02,106,Dairy_Product_6,Dairy,20.11,11.86,20.36,30
2023-08-03,106,Dairy_Product_6,Dairy,21.38,11.86,18.78,25
2023-08-04,106,Dairy_Product_6,Dairy,21.36,11.86,22.31,30
2023-08-05,106,Dairy_Product_6,Dairy,21.32,11.86,19.0,20
2023-08-06,106,Dairy_Product_6,Dairy,22.39,11.86,22.99,22
2023-08-07,106,Dairy_Product_6,Dairy,21.64,11.86,18.77,27
2023-08-08,106,Dairy_Product_6,Dairy,21.76,11.86,18.82,27
2023-08-09,106,Dairy_Product_6,Dairy,21.39,11.86,20.42,26
2023-08-10,106,Dairy_Product_6,Dairy,23.82,11.86,24.26,26
2023-08-11,106,Dairy_Product_6,Dairy,23.54,11.86,22.6,23
2023-08-12,106,Dairy_Product_6,Dairy,20.85,11.86,23.44,27
2023-08-13,106,Dairy_Product_6,Dairy,20.0,11.86,19.35,28
2023-08-14,106,Dairy_Product_6,Dairy,23.16,11.86,23.86,26
2023-08-15,106,Dairy_Product_6,Dairy,23.84,11.86,18.48,25
2023-08-16,106,Dairy_Product_6,Dairy,20.78,11.86,19.82,27
2023-08-17,106,Dairy_Product_6,Dairy,21.07,11.86,22.44,32
2023-08-18,106,Dairy_Product_6,Dairy,23.6,11.86,20.87,24
2023-08-19,106,Dairy_Product_6,Dairy,22.6,11.86,24.83,26
2023-08-20,106,Dairy_Product_6,Dairy,20.8,11.86,18.63,27
2023-08-21,106,Dairy_Product_6,Dairy,22.03,11.86,24.93,25
2023-08-22,106,Dairy_Product_6,Dairy,23.61,11.86,22.49,23
2023-08-23,106,Dairy_Product_6,Dairy,23.03,11.86,22.06,21
2023-08-24,106,Dairy_Product_6,Dairy,22.73,11.86,18.82,20
2023-08-25,106,Dairy_Product_6,Dairy,22.71,11.86,20.21,29
2023-08-26,106,Dairy_Product_6,Dairy,20.29,11.86,24.45,30
2023-08-27,106,Dairy_Product_6,Dairy,23.09,11.86,20.73,20
2023-08-28,106,Dairy_Product_6,Dairy,20.71,11.86,22.73,30
2023-08-29,106,Dairy_Product_6,Dairy,23.55,11.86,24.93,25
2023-08-30,106,Dairy_Product_6,Dairy,21.1,11.86,20.14,27
2023-08-31,106,Dairy_Product_6,Dairy,23.23,11.86,22.18,27
2023-09-01,106,Dairy_Product_6,Dairy,20.67,11.86,22.96,32
2023-09-02,106,Dairy_Product_6,Dairy,21.75,11.86,19.5,22
2023-09-03,106,Dairy_Product_6,Dairy,19.98,11.86,19.4,23
2023-09-04,106,Dairy_Product_6,Dairy,22.38,11.86,21.4,19
2023-09-05,106,Dairy_Product_6,Dairy,23.14,11.86,20.94,23
2023-09-06,106,Dairy_Product_6,Dairy,22.63,11.86,23.08,28
2023-09-07,106,Dairy_Product_6,Dairy,21.78,11.86,18.88,25
2023-09-08,106,Dairy_Product_6,Dairy,19.71,11.86,24.75,33
2023-09-09,106,Dairy_Product_6,Dairy,23.56,11.86,18.52,22
2023-09-10,106,Dairy_Product_6,Dairy,22.57,11.86,22.34,26
2023-09-11,106,Dairy_Product_6,Dairy,22.75,11.86,22.09,25
2023-09-12,106,Dairy_Product_6,Dairy,22.96,11.86,19.31,24
2023-09-13,106,Dairy_Product_6,Dairy,22.76,11.86,19.41,21
2023-09-14,106,Dairy_Product_6,Dairy,21.43,11.86,23.59,23
2023-09-15,106,Dairy_Product_6,Dairy,22.7,11.86,24.2,24
2023-09-16,106,Dairy_Product_6,Dairy,22.22,11.86,20.27,23
2023-09-17,106,Dairy_Product_6,Dairy,23.22,11.86,21.28,20
2023-09-18,106,Dairy_Product_6,Dairy,22.99,11.86,20.74,22
2023-09-19,106,Dairy_Product_6,Dairy,19.69,11.86,18.9,24
2023-09-20,106,Dairy_Product_6,Dairy,21.16,11.86,22.81,29
2023-09-21,106,Dairy_Product_6,Dairy,19.67,11.86,23.8,31
2023-09-22,106,Dairy_Product_6,Dairy,19.96,11.86,20.41,25
2023-09-23,106,Dairy_Product_6,Dairy,22.12,11.86,24.87,28
2023-09-24,106,Dairy_Product_6,Dairy,23.3,11.86,18.92,23
2023-09-25,106,Dairy_Product_6,Dairy,20.03,11.86,22.74,27
2023-09-26,106,Dairy_Product_6,Dairy,21.47,11.86,21.35,24
2023-09-27,106,Dairy_Product_6,Dairy,23.46,11.86,21.34,27
2023-09-28,106,Dairy_Product_6,Dairy,23.05,11.86,21.41,19
2023-09-29,106,Dairy_Product_6,Dairy,21.77,11.86,20.11,22
2023-09-30,106,Dairy_Product_6,Dairy,22.86,11.86,23.08,24
2023-10-01,106,Dairy_Product_6,Dairy,21.78,11.86,23.12,27
2023-10-02,106,Dairy_Product_6,Dairy,20.2,11.86,20.27,29
2023-10-03,106,Dairy_Product_6,Dairy,20.06,11.86,23.86,34
2023-10-04,106,Dairy_Product_6,Dairy,20.33,11.86,20.49,26
2023-10-05,106,Dairy_Product_6,Dairy,21.04,11.86,23.15,27
2023-10-06,106,Dairy_Product_6,Dairy,23.55,11.86,19.22,23
2023-10-07,106,Dairy_Product_6,Dairy,22.98,11.86,19.53,22
2023-10-08,106,Dairy_Product_6,Dairy,21.39,11.86,20.48,22
