data/raw/retail_transactions.csv
date,sku_id,product_name,category,price,cost,competitor_price,quantity_sold
2023-10-09,106,Dairy_Product_6,Dairy,21.65,11.86,22.29,24
2023-10-10,106,Dairy_Product_6,Dairy,20.67,11.86,22.63,28
2023-10-11,106,Dairy_Product_6,Dairy,22.57,11.86,21.01,23
2023-10-12,106,Dairy_Product_6,Dairy,23.0,11.86,18.94,23
2023-10-13,106,Dairy_Product_6,Dairy,20.55,11.86,20.86,22
2023-10-14,106,Dairy_Product_6,Dairy,19.7,11.86,22.91,26
2023-10-15,106,Dairy_Product_6,Dairy,22.22,11.86,22.8,24
2023-10-16,106,Dairy_Product_6,Dairy,21.95,11.86,19.47,20
2023-10-17,106,Dairy_Product_6,Dairy,21.26,11.86,18.48,24
2023-10-18,106,Dairy_Product_6,Dairy,22.31,11.86,23.33,30
2023-10-19,106,Dairy_Product_6,Dairy,21.9,11.86,19.12,25
2023-10-20,106,Dairy_Product_6,Dairy,20.6,11.86,18.97,26
2023-10-21,106,Dairy_Product_6,Dairy,21.24,11.86,18.45,25
2023-10-22,106,Dairy_Product_6,Dairy,21.37,11.86,21.24,27
2023-10-23,106,Dairy_Product_6,Dairy,23.33,11.86,21.7,20
2023-10-24,106,Dairy_Product_6,Dairy,23.68,11.86,22.58,24
2023-10-25,106,Dairy_Product_6,Dairy,23.39,11.86,20.36,24
2023-10-26,106,Dairy_Product_6,Dairy,22.63,11.86,23.05,27
2023-10-27,106,Dairy_Product_6,Dairy,22.05,11.86,19.53,27
2023-10-28,106,Dairy_Product_6,Dairy,22.5,11.86,23.84,23
2023-10-29,106,Dairy_Product_6,Dairy,23.59,11.86,22.15,25
2023-10-30,106,Dairy_Product_6,Dairy,20.6,11.86,22.23,24
2023-10-31,106,Dairy_Product_6,Dairy,21.84,11.86,19.79,24
2023-11-01,106,Dairy_Product_6,Dairy,22.51,11.86,18.91,22
2023-11-02,106,Dairy_Product_6,Dairy,22.46,11.86,21.45,26
2023-11-03,106,Dairy_Product_6,Dairy,20.61,11.86,22.43,28
2023-11-04,106,Dairy_Product_6,Dairy,22.06,11.86,19.05,24
2023-11-05,106,Dairy_Product_6,Dairy,22.97,11.86,24.61,21
2023-11-06,106,Dairy_Product_6,Dairy,21.57,11.86,24.81,29
2023-11-07,106,Dairy_Product_6,Dairy,22.95,11.86,21.98,23
2023-11-08,106,Dairy_Product_6,Dairy,21.08,11.86,24.61,32
2023-11-09,106,Dairy_Product_6,Dairy,23.59,11.86,19.6,26
2023-11-10,106,Dairy_Product_6,Dairy,21.83,11.86,18.6,21
2023-11-11,106,Dairy_Product_6,Dairy,22.1,11.86,18.69,25
2023-11-12,106,Dairy_Product_6,Dairy,19.65,11.86,22.25,29
2023-11-13,106,Dairy_Product_6,Dairy,20.25,11.86,18.83,26
2023-11-14,106,Dairy_Product_6,Dairy,22.26,11.86,24.67,28
2023-11-15,106,Dairy_Product_6,Dairy,21.34,11.86,19.35,27
2023-11-16,106,Dairy_Product_6,Dairy,21.72,11.86,20.41,29
2023-11-17,106,Dairy_Product_6,Dairy,19.79,11.86,23.78,27
2023-11-18,106,Dairy_Product_6,Dairy,23.13,11.86,19.85,21
2023-11-19,106,Dairy_Product_6,Dairy,22.92,11.86,20.01,26
2023-11-20,106,Dairy_Product_6,Dairy,20.32,11.86,22.61,22
2023-11-21,106,Dairy_Product_6,Dairy,22.27,11.86,20.23,27
2023-11-22,106,Dairy_Product_6,Dairy,23.06,11.86,19.84,24
2023-11-23,106,Dairy_Product_6,Dairy,22.29,11.86,20.08,19
2023-11-24,106,Dairy_Product_6,Dairy,20.86,11.86,21.62,25
2023-11-25,106,Dairy_Product_6,Dairy,22.36,11.86,24.71,31
2023-11-26,106,Dairy_Product_6,Dairy,20.43,11.86,23.84,23
2023-11-27,106,Dairy_Product_6,Dairy,20.89,11.86,20.28,26
2023-11-28,106,Dairy_Product_6,Dairy,20.56,11.86,20.79,24
2023-11-29,106,Dairy_Product_6,Dairy,21.93,11.86,21.45,24
2023-11-30,106,Dairy_Product_6,Dairy,19.98,11.86,24.8,36
2023-12-01,106,Dairy_Product_6,Dairy,23.56,11.86,19.55,25
2023-12-02,106,Dairy_Product_6,Dairy,20.96,11.86,20.76,28
2023-12-03,106,Dairy_Product_6,Dairy,20.46,11.86,23.18,27
2023-12-04,106,Dairy_Product_6,Dairy,21.67,11.86,24.7,24
2023-12-05,106,Dairy_Product_6,Dairy,20.72,11.86,19.44,23
2023-12-06,106,Dairy_Product_6,Dairy,21.83,11.86,19.91,28
2023-12-07,106,Dairy_Product_6,Dairy,21.03,11.86,19.9,26
2023-12-08,106,Dairy_Product_6,Dairy,20.09,11.86,18.57,24
2023-12-09,106,Dairy_Product_6,Dairy,20.67,11.86,22.36,28
2023-12-10,106,Dairy_Product_6,Dairy,21.42,11.86,22.79,30
2023-12-11,106,Dairy_Product_6,Dairy,19.65,11.86,22.35,30
2023-12-12,106,Dairy_Product_6,Dairy,22.86,11.86,18.89,22
2023-12-13,106,Dairy_Product_6,Dairy,22.21,11.86,18.88,21
2023-12-14,106,Dairy_Product_6,Dairy,22.12,11.86,19.8,24
2023-12-15,106,Dairy_Product_6,Dairy,21.88,11.86,20.32,28
2023-12-16,106,Dairy_Product_6,Dairy,22.07,11.86,23.55,30
2023-12-17,106,Dairy_Product_6,Dairy,23.57,11.86,19.47,24
2023-12-18,106,Dairy_Product_6,Dairy,19.55,11.86,18.72,26
2023-12-19,106,Dairy_Product_6,Dairy,19.72,11.86,20.99,27
2023-12-20,106,Dairy_Product_6,Dairy,20.34,11.86,21.14,28
2023-12-21,106,Dairy_Product_6,Dairy,20.24,11.86,21.36,30
2023-12-22,106,Dairy_Product_6,Dairy,20.3,11.86,23.81,34
2023-12-23,106,Dairy_Product_6,Dairy,22.43,11.86,19.07,24
2023-12-24,106,Dairy_Product_6,Dairy,21.51,11.86,23.01,36
2023-12-25,106,Dairy_Product_6,Dairy,23.82,11.86,20.63,25
2023-12-26,106,Dairy_Product_6,Dairy,20.5,11.86,20.45,26
2023-12-27,106,Dairy_Product_6,Dairy,20.86,11.86,24.5,35
2023-12-28,106,Dairy_Product_6,Dairy,23.78,11.86,20.05,19
2023-12-29,106,Dairy_Product_6,Dairy,23.12,11.86,22.61,28
2023-12-30,106,Dairy_Product_6,Dairy,21.55,11.86,20.22,27
2023-12-31,106,Dairy_Product_6,Dairy,21.92,11.86,21.73,30
2024-01-01,106,Dairy_Product_6,Dairy,23.17,11.86,23.55,28
2023-01-01,107,Snacks_Product_7,Snacks,4.82,3.21,4.92,34
2023-01-02,107,Snacks_Product_7,Snacks,5.19,3.21,4.56,27
2023-01-03,107,Snacks_Product_7,Snacks,5.26,3.21,5.17,26
2023-01-04,107,Snacks_Product_7,Snacks,4.96,3.21,4.52,30
2023-01-05,107,Snacks_Product_7,Snacks,4.68,3.21,5.89,29
2023-01-06,107,Snacks_Product_7,Snacks,4.69,3.21,4.45,31
2023-01-07,107,Snacks_Product_7,Snacks,4.68,3.21,5.56,44
2023-01-08,107,Snacks_Product_7,Snacks,5.41,3.21,5.2,31
2023-01-09,107,Snacks_Product_7,Snacks,4.98,3.21,4.96,29
2023-01-10,107,Snacks_Product_7,Snacks,5.47,3.21,4.49,30
2023-01-11,107,Snacks_Product_7,Snacks,5.09,3.21,5.35,28
2023-01-12,107,Snacks_Product_7,Snacks,5.12,3.21,5.3,28
2023-01-13,107,Snacks_Product_7,Snacks,5.18,3.21,4.82,28
2023-01-14,107,Snacks_Product_7,Snacks,5.38,3.21,5.8,30
2023-01-15,107,Snacks_Product_7,Snacks,4.93,3.21,4.86,27
2023-01-16,107,Snacks_Product_7,Snacks,4.77,3.21,5.09,30
2023-01-17,107,Snacks_Product_7,Snacks,5.22,3.21,5.23,29
2023-01-18,107,Snacks_Product_7,Snacks,4.99,3.21,4.55,33
2023-01-19,107,Snacks_Product_7,Snacks,5.11,3.21,5.83,25
2023-01-20,107,Snacks_Product_7,Snacks,5.32,3.21,4.97,24
2023-01-21,107,Snacks_Product_7,Snacks,5.16,3.21,4.51,29
2023-01-22,107,Snacks_Product_7,Snacks,5.29,3.21,4.99,34
2023-01-23,107,Snacks_Product_7,Snacks,5.21,3.21,5.32,31
2023-01-24,107,Snacks_Product_7,Snacks,5.41,3.21,5.19,29
2023-01-25,107,Snacks_Product_7,Snacks,5.38,3.21,5.47,29
2023-01-26,107,Snacks_Product_7,Snacks,5.2,3.21,4.48,31
2023-01-27,107,Snacks_Product_7,Snacks,5.35,3.21,4.83,31
2023-01-28,107,Snacks_Product_7,Snacks,5.55,3.21,5.66,28
2023-01-29,107,Snacks_Product_7,Snacks,5.09,3.21,4.51,27
2023-01-30,107,Snacks_Product_7,Snacks,5.07,3.21,5.72,29
2023-01-31,107,Snacks_Product_7,Snacks,5.44,3.21,4.53,31
2023-02-01,107,Snacks_Product_7,Snacks,5.25,3.21,5.68,27
2023-02-02,107,Snacks_Product_7,Snacks,4.72,3.21,4.95,38
2023-02-03,107,Snacks_Product_7,Snacks,5.57,3.21,5.34,28
2023-02-04,107,Snacks_Product_7,Snacks,4.68,3.21,4.63,32
2023-02-05,107,Snacks_Product_7,Snacks,5.42,3.21,4.49,30
2023-02-06,107,Snacks_Product_7,Snacks,5.43,3.21,4.72,27
2023-02-07,107,Snacks_Product_7,Snacks,5.63,3.21,4.59,27
2023-02-08,107,Snacks_Product_7,Snacks,4.7,3.21,4.87,32
2023-02-09,107,Snacks_Product_7,Snacks,5.26,3.21,5.19,28
2023-02-10,107,Snacks_Product_7,Snacks,5.09,3.21,5.3,29
2023-02-11,107,Snacks_Product_7,Snacks,4.99,3.21,5.61,29
2023-02-12,107,Snacks_Product_7,Snacks,4.74,3.21,5.41,37
2023-02-13,107,Snacks_Product_7,Snacks,5.23,3.21,5.33,32
2023-02-14,107,Snacks_Product_7,Snacks,5.14,3.21,5.03,29
2023-02-15,107,Snacks_Product_7,Snacks,4.76,3.21,5.12,36
2023-02-16,107,Snacks_Product_7,Snacks,5.28,3.21,5.03,29
2023-02-17,107,Snacks_Product_7,Snacks,5.41,3.21,5.69,25
2023-02-18,107,Snacks_Product_7,Snacks,5.44,3.21,4.75,31
2023-02-19,107,Snacks_Product_7,Snacks,5.58,3.21,4.4,33
2023-02-20,107,Snacks_Product_7,Snacks,5.07,3.21,5.4,33
2023-02-21,107,Snacks_Product_7,Snacks,5.63,3.21,4.7,23
2023-02-22,107,Snacks_Product_7,Snacks,5.54,3.21,5.77,31
2023-02-23,107,Snacks_Product_7,Snacks,4.95,3.21,5.72,32
2023-02-24,107,Snacks_Product_7,Snacks,4.81,3.21,4.51,34
2023-02-25,107,Snacks_Product_7,Snacks,5.1,3.21,4.55,27
2023-02-26,107,Snacks_Product_7,Snacks,5.06,3.21,5.16,30
2023-02-27,107,Snacks_Product_7,Snacks,5.24,3.21,5.33,27
2023-02-28,107,Snacks_Product_7,Snacks,5.25,3.21,4.82,31
2023-03-01,107,Snacks_Product_7,Snacks,5.42,3.21,5.5,27
2023-03-02,107,Snacks_Product_7,Snacks,5.17,3.21,5.31,34
2023-03-03,107,Snacks_Product_7,Snacks,4.76,3.21,4.89,30
2023-03-04,107,Snacks_Product_7,Snacks,5.53,3.21,4.43,21
2023-03-05,107,Snacks_Product_7,Snacks,4.97,3.21,5.55,35
2023-03-06,107,Snacks_Product_7,Snacks,5.65,3.21,4.72,29
2023-03-07,107,Snacks_Product_7,Snacks,4.77,3.21,5.68,39
2023-03-08,107,Snacks_Product_7,Snacks,5.64,3.21,5.04,24
2023-03-09,107,Snacks_Product_7,Snacks,4.74,3.21,5.28,31
2023-03-10,107,Snacks_Product_7,Snacks,4.89,3.21,5.74,33
2023-03-11,107,Snacks_Product_7,Snacks,4.7,3.21,5.73,36
2023-03-12,107,Snacks_Product_7,Snacks,5.38,3.21,4.97,26
2023-03-13,107,Snacks_Product_7,Snacks,5.53,3.21,4.71,31
2023-03-14,107,Snacks_Product_7,Snacks,5.1,3.21,5.59,31
2023-03-15,107,Snacks_Product_7,Snacks,5.61,3.21,5.06,25
2023-03-16,107,Snacks_Product_7,Snacks,5.26,3.21,4.69,28
2023-03-17,107,Snacks_Product_7,Snacks,5.3,3.21,5.79,34
2023-03-18,107,Snacks_Product_7,Snacks,5.52,3.21,4.7,25
2023-03-19,107,Snacks_Product_7,Snacks,4.95,3.21,4.43,34
2023-03-20,107,Snacks_Product_7,Snacks,5.01,3.21,4.42,32
2023-03-21,107,Snacks_Product_7,Snacks,5.58,3.21,5.35,30
2023-03-22,107,Snacks_Product_7,Snacks,5.58,3.21,5.41,26
2023-03-23,107,Snacks_Product_7,Snacks,5.66,3.21,4.87,25
2023-03-24,107,Snacks_Product_7,Snacks,5.58,3.21,4.89,28
2023-03-25,107,Snacks_Product_7,Snacks,4.78,3.21,4.92,29
2023-03-26,107,Snacks_Product_7,Snacks,5.5,3.21,5.44,30
2023-03-27,107,Snacks_Product_7,Snacks,5.07,3.21,4.48,35
2023-03-28,107,Snacks_Product_7,Snacks,5.67,3.21,5.83,30
2023-03-29,107,Snacks_Product_7,Snacks,5.14,3.21,4.73,30
2023-03-30,107,Snacks_Product_7,Snacks,5.22,3.21,5.94,32
2023-03-31,107,Snacks_Product_7,Snacks,5.2,3.21,4.66,34
2023-04-01,107,Snacks_Product_7,Snacks,4.98,3.21,5.59,39
2023-04-02,107,Snacks_Product_7,Snacks,4.73,3.21,4.74,33
2023-04-03,107,Snacks_Product_7,Snacks,5.57,3.21,4.52,30
2023-04-04,107,Snacks_Product_7,Snacks,5.48,3.21,5.75,33
2023-04-05,107,Snacks_Product_7,Snacks,4.79,3.21,5.72,40
2023-04-06,107,Snacks_Product_7,Snacks,5.45,3.21,5.02,32
2023-04-07,107,Snacks_Product_7,Snacks,5.29,3.21,5.48,38
2023-04-08,107,Snacks_Product_7,Snacks,5.07,3.21,5.25,31
2023-04-09,107,Snacks_Product_7,Snacks,4.91,3.21,5.71,29
2023-04-10,107,Snacks_Product_7,Snacks,5.54,3.21,4.88,27
2023-04-11,107,Snacks_Product_7,Snacks,5.37,3.21,5.2,28
2023-04-12,107,Snacks_Product_7,Snacks,5.21,3.21,5.14,37
2023-04-13,107,Snacks_Product_7,Snacks,5.28,3.21,4.94,34
2023-04-14,107,Snacks_Product_7,Snacks,4.74,3.21,5.77,32
2023-04-15,107,Snacks_Product_7,Snacks,5.14,3.21,4.65,34
2023-04-16,107,Snacks_Product_7,Snacks,4.85,3.21,4.62,32
2023-04-17,107,Snacks_Product_7,Snacks,4.86,3.21,5.28,39
2023-04-18,107,Snacks_Product_7,Snacks,5.33,3.21,5.41,32
2023-04-19,107,Snacks_Product_7,Snacks,5.59,3.21,4.69,26
2023-04-20,107,Snacks_Product_7,Snacks,5.07,3.21,5.0,31
2023-04-21,107,Snacks_Product_7,Snacks,4.86,3.21,5.86,33
2023-04-22,107,Snacks_Product_7,Snacks,5.32,3.21,4.77,26
2023-04-23,107,Snacks_Product_7,Snacks,5.55,3.21,5.43,32
2023-04-24,107,Snacks_Product_7,Snacks,5.42,3.21,5.54,34
2023-04-25,107,Snacks_Product_7,Snacks,5.55,3.21,5.08,28
2023-04-26,107,Snacks_Product_7,Snacks,5.2,3.21,5.84,34
2023-04-27,107,Snacks_Product_7,Snacks,5.42,3.21,5.53,29
2023-04-28,107,Snacks_Product_7,Snacks,4.79,3.21,5.1,32
2023-04-29,107,Snacks_Product_7,Snacks,5.01,3.21,5.27,31
2023-04-30,107,Snacks_Product_7,Snacks,5.05,3.21,5.46,32
2023-05-01,107,Snacks_Product_7,Snacks,5.18,3.21,5.31,34
2023-05-02,107,Snacks_Product_7,Snacks,5.61,3.21,5.75,27
2023-05-03,107,Snacks_Product_7,Snacks,5.55,3.21,4.94,34
2023-05-04,107,Snacks_Product_7,Snacks,4.79,3.21,4.85,35
2023-05-05,107,Snacks_Product_7,Snacks,4.83,3.21,4.72,33
2023-05-06,107,Snacks_Product_7,Snacks,5.02,3.21,4.45,28
2023-05-07,107,Snacks_Product_7,Snacks,4.95,3.21,4.46,28
2023-05-08,107,Snacks_Product_7,Snacks,5.28,3.21,5.74,35
2023-05-09,107,Snacks_Product_7,Snacks,5.58,3.21,5.44,27
2023-05-10,107,Snacks_Product_7,Snacks,5.64,3.21,5.41,30
2023-05-11,107,Snacks_Product_7,Snacks,5.32,3.21,5.34,34
2023-05-12,107,Snacks_Product_7,Snacks,5.51,3.21,5.71,30
2023-05-13,107,Snacks_Product_7,Snacks,5.19,3.21,5.13,35
2023-05-14,107,Snacks_Product_7,Snacks,4.86,3.21,5.74,31
2023-05-15,107,Snacks_Product_7,Snacks,5.19,3.21,4.95,27
2023-05-16,107,Snacks_Product_7,Snacks,5.22,3.21,5.83,33
2023-05-17,107,Snacks_Product_7,Snacks,5.41,3.21,5.47,31
2023-05-18,107,Snacks_Product_7,Snacks,4.88,3.21,4.79,42
2023-05-19,107,Snacks_Product_7,Snacks,5.03,3.21,5.26,28
2023-05-20,107,Snacks_Product_7,Snacks,5.02,3.21,5.22,31
2023-05-21,107,Snacks_Product_7,Snacks,5.64,3.21,4.6,26
2023-05-22,107,Snacks_Product_7,Snacks,5.11,3.21,5.31,30
2023-05-23,107,Snacks_Product_7,Snacks,5.43,3.21,4.88,28
2023-05-24,107,Snacks_Product_7,Snacks,5.42,3.21,4.47,26
2023-05-25,107,Snacks_Product_7,Snacks,4.92,3.21,5.86,33
2023-05-26,107,Snacks_Product_7,Snacks,5.24,3.21,5.38,30
2023-05-27,107,Snacks_Product_7,Snacks,5.57,3.21,5.75,35
2023-05-28,107,Snacks_Product_7,Snacks,5.14,3.21,5.44,29
2023-05-29,107,Snacks_Product_7,Snacks,5.62,3.21,4.94,35
2023-05-30,107,Snacks_Product_7,Snacks,4.87,3.21,5.18,32
2023-05-31,107,Snacks_Product_7,Snacks,4.72,3.21,5.44,36
2023-06-01,107,Snacks_Product_7,Snacks,5.57,3.21,5.88,30
2023-06-02,107,Snacks_Product_7,Snacks,5.52,3.21,4.78,27
2023-06-03,107,Snacks_Product_7,Snacks,5.67,3.21,5.75,28
2023-06-04,107,Snacks_Product_7,Snacks,5.35,3.21,5.82,27
2023-06-05,107,Snacks_Product_7,Snacks,5.62,3.21,5.43,29
2023-06-06,107,Snacks_Product_7,Snacks,5.5,3.21,5.83,31
2023-06-07,107,Snacks_Product_7,Snacks,5.52,3.21,5.01,28
2023-06-08,107,Snacks_Product_7,Snacks,5.24,3.21,5.87,35
2023-06-09,107,Snacks_Product_7,Snacks,5.04,3.21,5.48,30
2023-06-10,107,Snacks_Product_7,Snacks,5.61,3.21,4.45,23
2023-06-11,107,Snacks_Product_7,Snacks,5.09,3.21,5.79,45
2023-06-12,107,Snacks_Product_7,Snacks,5.2,3.21,5.14,27
2023-06-13,107,Snacks_Product_7,Snacks,5.11,3.21,5.1,33
2023-06-14,107,Snacks_Product_7,Snacks,5.23,3.21,5.27,25
2023-06-15,107,Snacks_Product_7,Snacks,5.13,3.21,4.62,29
2023-06-16,107,Snacks_Product_7,Snacks,4.7,3.21,5.12,29
2023-06-17,107,Snacks_Product_7,Snacks,5.56,3.21,5.68,21
2023-06-18,107,Snacks_Product_7,Snacks,5.11,3.21,4.41,29
2023-06-19,107,Snacks_Product_7,Snacks,5.26,3.21,4.81,28
2023-06-20,107,Snacks_Product_7,Snacks,4.79,3.21,4.39,30
2023-06-21,107,Snacks_Product_7,Snacks,4.65,3.21,5.03,32
2023-06-22,107,Snacks_Product_7,Snacks,4.9,3.21,5.52,30
2023-06-23,107,Snacks_Product_7,Snacks,5.38,3.21,5.63,29
2023-06-24,107,Snacks_Product_7,Snacks,4.75,3.21,5.85,32
2023-06-25,107,Snacks_Product_7,Snacks,5.59,3.21,5.33,27
2023-06-26,107,Snacks_Product_7,Snacks,4.87,3.21,4.78,29
2023-06-27,107,Snacks_Product_7,Snacks,4.86,3.21,5.82,27
2023-06-28,107,Snacks_Product_7,Snacks,4.84,3.21,5.59,32
2023-06-29,107,Snacks_Product_7,Snacks,4.66,3.21,5.28,30
2023-06-30,107,Snacks_Product_7,Snacks,5.45,3.21,5.47,28
2023-07-01,107,Snacks_Product_7,Snacks,5.55,3.21,5.82,30
2023-07-02,107,Snacks_Product_7,Snacks,5.28,3.21,5.49,29
2023-07-03,107,Snacks_Product_7,Snacks,4.84,3.21,4.96,27
2023-07-04,107,Snacks_Product_7,Snacks,4.94,3.21,5.49,35
2023-07-05,107,Snacks_Product_7,Snacks,5.14,3.21,4.45,25
2023-07-06,107,Snacks_Product_7,Snacks,5.63,3.21,4.99,24
2023-07-07,107,Snacks_Product_7,Snacks,4.9,3.21,5.02,31
2023-07-08,107,Snacks_Product_7,Snacks,5.4,3.21,4.65,33
2023-07-09,107,Snacks_Product_7,Snacks,5.1,3.21,4.43,27
2023-07-10,107,Snacks_Product_7,Snacks,4.96,3.21,4.6,29
2023-07-11,107,Snacks_Product_7,Snacks,5.12,3.21,5.4,25
2023-07-12,107,Snacks_Product_7,Snacks,4.72,3.21,5.63,27
2023-07-13,107,Snacks_Product_7,Snacks,5.47,3.21,5.92,31
2023-07-14,107,Snacks_Product_7,Snacks,4.9,3.21,4.93,29
2023-07-15,107,Snacks_Product_7,Snacks,5.4,3.21,5.32,30
2023-07-16,107,Snacks_Product_7,Snacks,4.72,3.21,5.84,34
2023-07-17,107,Snacks_Product_7,Snacks,5.63,3.21,4.65,21
2023-07-18,107,Snacks_Product_7,Snacks,4.85,3.21,5.5,27
2023-07-19,107,Snacks_Product_7,Snacks,5.56,3.21,5.56,28
2023-07-20,107,Snacks_Product_7,Snacks,5.48,3.21,4.53,22
2023-07-21,107,Snacks_Product_7,Snacks,5.65,3.21,5.72,25
2023-07-22,107,Snacks_Product_7,Snacks,5.14,3.21,5.65,32
2023-07-23,107,Snacks_Product_7,Snacks,5.4,3.21,4.44,24
2023-07-24,107,Snacks_Product_7,Snacks,5.03,3.21,4.53,30
2023-07-25,107,Snacks_Product_7,Snacks,4.84,3.21,4.47,28
2023-07-26,107,Snacks_Product_7,Snacks,5.11,3.21,4.91,26
2023-07-27,107,Snacks_Product_7,Snacks,4.82,3.21,5.18,24
2023-07-28,107,Snacks_Product_7,Snacks,5.66,3.21,5.21,27
2023-07-29,107,Snacks_Product_7,Snacks,4.75,3.21,4.8,32
2023-07-30,107,Snacks_Product_7,Snacks,5.26,3.21,5.8,26
2023-07-31,107,Snacks_Product_7,Snacks,5.3,3.21,4.96,26
2023-08-01,107,Snacks_Product_7,Snacks,5.2,3.21,4.46,22
2023-08-02,107,Snacks_Product_7,Snacks,5.33,3.21,4.85,26
2023-08-03,107,Snacks_Product_7,Snacks,4.77,3.21,5.21,29
2023-08-04,107,Snacks_Product_7,Snacks,5.22,3.21,5.02,29
2023-08-05,107,Snacks_Product_7,Snacks,4.94,3.21,4.81,29
2023-08-06,107,Snacks_Product_7,Snacks,5.62,3.21,4.59,20
2023-08-07,107,Snacks_Product_7,Snacks,5.44,3.21,5.66,26
2023-08-08,107,Snacks_Product_7,Snacks,5.65,3.21,5.93,24
2023-08-09,107,Snacks_Product_7,Snacks,4.69,3.21,4.9,28
2023-08-10,107,Snacks_Product_7,Snacks,4.94,3.21,4.98,27
2023-08-11,107,Snacks_Product_7,Snacks,4.85,3.21,5.35,32
2023-08-12,107,Snacks_Product_7,Snacks,4.66,3.21,5.5,30
2023-08-13,107,Snacks_Product_7,Snacks,4.9,3.21,5.0,31
2023-08-14,107,Snacks_Product_7,Snacks,5.35,3.21,5.79,26
2023-08-15,107,Snacks_Product_7,Snacks,4.89,3.21,5.26,24
2023-08-16,107,Snacks_Product_7,Snacks,5.17,3.21,5.09,30
