data/raw/retail_transactions.csv
date,sku_id,product_name,category,price,cost,competitor_price,quantity_sold
2023-08-17,107,Snacks_Product_7,Snacks,5.57,3.21,5.39,27
2023-08-18,107,Snacks_Product_7,Snacks,5.36,3.21,5.87,24
2023-08-19,107,Snacks_Product_7,Snacks,5.06,3.21,5.62,29
2023-08-20,107,Snacks_Product_7,Snacks,5.03,3.21,4.45,28
2023-08-21,107,Snacks_Product_7,Snacks,5.12,3.21,4.9,27
2023-08-22,107,Snacks_Product_7,Snacks,4.83,3.21,5.12,25
2023-08-23,107,Snacks_Product_7,Snacks,5.3,3.21,4.88,25
2023-08-24,107,Snacks_Product_7,Snacks,5.02,3.21,5.47,29
2023-08-25,107,Snacks_Product_7,Snacks,5.53,3.21,5.67,26
2023-08-26,107,Snacks_Product_7,Snacks,5.43,3.21,5.52,30
2023-08-27,107,Snacks_Product_7,Snacks,5.28,3.21,5.92,26
2023-08-28,107,Snacks_Product_7,Snacks,5.02,3.21,4.81,24
2023-08-29,107,Snacks_Product_7,Snacks,4.86,3.21,5.75,36
2023-08-30,107,Snacks_Product_7,Snacks,5.45,3.21,5.58,27
2023-08-31,107,Snacks_Product_7,Snacks,5.15,3.21,4.95,27
2023-09-01,107,Snacks_Product_7,Snacks,4.88,3.21,5.53,29
2023-09-02,107,Snacks_Product_7,Snacks,4.85,3.21,4.55,26
2023-09-03,107,Snacks_Product_7,Snacks,4.82,3.21,5.61,27
2023-09-04,107,Snacks_Product_7,Snacks,5.45,3.21,5.21,19
2023-09-05,107,Snacks_Product_7,Snacks,4.88,3.21,4.84,24
2023-09-06,107,Snacks_Product_7,Snacks,5.19,3.21,5.41,27
2023-09-07,107,Snacks_Product_7,Snacks,5.11,3.21,5.38,19
2023-09-08,107,Snacks_Product_7,Snacks,5.25,3.21,4.71,26
2023-09-09,107,Snacks_Product_7,Snacks,5.55,3.21,4.44,26
2023-09-10,107,Snacks_Product_7,Snacks,5.54,3.21,5.06,29
2023-09-11,107,Snacks_Product_7,Snacks,5.11,3.21,5.27,28
2023-09-12,107,Snacks_Product_7,Snacks,4.66,3.21,5.75,31
2023-09-13,107,Snacks_Product_7,Snacks,5.09,3.21,5.83,32
2023-09-14,107,Snacks_Product_7,Snacks,5.27,3.21,5.21,29
2023-09-15,107,Snacks_Product_7,Snacks,5.22,3.21,5.56,28
2023-09-16,107,Snacks_Product_7,Snacks,5.32,3.21,5.07,25
2023-09-17,107,Snacks_Product_7,Snacks,4.81,3.21,5.55,28
2023-09-18,107,Snacks_Product_7,Snacks,5.32,3.21,4.71,25
2023-09-19,107,Snacks_Product_7,Snacks,4.84,3.21,4.96,30
2023-09-20,107,Snacks_Product_7,Snacks,5.42,3.21,5.37,28
2023-09-21,107,Snacks_Product_7,Snacks,5.0,3.21,4.42,24
2023-09-22,107,Snacks_Product_7,Snacks,5.38,3.21,5.51,30
2023-09-23,107,Snacks_Product_7,Snacks,4.7,3.21,5.68,26
2023-09-24,107,Snacks_Product_7,Snacks,5.07,3.21,5.01,23
2023-09-25,107,Snacks_Product_7,Snacks,5.38,3.21,5.08,26
2023-09-26,107,Snacks_Product_7,Snacks,4.88,3.21,5.71,25
2023-09-27,107,Snacks_Product_7,Snacks,5.47,3.21,5.59,29
2023-09-28,107,Snacks_Product_7,Snacks,5.3,3.21,4.84,23
2023-09-29,107,Snacks_Product_7,Snacks,5.25,3.21,4.89,25
2023-09-30,107,Snacks_Product_7,Snacks,5.01,3.21,5.44,29
2023-10-01,107,Snacks_Product_7,Snacks,5.15,3.21,5.26,24
2023-10-02,107,Snacks_Product_7,Snacks,5.27,3.21,4.64,27
2023-10-03,107,Snacks_Product_7,Snacks,5.14,3.21,4.87,23
2023-10-04,107,Snacks_Product_7,Snacks,5.37,3.21,5.78,27
2023-10-05,107,Snacks_Product_7,Snacks,5.1,3.21,5.46,28
2023-10-06,107,Snacks_Product_7,Snacks,4.86,3.21,5.92,27
2023-10-07,107,Snacks_Product_7,Snacks,4.87,3.21,5.58,28
2023-10-08,107,Snacks_Product_7,Snacks,4.65,3.21,5.85,30
2023-10-09,107,Snacks_Product_7,Snacks,4.96,3.21,4.72,25
2023-10-10,107,Snacks_Product_7,Snacks,5.42,3.21,5.59,29
2023-10-11,107,Snacks_Product_7,Snacks,5.47,3.21,4.42,28
2023-10-12,107,Snacks_Product_7,Snacks,4.86,3.21,5.43,25
2023-10-13,107,Snacks_Product_7,Snacks,5.64,3.21,5.12,29
2023-10-14,107,Snacks_Product_7,Snacks,5.17,3.21,4.93,25
2023-10-15,107,Snacks_Product_7,Snacks,5.6,3.21,5.73,32
2023-10-16,107,Snacks_Product_7,Snacks,5.38,3.21,5.71,25
2023-10-17,107,Snacks_Product_7,Snacks,5.39,3.21,4.42,27
2023-10-18,107,Snacks_Product_7,Snacks,4.74,3.21,5.33,29
2023-10-19,107,Snacks_Product_7,Snacks,4.88,3.21,4.96,26
2023-10-20,107,Snacks_Product_7,Snacks,4.66,3.21,5.03,27
2023-10-21,107,Snacks_Product_7,Snacks,5.39,3.21,5.68,30
2023-10-22,107,Snacks_Product_7,Snacks,5.0,3.21,4.87,25
2023-10-23,107,Snacks_Product_7,Snacks,5.46,3.21,5.85,25
2023-10-24,107,Snacks_Product_7,Snacks,5.0,3.21,4.67,24
2023-10-25,107,Snacks_Product_7,Snacks,5.49,3.21,5.42,31
2023-10-26,107,Snacks_Product_7,Snacks,4.78,3.21,5.43,27
2023-10-27,107,Snacks_Product_7,Snacks,4.83,3.21,4.78,30
2023-10-28,107,Snacks_Product_7,Snacks,5.0,3.21,4.89,24
2023-10-29,107,Snacks_Product_7,Snacks,5.07,3.21,5.68,31
2023-10-30,107,Snacks_Product_7,Snacks,5.01,3.21,5.57,30
2023-10-31,107,Snacks_Product_7,Snacks,5.44,3.21,4.9,24
2023-11-01,107,Snacks_Product_7,Snacks,4.75,3.21,5.22,26
2023-11-02,107,Snacks_Product_7,Snacks,5.01,3.21,4.49,25
2023-11-03,107,Snacks_Product_7,Snacks,5.51,3.21,4.71,23
2023-11-04,107,Snacks_Product_7,Snacks,4.72,3.21,5.14,31
2023-11-05,107,Snacks_Product_7,Snacks,5.62,3.21,4.52,24
2023-11-06,107,Snacks_Product_7,Snacks,5.67,3.21,5.7,23
2023-11-07,107,Snacks_Product_7,Snacks,4.74,3.21,5.5,29
2023-11-08,107,Snacks_Product_7,Snacks,4.95,3.21,5.85,27
2023-11-09,107,Snacks_Product_7,Snacks,5.03,3.21,5.46,22
2023-11-10,107,Snacks_Product_7,Snacks,5.45,3.21,5.85,26
2023-11-11,107,Snacks_Product_7,Snacks,5.26,3.21,5.25,28
2023-11-12,107,Snacks_Product_7,Snacks,5.31,3.21,5.32,26
2023-11-13,107,Snacks_Product_7,Snacks,5.43,3.21,5.9,27
2023-11-14,107,Snacks_Product_7,Snacks,4.77,3.21,5.38,30
2023-11-15,107,Snacks_Product_7,Snacks,5.51,3.21,4.44,24
2023-11-16,107,Snacks_Product_7,Snacks,5.38,3.21,5.51,28
2023-11-17,107,Snacks_Product_7,Snacks,5.24,3.21,5.79,32
2023-11-18,107,Snacks_Product_7,Snacks,5.57,3.21,5.62,22
2023-11-19,107,Snacks_Product_7,Snacks,5.37,3.21,5.29,25
2023-11-20,107,Snacks_Product_7,Snacks,4.86,3.21,5.43,35
2023-11-21,107,Snacks_Product_7,Snacks,5.09,3.21,5.92,27
2023-11-22,107,Snacks_Product_7,Snacks,5.16,3.21,4.53,26
2023-11-23,107,Snacks_Product_7,Snacks,4.71,3.21,5.42,29
2023-11-24,107,Snacks_Product_7,Snacks,5.63,3.21,4.83,28
2023-11-25,107,Snacks_Product_7,Snacks,4.78,3.21,5.38,26
2023-11-26,107,Snacks_Product_7,Snacks,5.37,3.21,5.33,30
2023-11-27,107,Snacks_Product_7,Snacks,5.17,3.21,4.63,25
2023-11-28,107,Snacks_Product_7,Snacks,4.67,3.21,4.71,27
2023-11-29,107,Snacks_Product_7,Snacks,5.6,3.21,5.35,25
2023-11-30,107,Snacks_Product_7,Snacks,5.53,3.21,4.59,26
2023-12-01,107,Snacks_Product_7,Snacks,5.19,3.21,4.8,25
2023-12-02,107,Snacks_Product_7,Snacks,4.88,3.21,5.68,32
2023-12-03,107,Snacks_Product_7,Snacks,4.77,3.21,4.9,26
2023-12-04,107,Snacks_Product_7,Snacks,5.02,3.21,5.15,28
2023-12-05,107,Snacks_Product_7,Snacks,4.91,3.21,5.85,31
2023-12-06,107,Snacks_Product_7,Snacks,5.17,3.21,4.74,29
2023-12-07,107,Snacks_Product_7,Snacks,5.65,3.21,4.99,28
2023-12-08,107,Snacks_Product_7,Snacks,5.24,3.21,5.33,26
2023-12-09,107,Snacks_Product_7,Snacks,5.57,3.21,5.56,28
2023-12-10,107,Snacks_Product_7,Snacks,5.32,3.21,5.79,29
2023-12-11,107,Snacks_Product_7,Snacks,5.14,3.21,5.81,32
2023-12-12,107,Snacks_Product_7,Snacks,5.53,3.21,5.59,22
2023-12-13,107,Snacks_Product_7,Snacks,5.13,3.21,4.74,30
2023-12-14,107,Snacks_Product_7,Snacks,5.55,3.21,4.43,29
2023-12-15,107,Snacks_Product_7,Snacks,4.95,3.21,4.98,27
2023-12-16,107,Snacks_Product_7,Snacks,4.78,3.21,4.61,27
2023-12-17,107,Snacks_Product_7,Snacks,5.53,3.21,5.49,26
2023-12-18,107,Snacks_Product_7,Snacks,5.25,3.21,5.41,25
2023-12-19,107,Snacks_Product_7,Snacks,5.57,3.21,4.46,27
2023-12-20,107,Snacks_Product_7,Snacks,5.62,3.21,5.69,34
2023-12-21,107,Snacks_Product_7,Snacks,4.7,3.21,4.78,28
2023-12-22,107,Snacks_Product_7,Snacks,5.17,3.21,5.06,26
2023-12-23,107,Snacks_Product_7,Snacks,5.04,3.21,5.42,28
2023-12-24,107,Snacks_Product_7,Snacks,5.29,3.21,5.06,23
2023-12-25,107,Snacks_Product_7,Snacks,5.47,3.21,5.07,26
2023-12-26,107,Snacks_Product_7,Snacks,4.94,3.21,4.49,29
2023-12-27,107,Snacks_Product_7,Snacks,5.22,3.21,5.01,26
2023-12-28,107,Snacks_Product_7,Snacks,5.38,3.21,5.57,32
2023-12-29,107,Snacks_Product_7,Snacks,4.79,3.21,5.81,26
2023-12-30,107,Snacks_Product_7,Snacks,5.49,3.21,5.03,30
2023-12-31,107,Snacks_Product_7,Snacks,5.27,3.21,5.05,33
2024-01-01,107,Snacks_Product_7,Snacks,5.63,3.21,5.48,28
2023-01-01,108,Cereal_Product_8,Cereal,22.36,9.39,23.5,3
2023-01-02,108,Cereal_Product_8,Cereal,22.21,9.39,23.56,3
2023-01-03,108,Cereal_Product_8,Cereal,22.76,9.39,21.31,2
2023-01-04,108,Cereal_Product_8,Cereal,24.11,9.39,22.12,2
2023-01-05,108,Cereal_Product_8,Cereal,22.95,9.39,24.74,3
2023-01-06,108,Cereal_Product_8,Cereal,24.28,9.39,21.38,3
2023-01-07,108,Cereal_Product_8,Cereal,22.79,9.39,22.5,3
2023-01-08,108,Cereal_Product_8,Cereal,23.17,9.39,19.43,3
2023-01-09,108,Cereal_Product_8,Cereal,22.42,9.39,24.29,3
2023-01-10,108,Cereal_Product_8,Cereal,24.17,9.39,22.14,3
2023-01-11,108,Cereal_Product_8,Cereal,24.63,9.39,22.88,3
2023-01-12,108,Cereal_Product_8,Cereal,23.33,9.39,20.08,3
2023-01-13,108,Cereal_Product_8,Cereal,24.16,9.39,26.05,3
2023-01-14,108,Cereal_Product_8,Cereal,20.7,9.39,21.36,3
2023-01-15,108,Cereal_Product_8,Cereal,24.55,9.39,23.62,3
2023-01-16,108,Cereal_Product_8,Cereal,21.29,9.39,23.26,3
2023-01-17,108,Cereal_Product_8,Cereal,21.6,9.39,24.64,3
2023-01-18,108,Cereal_Product_8,Cereal,20.67,9.39,21.3,3
2023-01-19,108,Cereal_Product_8,Cereal,24.82,9.39,24.45,3
2023-01-20,108,Cereal_Product_8,Cereal,24.3,9.39,21.9,2
2023-01-21,108,Cereal_Product_8,Cereal,24.58,9.39,22.1,3
2023-01-22,108,Cereal_Product_8,Cereal,24.28,9.39,23.88,3
2023-01-23,108,Cereal_Product_8,Cereal,22.61,9.39,24.64,3
2023-01-24,108,Cereal_Product_8,Cereal,24.63,9.39,23.84,3
2023-01-25,108,Cereal_Product_8,Cereal,24.83,9.39,25.43,3
2023-01-26,108,Cereal_Product_8,Cereal,22.71,9.39,21.24,3
2023-01-27,108,Cereal_Product_8,Cereal,21.23,9.39,25.43,4
2023-01-28,108,Cereal_Product_8,Cereal,23.42,9.39,20.19,2
2023-01-29,108,Cereal_Product_8,Cereal,24.86,9.39,23.79,3
2023-01-30,108,Cereal_Product_8,Cereal,24.39,9.39,23.03,2
2023-01-31,108,Cereal_Product_8,Cereal,24.35,9.39,22.67,3
2023-02-01,108,Cereal_Product_8,Cereal,24.67,9.39,21.41,3
2023-02-02,108,Cereal_Product_8,Cereal,24.49,9.39,22.73,3
2023-02-03,108,Cereal_Product_8,Cereal,23.96,9.39,20.4,3
2023-02-04,108,Cereal_Product_8,Cereal,23.69,9.39,21.81,3
2023-02-05,108,Cereal_Product_8,Cereal,21.63,9.39,19.97,3
2023-02-06,108,Cereal_Product_8,Cereal,23.25,9.39,23.19,3
2023-02-07,108,Cereal_Product_8,Cereal,22.8,9.39,19.95,3
2023-02-08,108,Cereal_Product_8,Cereal,24.35,9.39,20.39,2
2023-02-09,108,Cereal_Product_8,Cereal,22.66,9.39,19.88,3
2023-02-10,108,Cereal_Product_8,Cereal,21.01,9.39,21.89,3
2023-02-11,108,Cereal_Product_8,Cereal,20.45,9.39,25.03,4
2023-02-12,108,Cereal_Product_8,Cereal,23.51,9.39,25.47,3
2023-02-13,108,Cereal_Product_8,Cereal,22.93,9.39,19.79,3
2023-02-14,108,Cereal_Product_8,Cereal,21.93,9.39,23.62,3
2023-02-15,108,Cereal_Product_8,Cereal,21.2,9.39,23.96,4
2023-02-16,108,Cereal_Product_8,Cereal,22.55,9.39,22.93,3
2023-02-17,108,Cereal_Product_8,Cereal,20.89,9.39,23.84,3
2023-02-18,108,Cereal_Product_8,Cereal,21.96,9.39,20.89,4
2023-02-19,108,Cereal_Product_8,Cereal,22.15,9.39,22.63,4
2023-02-20,108,Cereal_Product_8,Cereal,22.55,9.39,21.96,3
2023-02-21,108,Cereal_Product_8,Cereal,22.55,9.39,19.91,3
2023-02-22,108,Cereal_Product_8,Cereal,21.6,9.39,23.56,3
2023-02-23,108,Cereal_Product_8,Cereal,24.29,9.39,22.67,3
2023-02-24,108,Cereal_Product_8,Cereal,22.05,9.39,21.17,4
2023-02-25,108,Cereal_Product_8,Cereal,21.47,9.39,22.52,4
2023-02-26,108,Cereal_Product_8,Cereal,21.23,9.39,24.58,4
2023-02-27,108,Cereal_Product_8,Cereal,21.9,9.39,24.76,4
2023-02-28,108,Cereal_Product_8,Cereal,20.74,9.39,23.72,4
2023-03-01,108,Cereal_Product_8,Cereal,20.58,9.39,22.48,3
2023-03-02,108,Cereal_Product_8,Cereal,23.18,9.39,23.22,3
2023-03-03,108,Cereal_Product_8,Cereal,23.24,9.39,21.92,3
2023-03-04,108,Cereal_Product_8,Cereal,22.84,9.39,20.16,3
2023-03-05,108,Cereal_Product_8,Cereal,23.89,9.39,21.92,3
2023-03-06,108,Cereal_Product_8,Cereal,20.61,9.39,22.91,4
2023-03-07,108,Cereal_Product_8,Cereal,24.68,9.39,23.38,3
2023-03-08,108,Cereal_Product_8,Cereal,20.86,9.39,25.67,4
2023-03-09,108,Cereal_Product_8,Cereal,23.49,9.39,24.59,3
2023-03-10,108,Cereal_Product_8,Cereal,21.04,9.39,20.33,3
2023-03-11,108,Cereal_Product_8,Cereal,24.43,9.39,20.48,3
2023-03-12,108,Cereal_Product_8,Cereal,22.75,9.39,19.98,3
2023-03-13,108,Cereal_Product_8,Cereal,20.81,9.39,24.32,4
2023-03-14,108,Cereal_Product_8,Cereal,23.23,9.39,24.11,4
2023-03-15,108,Cereal_Product_8,Cereal,20.47,9.39,26.01,4
2023-03-16,108,Cereal_Product_8,Cereal,23.96,9.39,22.85,3
2023-03-17,108,Cereal_Product_8,Cereal,23.39,9.39,24.93,3
2023-03-18,108,Cereal_Product_8,Cereal,21.4,9.39,23.22,3
2023-03-19,108,Cereal_Product_8,Cereal,22.13,9.39,25.25,3
2023-03-20,108,Cereal_Product_8,Cereal,20.47,9.39,24.21,4
2023-03-21,108,Cereal_Product_8,Cereal,23.58,9.39,23.68,3
2023-03-22,108,Cereal_Product_8,Cereal,21.9,9.39,23.15,3
2023-03-23,108,Cereal_Product_8,Cereal,23.03,9.39,24.22,3
2023-03-24,108,Cereal_Product_8,Cereal,24.78,9.39,22.16,3
2023-03-25,108,Cereal_Product_8,Cereal,21.79,9.39,19.95,4
2023-03-26,108,Cereal_Product_8,Cereal,24.93,9.39,19.57,2
2023-03-27,108,Cereal_Product_8,Cereal,23.31,9.39,22.56,3
2023-03-28,108,Cereal_Product_8,Cereal,21.53,9.39,23.38,3
2023-03-29,108,Cereal_Product_8,Cereal,22.42,9.39,19.83,3
2023-03-30,108,Cereal_Product_8,Cereal,23.79,9.39,21.25,3
2023-03-31,108,Cereal_Product_8,Cereal,22.46,9.39,21.49,3
2023-04-01,108,Cereal_Product_8,Cereal,20.74,9.39,23.13,4
2023-04-02,108,Cereal_Product_8,Cereal,21.2,9.39,21.19,4
2023-04-03,108,Cereal_Product_8,Cereal,24.03,9.39,19.95,2
2023-04-04,108,Cereal_Product_8,Cereal,23.38,9.39,20.42,3
2023-04-05,108,Cereal_Product_8,Cereal,23.02,9.39,20.48,2
2023-04-06,108,Cereal_Product_8,Cereal,21.19,9.39,25.04,3
2023-04-07,108,Cereal_Product_8,Cereal,24.24,9.39,21.23,2
2023-04-08,108,Cereal_Product_8,Cereal,24.79,9.39,24.16,3
2023-04-09,108,Cereal_Product_8,Cereal,20.62,9.39,23.16,3
2023-04-10,108,Cereal_Product_8,Cereal,20.79,9.39,25.95,4
2023-04-11,108,Cereal_Product_8,Cereal,24.45,9.39,21.16,2
2023-04-12,108,Cereal_Product_8,Cereal,24.14,9.39,20.38,2
2023-04-13,108,Cereal_Product_8,Cereal,23.24,9.39,19.65,3
2023-04-14,108,Cereal_Product_8,Cereal,24.72,9.39,20.94,3
2023-04-15,108,Cereal_Product_8,Cereal,23.37,9.39,23.96,3
2023-04-16,108,Cereal_Product_8,Cereal,21.41,9.39,19.88,4
2023-04-17,108,Cereal_Product_8,Cereal,23.74,9.39,20.96,3
2023-04-18,108,Cereal_Product_8,Cereal,23.36,9.39,25.12,4
2023-04-19,108,Cereal_Product_8,Cereal,24.91,9.39,23.27,3
2023-04-20,108,Cereal_Product_8,Cereal,21.4,9.39,19.77,3
2023-04-21,108,Cereal_Product_8,Cereal,23.15,9.39,19.62,3
2023-04-22,108,Cereal_Product_8,Cereal,23.97,9.39,19.71,3
2023-04-23,108,Cereal_Product_8,Cereal,21.97,9.39,25.71,4
2023-04-24,108,Cereal_Product_8,Cereal,22.16,9.39,25.09,3
2023-04-25,108,Cereal_Product_8,Cereal,24.46,9.39,25.05,2
2023-04-26,108,Cereal_Product_8,Cereal,22.27,9.39,25.59,4
2023-04-27,108,Cereal_Product_8,Cereal,23.27,9.39,22.74,3
2023-04-28,108,Cereal_Product_8,Cereal,24.47,9.39,20.98,2
2023-04-29,108,Cereal_Product_8,Cereal,21.38,9.39,22.03,3
2023-04-30,108,Cereal_Product_8,Cereal,24.89,9.39,24.19,3
2023-05-01,108,Cereal_Product_8,Cereal,23.62,9.39,25.26,3
2023-05-02,108,Cereal_Product_8,Cereal,22.68,9.39,22.26,3
2023-05-03,108,Cereal_Product_8,Cereal,22.39,9.39,22.94,3
2023-05-04,108,Cereal_Product_8,Cereal,24.77,9.39,25.64,3
2023-05-05,108,Cereal_Product_8,Cereal,21.37,9.39,20.03,3
2023-05-06,108,Cereal_Product_8,Cereal,21.85,9.39,25.17,3
2023-05-07,108,Cereal_Product_8,Cereal,21.83,9.39,20.38,3
2023-05-08,108,Cereal_Product_8,Cereal,21.74,9.39,22.59,3
2023-05-09,108,Cereal_Product_8,Cereal,22.56,9.39,20.78,3
2023-05-10,108,Cereal_Product_8,Cereal,24.92,9.39,23.4,2
2023-05-11,108,Cereal_Product_8,Cereal,24.47,9.39,23.1,3
2023-05-12,108,Cereal_Product_8,Cereal,21.92,9.39,21.89,3
2023-05-13,108,Cereal_Product_8,Cereal,22.35,9.39,25.18,3
2023-05-14,108,Cereal_Product_8,Cereal,23.47,9.39,23.79,3
2023-05-15,108,Cereal_Product_8,Cereal,20.51,9.39,24.21,3
2023-05-16,108,Cereal_Product_8,Cereal,24.16,9.39,20.32,3
2023-05-17,108,Cereal_Product_8,Cereal,24.43,9.39,25.31,3
2023-05-18,108,Cereal_Product_8,Cereal,24.32,9.39,20.43,2
2023-05-19,108,Cereal_Product_8,Cereal,22.14,9.39,20.81,3
2023-05-20,108,Cereal_Product_8,Cereal,22.53,9.39,20.17,3
2023-05-21,108,Cereal_Product_8,Cereal,20.49,9.39,22.3,3
2023-05-22,108,Cereal_Product_8,Cereal,22.25,9.39,25.34,3
2023-05-23,108,Cereal_Product_8,Cereal,22.52,9.39,21.02,3
2023-05-24,108,Cereal_Product_8,Cereal,24.55,9.39,21.84,3
2023-05-25,108,Cereal_Product_8,Cereal,24.49,9.39,25.06,2
2023-05-26,108,Cereal_Product_8,Cereal,24.82,9.39,23.5,2
2023-05-27,108,Cereal_Product_8,Cereal,24.45,9.39,24.42,3
2023-05-28,108,Cereal_Product_8,Cereal,20.47,9.39,20.75,3
2023-05-29,108,Cereal_Product_8,Cereal,23.34,9.39,24.18,3
2023-05-30,108,Cereal_Product_8,Cereal,20.74,9.39,20.85,3
2023-05-31,108,Cereal_Product_8,Cereal,21.67,9.39,26.02,3
2023-06-01,108,Cereal_Product_8,Cereal,23.06,9.39,23.11,2
2023-06-02,108,Cereal_Product_8,Cereal,23.61,9.39,24.03,3
2023-06-03,108,Cereal_Product_8,Cereal,23.4,9.39,20.1,3
2023-06-04,108,Cereal_Product_8,Cereal,20.65,9.39,21.0,4
2023-06-05,108,Cereal_Product_8,Cereal,20.9,9.39,20.25,2
2023-06-06,108,Cereal_Product_8,Cereal,21.02,9.39,21.95,3
2023-06-07,108,Cereal_Product_8,Cereal,20.85,9.39,21.23,3
2023-06-08,108,Cereal_Product_8,Cereal,21.24,9.39,24.29,4
2023-06-09,108,Cereal_Product_8,Cereal,23.56,9.39,20.04,3
2023-06-10,108,Cereal_Product_8,Cereal,24.2,9.39,24.42,2
2023-06-11,108,Cereal_Product_8,Cereal,22.29,9.39,19.61,3
2023-06-12,108,Cereal_Product_8,Cereal,23.58,9.39,20.67,3
2023-06-13,108,Cereal_Product_8,Cereal,21.34,9.39,24.69,4
2023-06-14,108,Cereal_Product_8,Cereal,24.85,9.39,24.36,3
2023-06-15,108,Cereal_Product_8,Cereal,22.02,9.39,22.54,3
2023-06-16,108,Cereal_Product_8,Cereal,24.27,9.39,19.64,2
2023-06-17,108,Cereal_Product_8,Cereal,24.72,9.39,23.45,3
2023-06-18,108,Cereal_Product_8,Cereal,24.36,9.39,22.07,3
2023-06-19,108,Cereal_Product_8,Cereal,20.74,9.39,21.45,3
2023-06-20,108,Cereal_Product_8,Cereal,23.38,9.39,23.66,3
2023-06-21,108,Cereal_Product_8,Cereal,20.98,9.39,22.27,3
2023-06-22,108,Cereal_Product_8,Cereal,20.46,9.39,19.93,3
