data/raw/retail_transactions.csv
date,sku_id,product_name,category,price,cost,competitor_price,quantity_sold
2023-06-23,108,Cereal_Product_8,Cereal,20.67,9.39,25.54,4
2023-06-24,108,Cereal_Product_8,Cereal,24.59,9.39,24.6,2
2023-06-25,108,Cereal_Product_8,Cereal,24.56,9.39,19.68,2
2023-06-26,108,Cereal_Product_8,Cereal,21.46,9.39,22.87,3
2023-06-27,108,Cereal_Product_8,Cereal,22.92,9.39,19.86,2
2023-06-28,108,Cereal_Product_8,Cereal,24.77,9.39,25.0,2
2023-06-29,108,Cereal_Product_8,Cereal,22.69,9.39,23.47,3
2023-06-30,108,Cereal_Product_8,Cereal,22.22,9.39,20.47,3
2023-07-01,108,Cereal_Product_8,Cereal,22.63,9.39,19.44,3
2023-07-02,108,Cereal_Product_8,Cereal,24.02,9.39,19.51,2
2023-07-03,108,Cereal_Product_8,Cereal,22.6,9.39,22.75,2
2023-07-04,108,Cereal_Product_8,Cereal,23.99,9.39,24.3,3
2023-07-05,108,Cereal_Product_8,Cereal,22.39,9.39,20.12,3
2023-07-06,108,Cereal_Product_8,Cereal,21.58,9.39,20.8,3
2023-07-07,108,Cereal_Product_8,Cereal,21.91,9.39,21.53,4
2023-07-08,108,Cereal_Product_8,Cereal,20.79,9.39,20.78,3
2023-07-09,108,Cereal_Product_8,Cereal,22.69,9.39,21.96,3
2023-07-10,108,Cereal_Product_8,Cereal,21.1,9.39,23.11,4
2023-07-11,108,Cereal_Product_8,Cereal,24.12,9.39,23.96,2
2023-07-12,108,Cereal_Product_8,Cereal,22.34,9.39,25.86,3
2023-07-13,108,Cereal_Product_8,Cereal,23.91,9.39,25.64,2
2023-07-14,108,Cereal_Product_8,Cereal,24.77,9.39,23.18,3
2023-07-15,108,Cereal_Product_8,Cereal,24.29,9.39,24.3,2
2023-07-16,108,Cereal_Product_8,Cereal,24.75,9.39,25.77,3
2023-07-17,108,Cereal_Product_8,Cereal,23.01,9.39,19.87,2
2023-07-18,108,Cereal_Product_8,Cereal,21.18,9.39,19.34,2
2023-07-19,108,Cereal_Product_8,Cereal,24.68,9.39,19.5,2
2023-07-20,108,Cereal_Product_8,Cereal,24.38,9.39,23.13,2
2023-07-21,108,Cereal_Product_8,Cereal,24.36,9.39,24.49,3
2023-07-22,108,Cereal_Product_8,Cereal,23.58,9.39,21.8,3
2023-07-23,108,Cereal_Product_8,Cereal,23.27,9.39,23.01,3
2023-07-24,108,Cereal_Product_8,Cereal,20.5,9.39,22.81,3
2023-07-25,108,Cereal_Product_8,Cereal,23.83,9.39,19.94,2
2023-07-26,108,Cereal_Product_8,Cereal,20.85,9.39,21.49,3
2023-07-27,108,Cereal_Product_8,Cereal,21.61,9.39,19.43,2
2023-07-28,108,Cereal_Product_8,Cereal,22.94,9.39,20.05,3
2023-07-29,108,Cereal_Product_8,Cereal,22.48,9.39,24.83,3
2023-07-30,108,Cereal_Product_8,Cereal,20.5,9.39,24.95,3
2023-07-31,108,Cereal_Product_8,Cereal,24.17,9.39,24.76,3
2023-08-01,108,Cereal_Product_8,Cereal,24.42,9.39,24.25,2
2023-08-02,108,Cereal_Product_8,Cereal,23.53,9.39,24.7,3
2023-08-03,108,Cereal_Product_8,Cereal,22.89,9.39,23.87,3
2023-08-04,108,Cereal_Product_8,Cereal,24.79,9.39,23.86,2
2023-08-05,108,Cereal_Product_8,Cereal,20.98,9.39,23.84,3
2023-08-06,108,Cereal_Product_8,Cereal,23.78,9.39,22.8,3
2023-08-07,108,Cereal_Product_8,Cereal,21.01,9.39,21.77,3
2023-08-08,108,Cereal_Product_8,Cereal,22.17,9.39,24.27,2
2023-08-09,108,Cereal_Product_8,Cereal,23.09,9.39,21.33,3
2023-08-10,108,Cereal_Product_8,Cereal,23.78,9.39,22.99,3
2023-08-11,108,Cereal_Product_8,Cereal,20.45,9.39,22.25,3
2023-08-12,108,Cereal_Product_8,Cereal,21.62,9.39,21.18,3
2023-08-13,108,Cereal_Product_8,Cereal,22.88,9.39,25.94,3
2023-08-14,108,Cereal_Product_8,Cereal,22.85,9.39,21.06,2
2023-08-15,108,Cereal_Product_8,Cereal,23.33,9.39,21.4,2
2023-08-16,108,Cereal_Product_8,Cereal,21.81,9.39,20.4,2
2023-08-17,108,Cereal_Product_8,Cereal,22.89,9.39,24.9,2
2023-08-18,108,Cereal_Product_8,Cereal,21.29,9.39,23.29,3
2023-08-19,108,Cereal_Product_8,Cereal,21.28,9.39,23.47,2
2023-08-20,108,Cereal_Product_8,Cereal,23.05,9.39,24.89,2
2023-08-21,108,Cereal_Product_8,Cereal,23.54,9.39,21.63,2
2023-08-22,108,Cereal_Product_8,Cereal,20.98,9.39,20.62,3
2023-08-23,108,Cereal_Product_8,Cereal,20.99,9.39,20.65,3
2023-08-24,108,Cereal_Product_8,Cereal,23.0,9.39,24.29,2
2023-08-25,108,Cereal_Product_8,Cereal,21.66,9.39,23.48,3
2023-08-26,108,Cereal_Product_8,Cereal,22.21,9.39,20.7,2
2023-08-27,108,Cereal_Product_8,Cereal,22.25,9.39,20.29,2
2023-08-28,108,Cereal_Product_8,Cereal,21.24,9.39,20.12,3
2023-08-29,108,Cereal_Product_8,Cereal,20.44,9.39,23.57,3
2023-08-30,108,Cereal_Product_8,Cereal,24.31,9.39,19.3,2
2023-08-31,108,Cereal_Product_8,Cereal,23.68,9.39,19.42,2
2023-09-01,108,Cereal_Product_8,Cereal,23.57,9.39,21.95,2
2023-09-02,108,Cereal_Product_8,Cereal,22.91,9.39,24.01,3
2023-09-03,108,Cereal_Product_8,Cereal,23.61,9.39,24.03,3
2023-09-04,108,Cereal_Product_8,Cereal,24.68,9.39,22.23,2
2023-09-05,108,Cereal_Product_8,Cereal,23.45,9.39,24.0,2
2023-09-06,108,Cereal_Product_8,Cereal,21.64,9.39,22.85,3
2023-09-07,108,Cereal_Product_8,Cereal,23.02,9.39,25.95,2
2023-09-08,108,Cereal_Product_8,Cereal,22.44,9.39,20.4,2
2023-09-09,108,Cereal_Product_8,Cereal,22.96,9.39,23.39,3
2023-09-10,108,Cereal_Product_8,Cereal,22.78,9.39,22.64,3
2023-09-11,108,Cereal_Product_8,Cereal,24.33,9.39,20.62,2
2023-09-12,108,Cereal_Product_8,Cereal,23.39,9.39,24.41,2
2023-09-13,108,Cereal_Product_8,Cereal,21.29,9.39,21.17,2
2023-09-14,108,Cereal_Product_8,Cereal,20.72,9.39,21.9,3
2023-09-15,108,Cereal_Product_8,Cereal,22.36,9.39,21.85,3
2023-09-16,108,Cereal_Product_8,Cereal,20.5,9.39,20.96,3
2023-09-17,108,Cereal_Product_8,Cereal,21.88,9.39,22.23,2
2023-09-18,108,Cereal_Product_8,Cereal,22.1,9.39,22.52,3
2023-09-19,108,Cereal_Product_8,Cereal,22.14,9.39,24.37,2
2023-09-20,108,Cereal_Product_8,Cereal,24.88,9.39,24.51,2
2023-09-21,108,Cereal_Product_8,Cereal,21.81,9.39,20.38,3
2023-09-22,108,Cereal_Product_8,Cereal,21.64,9.39,23.33,3
2023-09-23,108,Cereal_Product_8,Cereal,21.02,9.39,25.4,3
2023-09-24,108,Cereal_Product_8,Cereal,22.75,9.39,20.04,2
2023-09-25,108,Cereal_Product_8,Cereal,21.13,9.39,22.52,3
2023-09-26,108,Cereal_Product_8,Cereal,23.23,9.39,24.41,2
2023-09-27,108,Cereal_Product_8,Cereal,21.14,9.39,23.46,2
2023-09-28,108,Cereal_Product_8,Cereal,23.05,9.39,19.98,3
2023-09-29,108,Cereal_Product_8,Cereal,24.18,9.39,22.0,2
2023-09-30,108,Cereal_Product_8,Cereal,20.63,9.39,22.75,3
2023-10-01,108,Cereal_Product_8,Cereal,22.34,9.39,26.08,3
2023-10-02,108,Cereal_Product_8,Cereal,22.53,9.39,20.51,2
2023-10-03,108,Cereal_Product_8,Cereal,24.02,9.39,25.99,2
2023-10-04,108,Cereal_Product_8,Cereal,22.56,9.39,21.86,2
2023-10-05,108,Cereal_Product_8,Cereal,23.01,9.39,20.66,2
2023-10-06,108,Cereal_Product_8,Cereal,24.02,9.39,22.12,2
2023-10-07,108,Cereal_Product_8,Cereal,22.97,9.39,23.48,2
2023-10-08,108,Cereal_Product_8,Cereal,22.06,9.39,20.75,2
2023-10-09,108,Cereal_Product_8,Cereal,20.82,9.39,21.28,3
2023-10-10,108,Cereal_Product_8,Cereal,23.75,9.39,25.12,2
2023-10-11,108,Cereal_Product_8,Cereal,24.39,9.39,26.1,2
2023-10-12,108,Cereal_Product_8,Cereal,24.84,9.39,21.46,2
2023-10-13,108,Cereal_Product_8,Cereal,24.64,9.39,20.31,2
2023-10-14,108,Cereal_Product_8,Cereal,24.05,9.39,24.7,2
2023-10-15,108,Cereal_Product_8,Cereal,23.35,9.39,23.39,2
2023-10-16,108,Cereal_Product_8,Cereal,23.98,9.39,19.98,3
2023-10-17,108,Cereal_Product_8,Cereal,22.39,9.39,25.75,2
2023-10-18,108,Cereal_Product_8,Cereal,23.13,9.39,19.83,3
2023-10-19,108,Cereal_Product_8,Cereal,22.02,9.39,23.56,3
2023-10-20,108,Cereal_Product_8,Cereal,21.92,9.39,22.18,3
2023-10-21,108,Cereal_Product_8,Cereal,23.87,9.39,23.09,2
2023-10-22,108,Cereal_Product_8,Cereal,22.49,9.39,20.75,2
2023-10-23,108,Cereal_Product_8,Cereal,21.4,9.39,23.98,3
2023-10-24,108,Cereal_Product_8,Cereal,21.35,9.39,25.83,3
2023-10-25,108,Cereal_Product_8,Cereal,24.33,9.39,22.42,2
2023-10-26,108,Cereal_Product_8,Cereal,23.51,9.39,22.86,2
2023-10-27,108,Cereal_Product_8,Cereal,22.91,9.39,20.93,2
2023-10-28,108,Cereal_Product_8,Cereal,22.25,9.39,25.37,3
2023-10-29,108,Cereal_Product_8,Cereal,22.39,9.39,25.91,3
2023-10-30,108,Cereal_Product_8,Cereal,20.69,9.39,24.65,3
2023-10-31,108,Cereal_Product_8,Cereal,22.5,9.39,22.99,3
2023-11-01,108,Cereal_Product_8,Cereal,24.04,9.39,25.81,3
2023-11-02,108,Cereal_Product_8,Cereal,22.19,9.39,20.34,3
2023-11-03,108,Cereal_Product_8,Cereal,22.17,9.39,22.56,3
2023-11-04,108,Cereal_Product_8,Cereal,20.5,9.39,22.96,3
2023-11-05,108,Cereal_Product_8,Cereal,22.51,9.39,22.65,2
2023-11-06,108,Cereal_Product_8,Cereal,20.55,9.39,24.76,3
2023-11-07,108,Cereal_Product_8,Cereal,23.02,9.39,23.86,2
2023-11-08,108,Cereal_Product_8,Cereal,22.73,9.39,20.16,3
2023-11-09,108,Cereal_Product_8,Cereal,24.25,9.39,21.66,3
2023-11-10,108,Cereal_Product_8,Cereal,23.07,9.39,21.61,3
2023-11-11,108,Cereal_Product_8,Cereal,21.9,9.39,23.15,3
2023-11-12,108,Cereal_Product_8,Cereal,22.78,9.39,21.28,3
2023-11-13,108,Cereal_Product_8,Cereal,23.61,9.39,20.1,2
2023-11-14,108,Cereal_Product_8,Cereal,20.86,9.39,23.75,3
2023-11-15,108,Cereal_Product_8,Cereal,23.25,9.39,25.09,2
2023-11-16,108,Cereal_Product_8,Cereal,24.59,9.39,25.64,3
2023-11-17,108,Cereal_Product_8,Cereal,21.79,9.39,25.92,3
2023-11-18,108,Cereal_Product_8,Cereal,23.28,9.39,24.62,3
2023-11-19,108,Cereal_Product_8,Cereal,24.16,9.39,20.25,2
2023-11-20,108,Cereal_Product_8,Cereal,22.76,9.39,25.11,2
2023-11-21,108,Cereal_Product_8,Cereal,23.69,9.39,22.02,2
2023-11-22,108,Cereal_Product_8,Cereal,21.84,9.39,24.27,3
2023-11-23,108,Cereal_Product_8,Cereal,21.82,9.39,22.92,3
2023-11-24,108,Cereal_Product_8,Cereal,23.46,9.39,24.94,3
2023-11-25,108,Cereal_Product_8,Cereal,23.64,9.39,22.2,2
2023-11-26,108,Cereal_Product_8,Cereal,24.69,9.39,19.72,2
2023-11-27,108,Cereal_Product_8,Cereal,21.45,9.39,23.09,3
2023-11-28,108,Cereal_Product_8,Cereal,22.56,9.39,20.46,2
2023-11-29,108,Cereal_Product_8,Cereal,21.57,9.39,25.87,3
2023-11-30,108,Cereal_Product_8,Cereal,20.8,9.39,22.89,3
2023-12-01,108,Cereal_Product_8,Cereal,22.26,9.39,23.07,3
2023-12-02,108,Cereal_Product_8,Cereal,22.13,9.39,25.48,3
2023-12-03,108,Cereal_Product_8,Cereal,21.66,9.39,23.55,2
2023-12-04,108,Cereal_Product_8,Cereal,21.78,9.39,21.36,2
2023-12-05,108,Cereal_Product_8,Cereal,22.07,9.39,21.31,2
2023-12-06,108,Cereal_Product_8,Cereal,24.92,9.39,22.71,2
2023-12-07,108,Cereal_Product_8,Cereal,23.99,9.39,25.2,3
2023-12-08,108,Cereal_Product_8,Cereal,20.76,9.39,24.71,3
2023-12-09,108,Cereal_Product_8,Cereal,24.39,9.39,25.85,3
2023-12-10,108,Cereal_Product_8,Cereal,23.31,9.39,19.79,2
2023-12-11,108,Cereal_Product_8,Cereal,24.48,9.39,21.12,2
2023-12-12,108,Cereal_Product_8,Cereal,21.98,9.39,19.84,3
2023-12-13,108,Cereal_Product_8,Cereal,22.54,9.39,24.41,3
2023-12-14,108,Cereal_Product_8,Cereal,24.5,9.39,20.26,2
2023-12-15,108,Cereal_Product_8,Cereal,21.67,9.39,19.98,2
2023-12-16,108,Cereal_Product_8,Cereal,24.59,9.39,23.12,2
2023-12-17,108,Cereal_Product_8,Cereal,24.19,9.39,22.1,2
2023-12-18,108,Cereal_Product_8,Cereal,24.88,9.39,24.17,3
2023-12-19,108,Cereal_Product_8,Cereal,21.9,9.39,22.61,3
2023-12-20,108,Cereal_Product_8,Cereal,21.5,9.39,22.19,2
2023-12-21,108,Cereal_Product_8,Cereal,21.93,9.39,22.19,3
2023-12-22,108,Cereal_Product_8,Cereal,24.77,9.39,25.24,3
2023-12-23,108,Cereal_Product_8,Cereal,21.94,9.39,21.99,2
2023-12-24,108,Cereal_Product_8,Cereal,23.0,9.39,21.57,3
2023-12-25,108,Cereal_Product_8,Cereal,22.27,9.39,21.6,3
2023-12-26,108,Cereal_Product_8,Cereal,22.23,9.39,20.64,3
2023-12-27,108,Cereal_Product_8,Cereal,21.31,9.39,25.16,3
2023-12-28,108,Cereal_Product_8,Cereal,22.87,9.39,20.3,2
2023-12-29,108,Cereal_Product_8,Cereal,24.29,9.39,25.49,3
2023-12-30,108,Cereal_Product_8,Cereal,20.66,9.39,21.23,3
2023-12-31,108,Cereal_Product_8,Cereal,24.47,9.39,25.42,3
2024-01-01,108,Cereal_Product_8,Cereal,23.45,9.39,24.68,3
2023-01-01,109,Cereal_Product_9,Cereal,20.31,11.54,23.96,0
2023-01-02,109,Cereal_Product_9,Cereal,19.81,11.54,18.21,0
2023-01-03,109,Cereal_Product_9,Cereal,20.93,11.54,18.39,0
2023-01-04,109,Cereal_Product_9,Cereal,19.68,11.54,24.17,0
2023-01-05,109,Cereal_Product_9,Cereal,22.09,11.54,19.83,0
2023-01-06,109,Cereal_Product_9,Cereal,21.06,11.54,23.63,0
2023-01-07,109,Cereal_Product_9,Cereal,21.38,11.54,20.54,0
2023-01-08,109,Cereal_Product_9,Cereal,19.75,11.54,18.82,0
2023-01-09,109,Cereal_Product_9,Cereal,19.72,11.54,18.57,0
2023-01-10,109,Cereal_Product_9,Cereal,21.6,11.54,19.06,0
2023-01-11,109,Cereal_Product_9,Cereal,23.31,11.54,19.65,0
2023-01-12,109,Cereal_Product_9,Cereal,19.53,11.54,21.17,0
2023-01-13,109,Cereal_Product_9,Cereal,20.34,11.54,22.53,0
2023-01-14,109,Cereal_Product_9,Cereal,22.82,11.54,24.35,0
2023-01-15,109,Cereal_Product_9,Cereal,19.43,11.54,20.88,0
2023-01-16,109,Cereal_Product_9,Cereal,22.85,11.54,21.36,0
2023-01-17,109,Cereal_Product_9,Cereal,21.35,11.54,21.39,0
2023-01-18,109,Cereal_Product_9,Cereal,20.86,11.54,21.5,0
2023-01-19,109,Cereal_Product_9,Cereal,20.44,11.54,21.36,0
2023-01-20,109,Cereal_Product_9,Cereal,20.39,11.54,18.12,0
2023-01-21,109,Cereal_Product_9,Cereal,20.42,11.54,18.07,0
2023-01-22,109,Cereal_Product_9,Cereal,22.88,11.54,18.68,0
2023-01-23,109,Cereal_Product_9,Cereal,22.2,11.54,18.71,0
2023-01-24,109,Cereal_Product_9,Cereal,21.97,11.54,22.55,0
2023-01-25,109,Cereal_Product_9,Cereal,22.52,11.54,19.37,0
2023-01-26,109,Cereal_Product_9,Cereal,20.22,11.54,23.76,0
2023-01-27,109,Cereal_Product_9,Cereal,21.75,11.54,23.98,0
2023-01-28,109,Cereal_Product_9,Cereal,21.08,11.54,24.28,0
2023-01-29,109,Cereal_Product_9,Cereal,22.45,11.54,24.05,0
2023-01-30,109,Cereal_Product_9,Cereal,20.44,11.54,19.79,0
2023-01-31,109,Cereal_Product_9,Cereal,21.86,11.54,21.31,0
2023-02-01,109,Cereal_Product_9,Cereal,22.87,11.54,19.18,0
2023-02-02,109,Cereal_Product_9,Cereal,20.83,11.54,23.2,0
2023-02-03,109,Cereal_Product_9,Cereal,19.41,11.54,23.72,0
2023-02-04,109,Cereal_Product_9,Cereal,21.32,11.54,23.49,0
2023-02-05,109,Cereal_Product_9,Cereal,20.59,11.54,20.82,0
2023-02-06,109,Cereal_Product_9,Cereal,21.98,11.54,22.9,0
2023-02-07,109,Cereal_Product_9,Cereal,23.16,11.54,18.68,0
2023-02-08,109,Cereal_Product_9,Cereal,21.19,11.54,18.32,0
2023-02-09,109,Cereal_Product_9,Cereal,21.1,11.54,22.86,0
2023-02-10,109,Cereal_Product_9,Cereal,21.9,11.54,20.77,0
2023-02-11,109,Cereal_Product_9,Cereal,19.56,11.54,24.41,0
2023-02-12,109,Cereal_Product_9,Cereal,20.2,11.54,18.68,0
2023-02-13,109,Cereal_Product_9,Cereal,23.03,11.54,23.51,0
2023-02-14,109,Cereal_Product_9,Cereal,21.97,11.54,21.12,0
2023-02-15,109,Cereal_Product_9,Cereal,19.18,11.54,23.33,0
2023-02-16,109,Cereal_Product_9,Cereal,19.99,11.54,23.27,0
2023-02-17,109,Cereal_Product_9,Cereal,22.03,11.54,23.9,0
2023-02-18,109,Cereal_Product_9,Cereal,22.37,11.54,19.96,0
2023-02-19,109,Cereal_Product_9,Cereal,22.69,11.54,24.12,0
2023-02-20,109,Cereal_Product_9,Cereal,20.36,11.54,19.03,0
2023-02-21,109,Cereal_Product_9,Cereal,23.08,11.54,18.58,0
2023-02-22,109,Cereal_Product_9,Cereal,21.47,11.54,20.81,0
2023-02-23,109,Cereal_Product_9,Cereal,22.08,11.54,23.34,0
2023-02-24,109,Cereal_Product_9,Cereal,21.66,11.54,21.08,0
2023-02-25,109,Cereal_Product_9,Cereal,19.64,11.54,23.35,0
2023-02-26,109,Cereal_Product_9,Cereal,23.22,11.54,22.71,0
2023-02-27,109,Cereal_Product_9,Cereal,19.65,11.54,19.4,0
2023-02-28,109,Cereal_Product_9,Cereal,20.21,11.54,24.11,0
2023-03-01,109,Cereal_Product_9,Cereal,22.58,11.54,18.45,0
2023-03-02,109,Cereal_Product_9,Cereal,21.75,11.54,23.79,0
2023-03-03,109,Cereal_Product_9,Cereal,22.69,11.54,20.0,0
2023-03-04,109,Cereal_Product_9,Cereal,21.31,11.54,21.25,0
2023-03-05,109,Cereal_Product_9,Cereal,20.73,11.54,20.75,0
2023-03-06,109,Cereal_Product_9,Cereal,23.04,11.54,19.16,0
2023-03-07,109,Cereal_Product_9,Cereal,19.28,11.54,20.34,0
2023-03-08,109,Cereal_Product_9,Cereal,22.76,11.54,19.29,0
2023-03-09,109,Cereal_Product_9,Cereal,20.1,11.54,19.36,0
2023-03-10,109,Cereal_Product_9,Cereal,22.73,11.54,19.25,0
2023-03-11,109,Cereal_Product_9,Cereal,19.71,11.54,21.18,0
2023-03-12,109,Cereal_Product_9,Cereal,21.59,11.54,23.15,0
2023-03-13,109,Cereal_Product_9,Cereal,22.9,11.54,21.69,0
2023-03-14,109,Cereal_Product_9,Cereal,21.14,11.54,23.75,0
2023-03-15,109,Cereal_Product_9,Cereal,22.3,11.54,22.12,0
2023-03-16,109,Cereal_Product_9,Cereal,22.54,11.54,22.45,0
2023-03-17,109,Cereal_Product_9,Cereal,22.25,11.54,22.32,0
2023-03-18,109,Cereal_Product_9,Cereal,23.06,11.54,20.93,0
2023-03-19,109,Cereal_Product_9,Cereal,21.02,11.54,22.45,0
2023-03-20,109,Cereal_Product_9,Cereal,19.86,11.54,18.51,0
2023-03-21,109,Cereal_Product_9,Cereal,19.33,11.54,23.54,0
2023-03-22,109,Cereal_Product_9,Cereal,20.17,11.54,23.02,0
2023-03-23,109,Cereal_Product_9,Cereal,19.73,11.54,19.62,0
2023-03-24,109,Cereal_Product_9,Cereal,21.49,11.54,22.96,0
2023-03-25,109,Cereal_Product_9,Cereal,19.91,11.54,18.14,0
2023-03-26,109,Cereal_Product_9,Cereal,19.29,11.54,19.45,0
2023-03-27,109,Cereal_Product_9,Cereal,19.28,11.54,18.48,0
2023-03-28,109,Cereal_Product_9,Cereal,22.66,11.54,23.03,0
2023-03-29,109,Cereal_Product_9,Cereal,21.64,11.54,22.88,0
2023-03-30,109,Cereal_Product_9,Cereal,20.64,11.54,23.25,0
2023-03-31,109,Cereal_Product_9,Cereal,22.92,11.54,18.09,0
2023-04-01,109,Cereal_Product_9,Cereal,19.42,11.54,21.26,0
2023-04-02,109,Cereal_Product_9,Cereal,23.29,11.54,22.55,0
2023-04-03,109,Cereal_Product_9,Cereal,21.74,11.54,19.05,0
2023-04-04,109,Cereal_Product_9,Cereal,19.9,11.54,22.2,0
2023-04-05,109,Cereal_Product_9,Cereal,22.01,11.54,18.6,0
2023-04-06,109,Cereal_Product_9,Cereal,22.37,11.54,19.22,0
2023-04-07,109,Cereal_Product_9,Cereal,20.95,11.54,21.09,0
2023-04-08,109,Cereal_Product_9,Cereal,22.78,11.54,22.23,0
2023-04-09,109,Cereal_Product_9,Cereal,19.76,11.54,18.99,0
2023-04-10,109,Cereal_Product_9,Cereal,20.31,11.54,19.24,0
2023-04-11,109,Cereal_Product_9,Cereal,19.52,11.54,19.36,0
2023-04-12,109,Cereal_Product_9,Cereal,20.02,11.54,19.58,0
2023-04-13,109,Cereal_Product_9,Cereal,20.14,11.54,19.5,0
2023-04-14,109,Cereal_Product_9,Cereal,23.02,11.54,20.58,0
2023-04-15,109,Cereal_Product_9,Cereal,19.46,11.54,22.23,0
2023-04-16,109,Cereal_Product_9,Cereal,20.94,11.54,20.85,0
2023-04-17,109,Cereal_Product_9,Cereal,21.39,11.54,23.01,0
2023-04-18,109,Cereal_Product_9,Cereal,22.94,11.54,22.65,0
2023-04-19,109,Cereal_Product_9,Cereal,23.36,11.54,18.87,0
2023-04-20,109,Cereal_Product_9,Cereal,22.32,11.54,18.37,0
2023-04-21,109,Cereal_Product_9,Cereal,23.25,11.54,23.66,0
2023-04-22,109,Cereal_Product_9,Cereal,22.47,11.54,18.57,0
2023-04-23,109,Cereal_Product_9,Cereal,23.22,11.54,19.01,0
2023-04-24,109,Cereal_Product_9,Cereal,22.13,11.54,18.2,0
