data/raw/retail_transactions.csv
date,sku_id,product_name,category,price,cost,competitor_price,quantity_sold
2023-04-25,109,Cereal_Product_9,Cereal,19.46,11.54,22.07,0
2023-04-26,109,Cereal_Product_9,Cereal,20.83,11.54,21.77,0
2023-04-27,109,Cereal_Product_9,Cereal,21.87,11.54,24.35,0
2023-04-28,109,Cereal_Product_9,Cereal,20.61,11.54,23.71,0
2023-04-29,109,Cereal_Product_9,Cereal,20.29,11.54,20.68,0
2023-04-30,109,Cereal_Product_9,Cereal,21.58,11.54,20.43,0
2023-05-01,109,Cereal_Product_9,Cereal,23.09,11.54,19.95,0
2023-05-02,109,Cereal_Product_9,Cereal,19.27,11.54,19.03,0
2023-05-03,109,Cereal_Product_9,Cereal,22.39,11.54,18.94,0
2023-05-04,109,Cereal_Product_9,Cereal,22.19,11.54,18.9,0
2023-05-05,109,Cereal_Product_9,Cereal,23.22,11.54,18.79,0
2023-05-06,109,Cereal_Product_9,Cereal,23.08,11.54,19.59,0
2023-05-07,109,Cereal_Product_9,Cereal,22.36,11.54,20.02,0
2023-05-08,109,Cereal_Product_9,Cereal,21.33,11.54,24.19,0
2023-05-09,109,Cereal_Product_9,Cereal,19.99,11.54,21.75,0
2023-05-10,109,Cereal_Product_9,Cereal,21.44,11.54,24.36,0
2023-05-11,109,Cereal_Product_9,Cereal,22.38,11.54,20.44,0
2023-05-12,109,Cereal_Product_9,Cereal,22.93,11.54,20.98,0
2023-05-13,109,Cereal_Product_9,Cereal,22.48,11.54,20.13,0
2023-05-14,109,Cereal_Product_9,Cereal,19.95,11.54,19.23,0
2023-05-15,109,Cereal_Product_9,Cereal,21.67,11.54,18.97,0
2023-05-16,109,Cereal_Product_9,Cereal,20.53,11.54,24.09,0
2023-05-17,109,Cereal_Product_9,Cereal,19.16,11.54,24.35,0
2023-05-18,109,Cereal_Product_9,Cereal,19.97,11.54,18.35,0
2023-05-19,109,Cereal_Product_9,Cereal,19.6,11.54,19.02,0
2023-05-20,109,Cereal_Product_9,Cereal,22.7,11.54,20.76,0
2023-05-21,109,Cereal_Product_9,Cereal,20.22,11.54,19.25,0
2023-05-22,109,Cereal_Product_9,Cereal,20.33,11.54,20.38,0
2023-05-23,109,Cereal_Product_9,Cereal,23.2,11.54,18.88,0
2023-05-24,109,Cereal_Product_9,Cereal,20.73,11.54,20.97,0
2023-05-25,109,Cereal_Product_9,Cereal,19.16,11.54,19.79,0
2023-05-26,109,Cereal_Product_9,Cereal,20.33,11.54,20.3,0
2023-05-27,109,Cereal_Product_9,Cereal,19.63,11.54,18.66,0
2023-05-28,109,Cereal_Product_9,Cereal,19.56,11.54,20.79,0
2023-05-29,109,Cereal_Product_9,Cereal,19.45,11.54,24.33,0
2023-05-30,109,Cereal_Product_9,Cereal,21.64,11.54,20.16,0
2023-05-31,109,Cereal_Product_9,Cereal,19.93,11.54,23.65,0
2023-06-01,109,Cereal_Product_9,Cereal,20.66,11.54,23.44,0
2023-06-02,109,Cereal_Product_9,Cereal,22.79,11.54,24.13,0
2023-06-03,109,Cereal_Product_9,Cereal,20.93,11.54,23.1,0
2023-06-04,109,Cereal_Product_9,Cereal,23.01,11.54,22.27,0
2023-06-05,109,Cereal_Product_9,Cereal,21.24,11.54,23.52,0
2023-06-06,109,Cereal_Product_9,Cereal,20.82,11.54,18.54,0
2023-06-07,109,Cereal_Product_9,Cereal,22.31,11.54,21.01,0
2023-06-08,109,Cereal_Product_9,Cereal,19.43,11.54,24.37,0
2023-06-09,109,Cereal_Product_9,Cereal,19.5,11.54,22.97,0
2023-06-10,109,Cereal_Product_9,Cereal,21.89,11.54,24.19,0
2023-06-11,109,Cereal_Product_9,Cereal,21.19,11.54,23.03,0
2023-06-12,109,Cereal_Product_9,Cereal,22.48,11.54,23.64,0
2023-06-13,109,Cereal_Product_9,Cereal,23.02,11.54,22.56,0
2023-06-14,109,Cereal_Product_9,Cereal,20.77,11.54,22.91,0
2023-06-15,109,Cereal_Product_9,Cereal,21.66,11.54,21.4,0
2023-06-16,109,Cereal_Product_9,Cereal,21.25,11.54,23.95,0
2023-06-17,109,Cereal_Product_9,Cereal,23.29,11.54,23.32,0
2023-06-18,109,Cereal_Product_9,Cereal,22.66,11.54,23.44,0
2023-06-19,109,Cereal_Product_9,Cereal,23.0,11.54,22.35,0
2023-06-20,109,Cereal_Product_9,Cereal,20.2,11.54,20.0,0
2023-06-21,109,Cereal_Product_9,Cereal,22.41,11.54,18.29,0
2023-06-22,109,Cereal_Product_9,Cereal,20.25,11.54,24.03,0
2023-06-23,109,Cereal_Product_9,Cereal,20.01,11.54,21.8,0
2023-06-24,109,Cereal_Product_9,Cereal,23.14,11.54,19.96,0
2023-06-25,109,Cereal_Product_9,Cereal,19.21,11.54,19.01,0
2023-06-26,109,Cereal_Product_9,Cereal,23.23,11.54,23.35,0
2023-06-27,109,Cereal_Product_9,Cereal,19.76,11.54,23.39,0
2023-06-28,109,Cereal_Product_9,Cereal,22.61,11.54,23.25,0
2023-06-29,109,Cereal_Product_9,Cereal,20.3,11.54,22.17,0
2023-06-30,109,Cereal_Product_9,Cereal,20.61,11.54,20.39,0
2023-07-01,109,Cereal_Product_9,Cereal,20.04,11.54,20.0,0
2023-07-02,109,Cereal_Product_9,Cereal,21.61,11.54,18.12,0
2023-07-03,109,Cereal_Product_9,Cereal,20.6,11.54,23.37,0
2023-07-04,109,Cereal_Product_9,Cereal,21.92,11.54,18.62,0
2023-07-05,109,Cereal_Product_9,Cereal,19.19,11.54,22.08,0
2023-07-06,109,Cereal_Product_9,Cereal,19.4,11.54,21.27,0
2023-07-07,109,Cereal_Product_9,Cereal,19.55,11.54,21.42,0
2023-07-08,109,Cereal_Product_9,Cereal,20.9,11.54,23.97,0
2023-07-09,109,Cereal_Product_9,Cereal,22.59,11.54,18.26,0
2023-07-10,109,Cereal_Product_9,Cereal,22.9,11.54,22.99,0
2023-07-11,109,Cereal_Product_9,Cereal,20.16,11.54,18.39,0
2023-07-12,109,Cereal_Product_9,Cereal,21.56,11.54,18.3,0
2023-07-13,109,Cereal_Product_9,Cereal,22.39,11.54,20.8,0
2023-07-14,109,Cereal_Product_9,Cereal,20.35,11.54,18.46,0
2023-07-15,109,Cereal_Product_9,Cereal,20.86,11.54,23.09,0
2023-07-16,109,Cereal_Product_9,Cereal,21.35,11.54,21.44,0
2023-07-17,109,Cereal_Product_9,Cereal,19.7,11.54,18.25,0
2023-07-18,109,Cereal_Product_9,Cereal,19.23,11.54,18.32,0
2023-07-19,109,Cereal_Product_9,Cereal,19.77,11.54,21.97,0
2023-07-20,109,Cereal_Product_9,Cereal,21.79,11.54,23.2,0
2023-07-21,109,Cereal_Product_9,Cereal,19.44,11.54,20.85,0
2023-07-22,109,Cereal_Product_9,Cereal,19.93,11.54,21.6,0
2023-07-23,109,Cereal_Product_9,Cereal,20.56,11.54,23.16,0
2023-07-24,109,Cereal_Product_9,Cereal,19.45,11.54,21.95,0
2023-07-25,109,Cereal_Product_9,Cereal,19.94,11.54,19.49,0
2023-07-26,109,Cereal_Product_9,Cereal,23.0,11.54,21.97,0
2023-07-27,109,Cereal_Product_9,Cereal,19.21,11.54,22.07,0
2023-07-28,109,Cereal_Product_9,Cereal,21.9,11.54,22.74,0
2023-07-29,109,Cereal_Product_9,Cereal,20.76,11.54,22.02,0
2023-07-30,109,Cereal_Product_9,Cereal,21.98,11.54,24.24,0
2023-07-31,109,Cereal_Product_9,Cereal,21.62,11.54,19.32,0
2023-08-01,109,Cereal_Product_9,Cereal,20.07,11.54,24.12,0
2023-08-02,109,Cereal_Product_9,Cereal,22.72,11.54,21.49,0
2023-08-03,109,Cereal_Product_9,Cereal,21.21,11.54,22.34,0
2023-08-04,109,Cereal_Product_9,Cereal,22.62,11.54,18.69,0
2023-08-05,109,Cereal_Product_9,Cereal,20.85,11.54,20.49,0
2023-08-06,109,Cereal_Product_9,Cereal,23.31,11.54,22.97,0
2023-08-07,109,Cereal_Product_9,Cereal,22.4,11.54,22.57,0
2023-08-08,109,Cereal_Product_9,Cereal,23.23,11.54,18.32,0
2023-08-09,109,Cereal_Product_9,Cereal,21.31,11.54,21.55,0
2023-08-10,109,Cereal_Product_9,Cereal,21.14,11.54,18.62,0
2023-08-11,109,Cereal_Product_9,Cereal,22.33,11.54,24.41,0
2023-08-12,109,Cereal_Product_9,Cereal,22.86,11.54,23.78,0
2023-08-13,109,Cereal_Product_9,Cereal,23.22,11.54,18.2,0
2023-08-14,109,Cereal_Product_9,Cereal,20.5,11.54,23.53,0
2023-08-15,109,Cereal_Product_9,Cereal,22.52,11.54,23.92,0
2023-08-16,109,Cereal_Product_9,Cereal,20.02,11.54,20.31,0
2023-08-17,109,Cereal_Product_9,Cereal,21.44,11.54,22.65,0
2023-08-18,109,Cereal_Product_9,Cereal,19.89,11.54,20.88,0
2023-08-19,109,Cereal_Product_9,Cereal,20.6,11.54,22.24,0
2023-08-20,109,Cereal_Product_9,Cereal,23.08,11.54,20.23,0
2023-08-21,109,Cereal_Product_9,Cereal,19.74,11.54,20.12,0
2023-08-22,109,Cereal_Product_9,Cereal,21.81,11.54,20.77,0
2023-08-23,109,Cereal_Product_9,Cereal,21.64,11.54,18.99,0
2023-08-24,109,Cereal_Product_9,Cereal,19.64,11.54,23.36,0
2023-08-25,109,Cereal_Product_9,Cereal,20.51,11.54,20.28,0
2023-08-26,109,Cereal_Product_9,Cereal,21.52,11.54,20.61,0
2023-08-27,109,Cereal_Product_9,Cereal,19.92,11.54,23.76,0
2023-08-28,109,Cereal_Product_9,Cereal,22.53,11.54,21.23,0
2023-08-29,109,Cereal_Product_9,Cereal,23.25,11.54,21.53,0
2023-08-30,109,Cereal_Product_9,Cereal,20.04,11.54,24.16,0
2023-08-31,109,Cereal_Product_9,Cereal,19.92,11.54,23.71,0
2023-09-01,109,Cereal_Product_9,Cereal,21.06,11.54,19.14,0
2023-09-02,109,Cereal_Product_9,Cereal,22.3,11.54,21.08,0
2023-09-03,109,Cereal_Product_9,Cereal,20.32,11.54,24.25,0
2023-09-04,109,Cereal_Product_9,Cereal,19.21,11.54,20.43,0
2023-09-05,109,Cereal_Product_9,Cereal,21.42,11.54,20.43,0
2023-09-06,109,Cereal_Product_9,Cereal,23.19,11.54,19.3,0
2023-09-07,109,Cereal_Product_9,Cereal,20.79,11.54,18.79,0
2023-09-08,109,Cereal_Product_9,Cereal,20.91,11.54,22.78,0
2023-09-09,109,Cereal_Product_9,Cereal,23.24,11.54,22.97,0
2023-09-10,109,Cereal_Product_9,Cereal,22.08,11.54,24.24,0
2023-09-11,109,Cereal_Product_9,Cereal,22.18,11.54,22.99,0
2023-09-12,109,Cereal_Product_9,Cereal,21.51,11.54,19.61,0
2023-09-13,109,Cereal_Product_9,Cereal,23.26,11.54,18.32,0
2023-09-14,109,Cereal_Product_9,Cereal,22.05,11.54,24.34,0
2023-09-15,109,Cereal_Product_9,Cereal,22.93,11.54,20.23,0
2023-09-16,109,Cereal_Product_9,Cereal,22.1,11.54,20.05,0
2023-09-17,109,Cereal_Product_9,Cereal,22.25,11.54,23.84,0
2023-09-18,109,Cereal_Product_9,Cereal,20.36,11.54,21.79,0
2023-09-19,109,Cereal_Product_9,Cereal,20.41,11.54,19.43,0
2023-09-20,109,Cereal_Product_9,Cereal,22.45,11.54,23.73,0
2023-09-21,109,Cereal_Product_9,Cereal,20.38,11.54,24.39,0
2023-09-22,109,Cereal_Product_9,Cereal,21.51,11.54,18.61,0
2023-09-23,109,Cereal_Product_9,Cereal,20.18,11.54,23.56,0
2023-09-24,109,Cereal_Product_9,Cereal,22.6,11.54,20.55,0
2023-09-25,109,Cereal_Product_9,Cereal,19.59,11.54,21.4,0
2023-09-26,109,Cereal_Product_9,Cereal,22.65,11.54,23.89,0
2023-09-27,109,Cereal_Product_9,Cereal,21.68,11.54,24.27,0
2023-09-28,109,Cereal_Product_9,Cereal,19.92,11.54,19.73,0
2023-09-29,109,Cereal_Product_9,Cereal,21.43,11.54,19.42,0
2023-09-30,109,Cereal_Product_9,Cereal,20.32,11.54,18.57,0
2023-10-01,109,Cereal_Product_9,Cereal,20.5,11.54,21.64,0
2023-10-02,109,Cereal_Product_9,Cereal,20.62,11.54,18.15,0
2023-10-03,109,Cereal_Product_9,Cereal,19.39,11.54,20.69,0
2023-10-04,109,Cereal_Product_9,Cereal,23.31,11.54,18.53,0
2023-10-05,109,Cereal_Product_9,Cereal,19.26,11.54,20.64,0
2023-10-06,109,Cereal_Product_9,Cereal,21.94,11.54,18.32,0
2023-10-07,109,Cereal_Product_9,Cereal,20.7,11.54,23.38,0
2023-10-08,109,Cereal_Product_9,Cereal,21.87,11.54,19.4,0
2023-10-09,109,Cereal_Product_9,Cereal,20.64,11.54,20.15,0
2023-10-10,109,Cereal_Product_9,Cereal,21.99,11.54,23.61,0
2023-10-11,109,Cereal_Product_9,Cereal,22.22,11.54,22.82,0
2023-10-12,109,Cereal_Product_9,Cereal,22.06,11.54,19.46,0
2023-10-13,109,Cereal_Product_9,Cereal,19.61,11.54,18.52,0
2023-10-14,109,Cereal_Product_9,Cereal,21.91,11.54,22.62,0
2023-10-15,109,Cereal_Product_9,Cereal,20.31,11.54,20.55,0
2023-10-16,109,Cereal_Product_9,Cereal,19.25,11.54,22.94,0
2023-10-17,109,Cereal_Product_9,Cereal,20.89,11.54,20.9,0
2023-10-18,109,Cereal_Product_9,Cereal,20.97,11.54,20.27,0
2023-10-19,109,Cereal_Product_9,Cereal,21.11,11.54,20.94,0
2023-10-20,109,Cereal_Product_9,Cereal,22.12,11.54,22.83,0
2023-10-21,109,Cereal_Product_9,Cereal,20.44,11.54,23.81,0
2023-10-22,109,Cereal_Product_9,Cereal,20.46,11.54,18.38,0
2023-10-23,109,Cereal_Product_9,Cereal,19.38,11.54,21.4,0
2023-10-24,109,Cereal_Product_9,Cereal,22.04,11.54,18.27,0
2023-10-25,109,Cereal_Product_9,Cereal,21.54,11.54,21.05,0
2023-10-26,109,Cereal_Product_9,Cereal,20.61,11.54,23.7,0
2023-10-27,109,Cereal_Product_9,Cereal,22.12,11.54,20.37,0
2023-10-28,109,Cereal_Product_9,Cereal,21.41,11.54,24.0,0
2023-10-29,109,Cereal_Product_9,Cereal,21.12,11.54,22.08,0
2023-10-30,109,Cereal_Product_9,Cereal,21.3,11.54,24.02,0
2023-10-31,109,Cereal_Product_9,Cereal,21.83,11.54,22.89,0
2023-11-01,109,Cereal_Product_9,Cereal,21.93,11.54,18.72,0
2023-11-02,109,Cereal_Product_9,Cereal,20.35,11.54,19.53,0
2023-11-03,109,Cereal_Product_9,Cereal,19.72,11.54,20.57,0
2023-11-04,109,Cereal_Product_9,Cereal,19.79,11.54,19.15,0
2023-11-05,109,Cereal_Product_9,Cereal,21.84,11.54,21.22,0
2023-11-06,109,Cereal_Product_9,Cereal,22.83,11.54,21.07,0
2023-11-07,109,Cereal_Product_9,Cereal,20.86,11.54,24.16,0
2023-11-08,109,Cereal_Product_9,Cereal,19.84,11.54,20.83,0
2023-11-09,109,Cereal_Product_9,Cereal,22.34,11.54,23.07,0
2023-11-10,109,Cereal_Product_9,Cereal,22.66,11.54,24.06,0
2023-11-11,109,Cereal_Product_9,Cereal,22.87,11.54,23.65,0
2023-11-12,109,Cereal_Product_9,Cereal,21.7,11.54,19.39,0
2023-11-13,109,Cereal_Product_9,Cereal,22.78,11.54,21.22,0
2023-11-14,109,Cereal_Product_9,Cereal,19.19,11.54,20.28,0
2023-11-15,109,Cereal_Product_9,Cereal,19.58,11.54,20.61,0
2023-11-16,109,Cereal_Product_9,Cereal,19.52,11.54,20.36,0
2023-11-17,109,Cereal_Product_9,Cereal,22.15,11.54,23.33,0
2023-11-18,109,Cereal_Product_9,Cereal,19.42,11.54,20.94,0
2023-11-19,109,Cereal_Product_9,Cereal,21.23,11.54,21.4,0
2023-11-20,109,Cereal_Product_9,Cereal,21.13,11.54,24.32,0
2023-11-21,109,Cereal_Product_9,Cereal,20.44,11.54,18.44,0
2023-11-22,109,Cereal_Product_9,Cereal,22.82,11.54,21.17,0
2023-11-23,109,Cereal_Product_9,Cereal,19.85,11.54,23.0,0
2023-11-24,109,Cereal_Product_9,Cereal,20.62,11.54,19.02,0
2023-11-25,109,Cereal_Product_9,Cereal,22.41,11.54,21.96,0
2023-11-26,109,Cereal_Product_9,Cereal,19.25,11.54,19.59,0
2023-11-27,109,Cereal_Product_9,Cereal,21.98,11.54,23.59,0
2023-11-28,109,Cereal_Product_9,Cereal,22.59,11.54,20.15,0
2023-11-29,109,Cereal_Product_9,Cereal,23.09,11.54,20.16,0
2023-11-30,109,Cereal_Product_9,Cereal,22.85,11.54,21.87,0
2023-12-01,109,Cereal_Product_9,Cereal,20.48,11.54,19.23,0
2023-12-02,109,Cereal_Product_9,Cereal,21.62,11.54,19.88,0
2023-12-03,109,Cereal_Product_9,Cereal,19.45,11.54,20.72,0
2023-12-04,109,Cereal_Product_9,Cereal,20.22,11.54,20.32,0
2023-12-05,109,Cereal_Product_9,Cereal,19.52,11.54,21.41,0
2023-12-06,109,Cereal_Product_9,Cereal,20.46,11.54,21.88,0
2023-12-07,109,Cereal_Product_9,Cereal,22.84,11.54,21.67,0
2023-12-08,109,Cereal_Product_9,Cereal,20.6,11.54,22.23,0
2023-12-09,109,Cereal_Product_9,Cereal,21.51,11.54,20.02,0
2023-12-10,109,Cereal_Product_9,Cereal,20.96,11.54,18.87,0
2023-12-11,109,Cereal_Product_9,Cereal,21.07,11.54,22.91,0
2023-12-12,109,Cereal_Product_9,Cereal,23.24,11.54,23.48,0
2023-12-13,109,Cereal_Product_9,Cereal,20.38,11.54,19.7,0
2023-12-14,109,Cereal_Product_9,Cereal,21.79,11.54,20.66,0
2023-12-15,109,Cereal_Product_9,Cereal,20.91,11.54,21.24,0
2023-12-16,109,Cereal_Product_9,Cereal,19.38,11.54,21.46,0
2023-12-17,109,Cereal_Product_9,Cereal,21.2,11.54,22.26,0
2023-12-18,109,Cereal_Product_9,Cereal,22.58,11.54,18.33,0
2023-12-19,109,Cereal_Product_9,Cereal,19.54,11.54,22.66,0
2023-12-20,109,Cereal_Product_9,Cereal,19.42,11.54,18.46,0
2023-12-21,109,Cereal_Product_9,Cereal,19.78,11.54,21.05,0
2023-12-22,109,Cereal_Product_9,Cereal,22.37,11.54,23.34,0
2023-12-23,109,Cereal_Product_9,Cereal,22.2,11.54,20.94,0
2023-12-24,109,Cereal_Product_9,Cereal,21.52,11.54,19.01,0
2023-12-25,109,Cereal_Product_9,Cereal,21.11,11.54,24.34,0
2023-12-26,109,Cereal_Product_9,Cereal,22.9,11.54,23.73,0
2023-12-27,109,Cereal_Product_9,Cereal,22.38,11.54,22.98,0
2023-12-28,109,Cereal_Product_9,Cereal,22.57,11.54,20.68,0
2023-12-29,109,Cereal_Product_9,Cereal,22.58,11.54,19.23,0
2023-12-30,109,Cereal_Product_9,Cereal,21.85,11.54,24.06,0
2023-12-31,109,Cereal_Product_9,Cereal,21.07,11.54,21.45,0
2024-01-01,109,Cereal_Product_9,Cereal,22.8,11.54,23.49,0
2023-01-01,110,Snacks_Product_10,Snacks,20.75,11.11,22.64,6
2023-01-02,110,Snacks_Product_10,Snacks,20.62,11.11,21.36,6
2023-01-03,110,Snacks_Product_10,Snacks,22.06,11.11,20.46,5
2023-01-04,110,Snacks_Product_10,Snacks,22.46,11.11,24.32,5
2023-01-05,110,Snacks_Product_10,Snacks,23.12,11.11,20.62,5
2023-01-06,110,Snacks_Product_10,Snacks,20.39,11.11,23.9,8
2023-01-07,110,Snacks_Product_10,Snacks,24.84,11.11,21.6,4
2023-01-08,110,Snacks_Product_10,Snacks,22.01,11.11,22.7,6
2023-01-09,110,Snacks_Product_10,Snacks,24.2,11.11,25.57,7
2023-01-10,110,Snacks_Product_10,Snacks,22.78,11.11,19.48,6
2023-01-11,110,Snacks_Product_10,Snacks,20.95,11.11,22.63,6
2023-01-12,110,Snacks_Product_10,Snacks,23.97,11.11,25.03,4
2023-01-13,110,Snacks_Product_10,Snacks,23.57,11.11,23.22,6
2023-01-14,110,Snacks_Product_10,Snacks,22.75,11.11,21.11,6
2023-01-15,110,Snacks_Product_10,Snacks,22.69,11.11,21.93,6
2023-01-16,110,Snacks_Product_10,Snacks,20.76,11.11,23.85,7
2023-01-17,110,Snacks_Product_10,Snacks,23.33,11.11,25.28,5
2023-01-18,110,Snacks_Product_10,Snacks,24.48,11.11,19.51,4
2023-01-19,110,Snacks_Product_10,Snacks,20.78,11.11,19.72,5
2023-01-20,110,Snacks_Product_10,Snacks,21.55,11.11,21.44,6
2023-01-21,110,Snacks_Product_10,Snacks,24.44,11.11,20.81,4
2023-01-22,110,Snacks_Product_10,Snacks,21.65,11.11,21.03,6
2023-01-23,110,Snacks_Product_10,Snacks,23.32,11.11,20.73,6
2023-01-24,110,Snacks_Product_10,Snacks,22.78,11.11,20.56,6
2023-01-25,110,Snacks_Product_10,Snacks,23.06,11.11,20.12,4
2023-01-26,110,Snacks_Product_10,Snacks,22.24,11.11,25.57,6
2023-01-27,110,Snacks_Product_10,Snacks,21.72,11.11,20.21,5
2023-01-28,110,Snacks_Product_10,Snacks,20.58,11.11,20.62,6
2023-01-29,110,Snacks_Product_10,Snacks,23.73,11.11,20.9,5
2023-01-30,110,Snacks_Product_10,Snacks,23.74,11.11,25.56,5
2023-01-31,110,Snacks_Product_10,Snacks,23.4,11.11,24.36,5
2023-02-01,110,Snacks_Product_10,Snacks,23.27,11.11,24.59,6
2023-02-02,110,Snacks_Product_10,Snacks,21.46,11.11,19.94,5
2023-02-03,110,Snacks_Product_10,Snacks,20.46,11.11,24.91,6
2023-02-04,110,Snacks_Product_10,Snacks,24.02,11.11,22.0,5
2023-02-05,110,Snacks_Product_10,Snacks,22.58,11.11,21.01,6
2023-02-06,110,Snacks_Product_10,Snacks,21.75,11.11,23.14,5
2023-02-07,110,Snacks_Product_10,Snacks,20.82,11.11,24.81,8
2023-02-08,110,Snacks_Product_10,Snacks,20.65,11.11,24.52,6
2023-02-09,110,Snacks_Product_10,Snacks,21.94,11.11,25.27,8
2023-02-10,110,Snacks_Product_10,Snacks,24.0,11.11,25.53,7
2023-02-11,110,Snacks_Product_10,Snacks,24.52,11.11,20.85,4
2023-02-12,110,Snacks_Product_10,Snacks,24.42,11.11,22.11,4
2023-02-13,110,Snacks_Product_10,Snacks,24.52,11.11,19.33,5
2023-02-14,110,Snacks_Product_10,Snacks,24.47,11.11,25.2,5
2023-02-15,110,Snacks_Product_10,Snacks,22.75,11.11,20.28,5
2023-02-16,110,Snacks_Product_10,Snacks,21.35,11.11,25.08,8
2023-02-17,110,Snacks_Product_10,Snacks,23.97,11.11,21.47,5
2023-02-18,110,Snacks_Product_10,Snacks,21.33,11.11,21.73,6
2023-02-19,110,Snacks_Product_10,Snacks,21.57,11.11,19.5,5
2023-02-20,110,Snacks_Product_10,Snacks,21.42,11.11,21.45,4
