data/raw/retail_transactions.csv
date,sku_id,product_name,category,price,cost,competitor_price,quantity_sold
2023-02-21,110,Snacks_Product_10,Snacks,22.69,11.11,25.26,7
2023-02-22,110,Snacks_Product_10,Snacks,21.82,11.11,19.4,5
2023-02-23,110,Snacks_Product_10,Snacks,21.06,11.11,21.99,7
2023-02-24,110,Snacks_Product_10,Snacks,22.41,11.11,19.44,6
2023-02-25,110,Snacks_Product_10,Snacks,24.32,11.11,21.75,5
2023-02-26,110,Snacks_Product_10,Snacks,22.94,11.11,20.4,6
2023-02-27,110,Snacks_Product_10,Snacks,24.34,11.11,20.94,5
2023-02-28,110,Snacks_Product_10,Snacks,21.25,11.11,25.19,6
2023-03-01,110,Snacks_Product_10,Snacks,21.12,11.11,22.19,6
2023-03-02,110,Snacks_Product_10,Snacks,22.97,11.11,21.09,7
2023-03-03,110,Snacks_Product_10,Snacks,22.46,11.11,23.23,7
2023-03-04,110,Snacks_Product_10,Snacks,23.35,11.11,20.19,6
2023-03-05,110,Snacks_Product_10,Snacks,23.96,11.11,20.99,6
2023-03-06,110,Snacks_Product_10,Snacks,23.76,11.11,22.94,6
2023-03-07,110,Snacks_Product_10,Snacks,24.62,11.11,20.84,5
2023-03-08,110,Snacks_Product_10,Snacks,22.16,11.11,23.84,7
2023-03-09,110,Snacks_Product_10,Snacks,21.3,11.11,22.57,5
2023-03-10,110,Snacks_Product_10,Snacks,22.85,11.11,24.47,7
2023-03-11,110,Snacks_Product_10,Snacks,20.86,11.11,25.67,8
2023-03-12,110,Snacks_Product_10,Snacks,21.67,11.11,20.02,6
2023-03-13,110,Snacks_Product_10,Snacks,21.3,11.11,21.5,8
2023-03-14,110,Snacks_Product_10,Snacks,22.16,11.11,21.4,5
2023-03-15,110,Snacks_Product_10,Snacks,20.86,11.11,20.26,7
2023-03-16,110,Snacks_Product_10,Snacks,20.51,11.11,24.73,7
2023-03-17,110,Snacks_Product_10,Snacks,23.33,11.11,24.39,6
2023-03-18,110,Snacks_Product_10,Snacks,23.12,11.11,22.52,6
2023-03-19,110,Snacks_Product_10,Snacks,23.57,11.11,22.88,6
2023-03-20,110,Snacks_Product_10,Snacks,23.35,11.11,19.63,5
2023-03-21,110,Snacks_Product_10,Snacks,20.88,11.11,23.0,8
2023-03-22,110,Snacks_Product_10,Snacks,21.68,11.11,24.6,6
2023-03-23,110,Snacks_Product_10,Snacks,20.95,11.11,23.12,7
2023-03-24,110,Snacks_Product_10,Snacks,24.18,11.11,21.03,6
2023-03-25,110,Snacks_Product_10,Snacks,23.74,11.11,23.76,5
2023-03-26,110,Snacks_Product_10,Snacks,21.27,11.11,21.68,6
2023-03-27,110,Snacks_Product_10,Snacks,21.91,11.11,22.93,6
2023-03-28,110,Snacks_Product_10,Snacks,24.74,11.11,22.54,7
2023-03-29,110,Snacks_Product_10,Snacks,23.05,11.11,21.82,5
2023-03-30,110,Snacks_Product_10,Snacks,23.99,11.11,24.11,6
2023-03-31,110,Snacks_Product_10,Snacks,21.56,11.11,25.23,6
2023-04-01,110,Snacks_Product_10,Snacks,21.31,11.11,19.27,6
2023-04-02,110,Snacks_Product_10,Snacks,23.91,11.11,25.57,5
2023-04-03,110,Snacks_Product_10,Snacks,23.46,11.11,22.7,5
2023-04-04,110,Snacks_Product_10,Snacks,23.44,11.11,23.99,7
2023-04-05,110,Snacks_Product_10,Snacks,22.86,11.11,25.04,6
2023-04-06,110,Snacks_Product_10,Snacks,22.91,11.11,22.4,6
2023-04-07,110,Snacks_Product_10,Snacks,23.69,11.11,24.9,6
2023-04-08,110,Snacks_Product_10,Snacks,21.58,11.11,20.44,6
2023-04-09,110,Snacks_Product_10,Snacks,21.96,11.11,20.31,8
2023-04-10,110,Snacks_Product_10,Snacks,24.31,11.11,23.69,5
2023-04-11,110,Snacks_Product_10,Snacks,21.76,11.11,25.14,7
2023-04-12,110,Snacks_Product_10,Snacks,22.83,11.11,25.29,8
2023-04-13,110,Snacks_Product_10,Snacks,23.54,11.11,23.6,7
2023-04-14,110,Snacks_Product_10,Snacks,24.89,11.11,22.8,5
2023-04-15,110,Snacks_Product_10,Snacks,22.33,11.11,21.48,5
2023-04-16,110,Snacks_Product_10,Snacks,22.3,11.11,25.88,8
2023-04-17,110,Snacks_Product_10,Snacks,24.17,11.11,21.4,6
2023-04-18,110,Snacks_Product_10,Snacks,24.01,11.11,24.28,5
2023-04-19,110,Snacks_Product_10,Snacks,23.67,11.11,22.84,6
2023-04-20,110,Snacks_Product_10,Snacks,22.46,11.11,23.36,5
2023-04-21,110,Snacks_Product_10,Snacks,21.83,11.11,21.9,4
2023-04-22,110,Snacks_Product_10,Snacks,23.12,11.11,25.78,6
2023-04-23,110,Snacks_Product_10,Snacks,24.33,11.11,23.11,6
2023-04-24,110,Snacks_Product_10,Snacks,24.36,11.11,25.6,6
2023-04-25,110,Snacks_Product_10,Snacks,20.85,11.11,19.28,6
2023-04-26,110,Snacks_Product_10,Snacks,22.3,11.11,23.12,7
2023-04-27,110,Snacks_Product_10,Snacks,22.46,11.11,24.1,7
2023-04-28,110,Snacks_Product_10,Snacks,24.78,11.11,24.29,5
2023-04-29,110,Snacks_Product_10,Snacks,23.43,11.11,25.37,6
2023-04-30,110,Snacks_Product_10,Snacks,22.2,11.11,19.26,6
2023-05-01,110,Snacks_Product_10,Snacks,20.48,11.11,19.23,6
2023-05-02,110,Snacks_Product_10,Snacks,22.92,11.11,22.44,5
2023-05-03,110,Snacks_Product_10,Snacks,20.8,11.11,19.43,6
2023-05-04,110,Snacks_Product_10,Snacks,24.14,11.11,25.84,6
2023-05-05,110,Snacks_Product_10,Snacks,23.77,11.11,20.74,6
2023-05-06,110,Snacks_Product_10,Snacks,22.45,11.11,22.44,7
2023-05-07,110,Snacks_Product_10,Snacks,22.3,11.11,19.65,6
2023-05-08,110,Snacks_Product_10,Snacks,24.42,11.11,22.77,6
2023-05-09,110,Snacks_Product_10,Snacks,21.67,11.11,21.81,7
2023-05-10,110,Snacks_Product_10,Snacks,21.49,11.11,19.53,6
2023-05-11,110,Snacks_Product_10,Snacks,24.61,11.11,21.5,6
2023-05-12,110,Snacks_Product_10,Snacks,24.02,11.11,21.89,6
2023-05-13,110,Snacks_Product_10,Snacks,24.07,11.11,25.95,6
2023-05-14,110,Snacks_Product_10,Snacks,21.24,11.11,20.64,6
2023-05-15,110,Snacks_Product_10,Snacks,21.01,11.11,22.93,6
2023-05-16,110,Snacks_Product_10,Snacks,20.48,11.11,25.93,6
2023-05-17,110,Snacks_Product_10,Snacks,21.43,11.11,24.61,7
2023-05-18,110,Snacks_Product_10,Snacks,23.86,11.11,25.97,7
2023-05-19,110,Snacks_Product_10,Snacks,21.45,11.11,25.8,6
2023-05-20,110,Snacks_Product_10,Snacks,23.66,11.11,22.55,6
2023-05-21,110,Snacks_Product_10,Snacks,21.5,11.11,23.96,6
2023-05-22,110,Snacks_Product_10,Snacks,22.15,11.11,19.98,7
2023-05-23,110,Snacks_Product_10,Snacks,24.81,11.11,22.22,4
2023-05-24,110,Snacks_Product_10,Snacks,21.47,11.11,24.72,7
2023-05-25,110,Snacks_Product_10,Snacks,22.06,11.11,22.66,7
2023-05-26,110,Snacks_Product_10,Snacks,21.72,11.11,24.0,7
2023-05-27,110,Snacks_Product_10,Snacks,20.86,11.11,24.29,6
2023-05-28,110,Snacks_Product_10,Snacks,22.58,11.11,20.95,5
2023-05-29,110,Snacks_Product_10,Snacks,22.07,11.11,25.17,7
2023-05-30,110,Snacks_Product_10,Snacks,23.51,11.11,22.35,6
2023-05-31,110,Snacks_Product_10,Snacks,24.06,11.11,20.66,6
2023-06-01,110,Snacks_Product_10,Snacks,22.82,11.11,25.1,7
2023-06-02,110,Snacks_Product_10,Snacks,20.51,11.11,22.07,6
2023-06-03,110,Snacks_Product_10,Snacks,23.16,11.11,24.32,5
2023-06-04,110,Snacks_Product_10,Snacks,20.61,11.11,22.95,6
2023-06-05,110,Snacks_Product_10,Snacks,23.15,11.11,21.82,5
2023-06-06,110,Snacks_Product_10,Snacks,23.46,11.11,24.73,5
2023-06-07,110,Snacks_Product_10,Snacks,21.26,11.11,23.2,6
2023-06-08,110,Snacks_Product_10,Snacks,24.07,11.11,21.88,6
2023-06-09,110,Snacks_Product_10,Snacks,24.48,11.11,19.97,5
2023-06-10,110,Snacks_Product_10,Snacks,24.04,11.11,25.31,5
2023-06-11,110,Snacks_Product_10,Snacks,21.74,11.11,19.47,6
2023-06-12,110,Snacks_Product_10,Snacks,23.02,11.11,25.09,6
2023-06-13,110,Snacks_Product_10,Snacks,24.5,11.11,21.67,5
2023-06-14,110,Snacks_Product_10,Snacks,21.81,11.11,23.57,6
2023-06-15,110,Snacks_Product_10,Snacks,24.07,11.11,25.49,6
2023-06-16,110,Snacks_Product_10,Snacks,20.4,11.11,20.26,5
2023-06-17,110,Snacks_Product_10,Snacks,20.38,11.11,23.08,7
2023-06-18,110,Snacks_Product_10,Snacks,23.8,11.11,24.42,6
2023-06-19,110,Snacks_Product_10,Snacks,23.81,11.11,24.37,5
2023-06-20,110,Snacks_Product_10,Snacks,23.93,11.11,22.8,6
2023-06-21,110,Snacks_Product_10,Snacks,24.57,11.11,23.47,5
2023-06-22,110,Snacks_Product_10,Snacks,20.89,11.11,24.37,6
2023-06-23,110,Snacks_Product_10,Snacks,21.41,11.11,24.94,6
2023-06-24,110,Snacks_Product_10,Snacks,24.45,11.11,24.4,4
2023-06-25,110,Snacks_Product_10,Snacks,21.16,11.11,21.63,6
2023-06-26,110,Snacks_Product_10,Snacks,23.45,11.11,26.0,7
2023-06-27,110,Snacks_Product_10,Snacks,22.76,11.11,22.18,5
2023-06-28,110,Snacks_Product_10,Snacks,20.74,11.11,19.4,5
2023-06-29,110,Snacks_Product_10,Snacks,21.65,11.11,21.69,5
2023-06-30,110,Snacks_Product_10,Snacks,22.72,11.11,20.1,4
2023-07-01,110,Snacks_Product_10,Snacks,24.22,11.11,20.05,5
2023-07-02,110,Snacks_Product_10,Snacks,23.56,11.11,21.14,4
2023-07-03,110,Snacks_Product_10,Snacks,23.18,11.11,19.59,4
2023-07-04,110,Snacks_Product_10,Snacks,22.61,11.11,23.9,6
2023-07-05,110,Snacks_Product_10,Snacks,21.71,11.11,19.73,6
2023-07-06,110,Snacks_Product_10,Snacks,20.9,11.11,20.61,6
2023-07-07,110,Snacks_Product_10,Snacks,22.21,11.11,19.86,5
2023-07-08,110,Snacks_Product_10,Snacks,20.49,11.11,19.66,5
2023-07-09,110,Snacks_Product_10,Snacks,21.32,11.11,21.05,5
2023-07-10,110,Snacks_Product_10,Snacks,22.32,11.11,23.11,5
2023-07-11,110,Snacks_Product_10,Snacks,22.26,11.11,25.78,5
2023-07-12,110,Snacks_Product_10,Snacks,20.56,11.11,25.17,5
2023-07-13,110,Snacks_Product_10,Snacks,23.03,11.11,25.18,5
2023-07-14,110,Snacks_Product_10,Snacks,22.85,11.11,20.43,5
2023-07-15,110,Snacks_Product_10,Snacks,20.71,11.11,21.03,5
2023-07-16,110,Snacks_Product_10,Snacks,24.63,11.11,19.75,4
2023-07-17,110,Snacks_Product_10,Snacks,20.81,11.11,24.51,7
2023-07-18,110,Snacks_Product_10,Snacks,24.23,11.11,19.7,5
2023-07-19,110,Snacks_Product_10,Snacks,20.36,11.11,23.01,7
2023-07-20,110,Snacks_Product_10,Snacks,24.35,11.11,20.91,4
2023-07-21,110,Snacks_Product_10,Snacks,20.45,11.11,20.88,6
2023-07-22,110,Snacks_Product_10,Snacks,23.79,11.11,25.95,6
2023-07-23,110,Snacks_Product_10,Snacks,22.0,11.11,24.37,5
2023-07-24,110,Snacks_Product_10,Snacks,23.7,11.11,24.91,4
2023-07-25,110,Snacks_Product_10,Snacks,22.18,11.11,23.11,5
2023-07-26,110,Snacks_Product_10,Snacks,20.68,11.11,25.14,8
2023-07-27,110,Snacks_Product_10,Snacks,23.83,11.11,23.61,4
2023-07-28,110,Snacks_Product_10,Snacks,20.68,11.11,25.65,7
2023-07-29,110,Snacks_Product_10,Snacks,24.53,11.11,21.14,4
2023-07-30,110,Snacks_Product_10,Snacks,20.59,11.11,23.27,5
2023-07-31,110,Snacks_Product_10,Snacks,22.53,11.11,23.91,7
2023-08-01,110,Snacks_Product_10,Snacks,23.63,11.11,21.9,5
2023-08-02,110,Snacks_Product_10,Snacks,22.14,11.11,25.2,6
2023-08-03,110,Snacks_Product_10,Snacks,21.34,11.11,25.88,6
2023-08-04,110,Snacks_Product_10,Snacks,23.8,11.11,22.58,5
2023-08-05,110,Snacks_Product_10,Snacks,23.91,11.11,21.88,6
2023-08-06,110,Snacks_Product_10,Snacks,24.54,11.11,22.43,6
2023-08-07,110,Snacks_Product_10,Snacks,22.06,11.11,25.02,5
2023-08-08,110,Snacks_Product_10,Snacks,22.65,11.11,23.61,7
2023-08-09,110,Snacks_Product_10,Snacks,22.0,11.11,19.53,4
2023-08-10,110,Snacks_Product_10,Snacks,21.52,11.11,22.91,6
2023-08-11,110,Snacks_Product_10,Snacks,23.76,11.11,19.35,4
2023-08-12,110,Snacks_Product_10,Snacks,21.9,11.11,24.51,6
2023-08-13,110,Snacks_Product_10,Snacks,22.3,11.11,21.46,5
2023-08-14,110,Snacks_Product_10,Snacks,22.19,11.11,22.43,5
2023-08-15,110,Snacks_Product_10,Snacks,23.59,11.11,24.65,6
2023-08-16,110,Snacks_Product_10,Snacks,24.51,11.11,19.55,5
2023-08-17,110,Snacks_Product_10,Snacks,23.38,11.11,20.31,5
2023-08-18,110,Snacks_Product_10,Snacks,22.5,11.11,21.93,4
2023-08-19,110,Snacks_Product_10,Snacks,23.89,11.11,20.79,5
2023-08-20,110,Snacks_Product_10,Snacks,23.26,11.11,21.52,5
2023-08-21,110,Snacks_Product_10,Snacks,20.64,11.11,26.0,7
2023-08-22,110,Snacks_Product_10,Snacks,20.79,11.11,24.83,6
2023-08-23,110,Snacks_Product_10,Snacks,20.53,11.11,25.23,6
2023-08-24,110,Snacks_Product_10,Snacks,22.43,11.11,25.59,5
2023-08-25,110,Snacks_Product_10,Snacks,24.1,11.11,21.54,5
2023-08-26,110,Snacks_Product_10,Snacks,21.78,11.11,21.25,5
2023-08-27,110,Snacks_Product_10,Snacks,22.1,11.11,20.82,4
2023-08-28,110,Snacks_Product_10,Snacks,24.48,11.11,24.86,5
2023-08-29,110,Snacks_Product_10,Snacks,24.15,11.11,23.84,5
2023-08-30,110,Snacks_Product_10,Snacks,23.37,11.11,20.83,4
2023-08-31,110,Snacks_Product_10,Snacks,21.57,11.11,21.79,6
2023-09-01,110,Snacks_Product_10,Snacks,20.89,11.11,22.67,6
2023-09-02,110,Snacks_Product_10,Snacks,20.43,11.11,22.81,6
2023-09-03,110,Snacks_Product_10,Snacks,20.85,11.11,25.26,6
2023-09-04,110,Snacks_Product_10,Snacks,21.69,11.11,21.81,6
2023-09-05,110,Snacks_Product_10,Snacks,22.86,11.11,25.4,5
2023-09-06,110,Snacks_Product_10,Snacks,20.65,11.11,22.23,5
2023-09-07,110,Snacks_Product_10,Snacks,20.98,11.11,24.3,6
2023-09-08,110,Snacks_Product_10,Snacks,21.18,11.11,25.54,5
2023-09-09,110,Snacks_Product_10,Snacks,23.22,11.11,25.39,5
2023-09-10,110,Snacks_Product_10,Snacks,23.15,11.11,19.62,4
2023-09-11,110,Snacks_Product_10,Snacks,22.85,11.11,20.63,5
2023-09-12,110,Snacks_Product_10,Snacks,21.49,11.11,22.47,7
2023-09-13,110,Snacks_Product_10,Snacks,22.04,11.11,22.16,5
2023-09-14,110,Snacks_Product_10,Snacks,20.8,11.11,23.58,7
2023-09-15,110,Snacks_Product_10,Snacks,21.39,11.11,25.64,6
2023-09-16,110,Snacks_Product_10,Snacks,24.42,11.11,19.99,4
2023-09-17,110,Snacks_Product_10,Snacks,24.79,11.11,22.3,5
2023-09-18,110,Snacks_Product_10,Snacks,23.29,11.11,20.54,4
2023-09-19,110,Snacks_Product_10,Snacks,24.51,11.11,25.3,5
2023-09-20,110,Snacks_Product_10,Snacks,23.27,11.11,25.78,4
2023-09-21,110,Snacks_Product_10,Snacks,20.51,11.11,22.48,5
2023-09-22,110,Snacks_Product_10,Snacks,24.87,11.11,19.94,4
2023-09-23,110,Snacks_Product_10,Snacks,20.81,11.11,24.56,7
2023-09-24,110,Snacks_Product_10,Snacks,23.45,11.11,23.96,6
2023-09-25,110,Snacks_Product_10,Snacks,21.51,11.11,21.64,5
2023-09-26,110,Snacks_Product_10,Snacks,22.14,11.11,25.25,6
2023-09-27,110,Snacks_Product_10,Snacks,23.28,11.11,25.85,6
2023-09-28,110,Snacks_Product_10,Snacks,22.34,11.11,23.02,5
2023-09-29,110,Snacks_Product_10,Snacks,21.5,11.11,23.07,6
2023-09-30,110,Snacks_Product_10,Snacks,21.87,11.11,21.25,6
2023-10-01,110,Snacks_Product_10,Snacks,21.91,11.11,23.2,6
2023-10-02,110,Snacks_Product_10,Snacks,24.7,11.11,22.21,6
2023-10-03,110,Snacks_Product_10,Snacks,23.97,11.11,21.28,5
2023-10-04,110,Snacks_Product_10,Snacks,22.44,11.11,19.69,4
2023-10-05,110,Snacks_Product_10,Snacks,21.27,11.11,20.95,5
2023-10-06,110,Snacks_Product_10,Snacks,24.03,11.11,20.57,4
2023-10-07,110,Snacks_Product_10,Snacks,21.07,11.11,22.91,5
2023-10-08,110,Snacks_Product_10,Snacks,21.31,11.11,23.31,6
2023-10-09,110,Snacks_Product_10,Snacks,22.02,11.11,23.36,5
2023-10-10,110,Snacks_Product_10,Snacks,24.34,11.11,21.86,4
2023-10-11,110,Snacks_Product_10,Snacks,20.96,11.11,22.09,5
2023-10-12,110,Snacks_Product_10,Snacks,20.91,11.11,24.89,5
2023-10-13,110,Snacks_Product_10,Snacks,22.6,11.11,22.46,5
2023-10-14,110,Snacks_Product_10,Snacks,21.61,11.11,25.93,6
2023-10-15,110,Snacks_Product_10,Snacks,22.93,11.11,22.21,5
2023-10-16,110,Snacks_Product_10,Snacks,22.4,11.11,23.64,5
2023-10-17,110,Snacks_Product_10,Snacks,22.33,11.11,19.57,5
2023-10-18,110,Snacks_Product_10,Snacks,20.87,11.11,23.66,5
2023-10-19,110,Snacks_Product_10,Snacks,21.0,11.11,25.01,6
2023-10-20,110,Snacks_Product_10,Snacks,24.08,11.11,25.63,5
2023-10-21,110,Snacks_Product_10,Snacks,24.37,11.11,26.0,6
2023-10-22,110,Snacks_Product_10,Snacks,21.42,11.11,21.15,6
2023-10-23,110,Snacks_Product_10,Snacks,20.87,11.11,23.14,7
2023-10-24,110,Snacks_Product_10,Snacks,20.6,11.11,22.29,5
2023-10-25,110,Snacks_Product_10,Snacks,23.11,11.11,23.06,4
2023-10-26,110,Snacks_Product_10,Snacks,23.6,11.11,20.3,4
2023-10-27,110,Snacks_Product_10,Snacks,22.05,11.11,25.04,7
2023-10-28,110,Snacks_Product_10,Snacks,23.44,11.11,25.4,5
2023-10-29,110,Snacks_Product_10,Snacks,23.59,11.11,22.28,4
2023-10-30,110,Snacks_Product_10,Snacks,24.59,11.11,21.13,5
2023-10-31,110,Snacks_Product_10,Snacks,20.65,11.11,20.19,5
2023-11-01,110,Snacks_Product_10,Snacks,21.23,11.11,23.87,5
2023-11-02,110,Snacks_Product_10,Snacks,20.67,11.11,21.35,5
2023-11-03,110,Snacks_Product_10,Snacks,24.29,11.11,25.4,5
2023-11-04,110,Snacks_Product_10,Snacks,23.95,11.11,23.78,5
2023-11-05,110,Snacks_Product_10,Snacks,22.96,11.11,23.61,5
2023-11-06,110,Snacks_Product_10,Snacks,20.74,11.11,23.03,5
2023-11-07,110,Snacks_Product_10,Snacks,21.6,11.11,19.54,5
2023-11-08,110,Snacks_Product_10,Snacks,21.71,11.11,25.56,3
2023-11-09,110,Snacks_Product_10,Snacks,22.9,11.11,23.49,4
2023-11-10,110,Snacks_Product_10,Snacks,21.53,11.11,25.98,5
2023-11-11,110,Snacks_Product_10,Snacks,20.69,11.11,22.88,6
2023-11-12,110,Snacks_Product_10,Snacks,23.67,11.11,24.05,5
2023-11-13,110,Snacks_Product_10,Snacks,21.71,11.11,19.61,7
2023-11-14,110,Snacks_Product_10,Snacks,22.41,11.11,23.52,6
2023-11-15,110,Snacks_Product_10,Snacks,20.94,11.11,24.42,5
2023-11-16,110,Snacks_Product_10,Snacks,23.99,11.11,24.51,5
2023-11-17,110,Snacks_Product_10,Snacks,22.92,11.11,24.46,6
2023-11-18,110,Snacks_Product_10,Snacks,24.44,11.11,20.77,4
2023-11-19,110,Snacks_Product_10,Snacks,22.6,11.11,25.85,6
2023-11-20,110,Snacks_Product_10,Snacks,24.62,11.11,25.98,5
2023-11-21,110,Snacks_Product_10,Snacks,24.4,11.11,19.74,5
2023-11-22,110,Snacks_Product_10,Snacks,22.97,11.11,25.59,4
2023-11-23,110,Snacks_Product_10,Snacks,24.59,11.11,21.19,5
2023-11-24,110,Snacks_Product_10,Snacks,21.82,11.11,23.91,7
2023-11-25,110,Snacks_Product_10,Snacks,22.02,11.11,21.53,6
2023-11-26,110,Snacks_Product_10,Snacks,20.57,11.11,25.8,5
2023-11-27,110,Snacks_Product_10,Snacks,23.03,11.11,19.92,5
2023-11-28,110,Snacks_Product_10,Snacks,23.63,11.11,22.61,5
2023-11-29,110,Snacks_Product_10,Snacks,23.86,11.11,22.14,5
2023-11-30,110,Snacks_Product_10,Snacks,21.04,11.11,21.44,5
2023-12-01,110,Snacks_Product_10,Snacks,22.37,11.11,23.61,5
2023-12-02,110,Snacks_Product_10,Snacks,21.16,11.11,20.12,5
2023-12-03,110,Snacks_Product_10,Snacks,23.36,11.11,24.09,5
2023-12-04,110,Snacks_Product_10,Snacks,21.08,11.11,25.89,6
2023-12-05,110,Snacks_Product_10,Snacks,24.45,11.11,24.69,5
2023-12-06,110,Snacks_Product_10,Snacks,21.4,11.11,25.07,5
2023-12-07,110,Snacks_Product_10,Snacks,21.68,11.11,21.67,6
2023-12-08,110,Snacks_Product_10,Snacks,24.21,11.11,21.44,6
2023-12-09,110,Snacks_Product_10,Snacks,22.44,11.11,22.74,6
2023-12-10,110,Snacks_Product_10,Snacks,20.47,11.11,19.54,5
2023-12-11,110,Snacks_Product_10,Snacks,22.6,11.11,25.65,6
2023-12-12,110,Snacks_Product_10,Snacks,20.74,11.11,20.21,5
2023-12-13,110,Snacks_Product_10,Snacks,24.82,11.11,25.36,5
2023-12-14,110,Snacks_Product_10,Snacks,23.02,11.11,19.8,4
2023-12-15,110,Snacks_Product_10,Snacks,21.52,11.11,24.81,7
2023-12-16,110,Snacks_Product_10,Snacks,22.91,11.11,20.26,5
