data/raw/retail_transactions.csv
date,sku_id,product_name,category,price,cost,competitor_price,quantity_sold
2023-12-17,110,Snacks_Product_10,Snacks,20.71,11.11,19.49,7
2023-12-18,110,Snacks_Product_10,Snacks,23.98,11.11,24.11,5
2023-12-19,110,Snacks_Product_10,Snacks,24.55,11.11,21.13,5
2023-12-20,110,Snacks_Product_10,Snacks,24.32,11.11,24.08,5
2023-12-21,110,Snacks_Product_10,Snacks,21.91,11.11,23.0,6
2023-12-22,110,Snacks_Product_10,Snacks,21.84,11.11,19.97,6
2023-12-23,110,Snacks_Product_10,Snacks,20.52,11.11,25.56,8
2023-12-24,110,Snacks_Product_10,Snacks,23.31,11.11,22.3,5
2023-12-25,110,Snacks_Product_10,Snacks,22.78,11.11,24.22,5
2023-12-26,110,Snacks_Product_10,Snacks,22.44,11.11,22.63,4
2023-12-27,110,Snacks_Product_10,Snacks,24.47,11.11,23.33,5
2023-12-28,110,Snacks_Product_10,Snacks,21.12,11.11,21.29,6
2023-12-29,110,Snacks_Product_10,Snacks,20.41,11.11,20.59,5
2023-12-30,110,Snacks_Product_10,Snacks,20.69,11.11,22.91,6
2023-12-31,110,Snacks_Product_10,Snacks,21.37,11.11,22.22,5
2024-01-01,110,Snacks_Product_10,Snacks,20.51,11.11,21.88,6
2023-01-01,111,Cereal_Product_11,Cereal,9.61,5.68,10.0,1
2023-01-02,111,Cereal_Product_11,Cereal,9.07,5.68,8.41,1
2023-01-03,111,Cereal_Product_11,Cereal,10.0,5.68,8.8,1
2023-01-04,111,Cereal_Product_11,Cereal,9.11,5.68,9.18,1
2023-01-05,111,Cereal_Product_11,Cereal,8.69,5.68,9.27,1
2023-01-06,111,Cereal_Product_11,Cereal,10.49,5.68,10.16,1
2023-01-07,111,Cereal_Product_11,Cereal,9.28,5.68,9.74,1
2023-01-08,111,Cereal_Product_11,Cereal,9.07,5.68,9.31,1
2023-01-09,111,Cereal_Product_11,Cereal,9.2,5.68,9.51,1
2023-01-10,111,Cereal_Product_11,Cereal,9.33,5.68,8.24,1
2023-01-11,111,Cereal_Product_11,Cereal,9.6,5.68,10.44,1
2023-01-12,111,Cereal_Product_11,Cereal,8.82,5.68,8.32,1
2023-01-13,111,Cereal_Product_11,Cereal,8.79,5.68,10.61,1
2023-01-14,111,Cereal_Product_11,Cereal,9.25,5.68,9.77,1
2023-01-15,111,Cereal_Product_11,Cereal,9.26,5.68,9.73,1
2023-01-16,111,Cereal_Product_11,Cereal,8.91,5.68,10.24,1
2023-01-17,111,Cereal_Product_11,Cereal,9.47,5.68,10.69,1
2023-01-18,111,Cereal_Product_11,Cereal,9.24,5.68,10.93,1
2023-01-19,111,Cereal_Product_11,Cereal,8.74,5.68,9.78,1
2023-01-20,111,Cereal_Product_11,Cereal,10.4,5.68,8.64,1
2023-01-21,111,Cereal_Product_11,Cereal,10.4,5.68,10.75,1
2023-01-22,111,Cereal_Product_11,Cereal,9.09,5.68,8.32,1
2023-01-23,111,Cereal_Product_11,Cereal,9.0,5.68,10.54,1
2023-01-24,111,Cereal_Product_11,Cereal,9.74,5.68,10.17,1
2023-01-25,111,Cereal_Product_11,Cereal,9.9,5.68,10.82,1
2023-01-26,111,Cereal_Product_11,Cereal,10.54,5.68,10.8,1
2023-01-27,111,Cereal_Product_11,Cereal,9.42,5.68,8.36,1
2023-01-28,111,Cereal_Product_11,Cereal,9.88,5.68,9.97,1
2023-01-29,111,Cereal_Product_11,Cereal,10.38,5.68,8.57,1
2023-01-30,111,Cereal_Product_11,Cereal,9.56,5.68,8.43,1
2023-01-31,111,Cereal_Product_11,Cereal,8.92,5.68,9.5,1
2023-02-01,111,Cereal_Product_11,Cereal,9.42,5.68,8.49,1
2023-02-02,111,Cereal_Product_11,Cereal,8.95,5.68,10.31,1
2023-02-03,111,Cereal_Product_11,Cereal,8.72,5.68,11.01,1
2023-02-04,111,Cereal_Product_11,Cereal,10.14,5.68,9.85,1
2023-02-05,111,Cereal_Product_11,Cereal,9.15,5.68,8.89,1
2023-02-06,111,Cereal_Product_11,Cereal,8.69,5.68,10.65,1
2023-02-07,111,Cereal_Product_11,Cereal,10.37,5.68,10.67,1
2023-02-08,111,Cereal_Product_11,Cereal,9.54,5.68,10.33,1
2023-02-09,111,Cereal_Product_11,Cereal,9.15,5.68,9.99,1
2023-02-10,111,Cereal_Product_11,Cereal,9.19,5.68,10.72,1
2023-02-11,111,Cereal_Product_11,Cereal,9.15,5.68,8.68,1
2023-02-12,111,Cereal_Product_11,Cereal,9.06,5.68,10.9,1
2023-02-13,111,Cereal_Product_11,Cereal,10.31,5.68,10.95,0
2023-02-14,111,Cereal_Product_11,Cereal,9.02,5.68,10.73,1
2023-02-15,111,Cereal_Product_11,Cereal,9.77,5.68,8.93,1
2023-02-16,111,Cereal_Product_11,Cereal,8.84,5.68,10.69,1
2023-02-17,111,Cereal_Product_11,Cereal,10.52,5.68,9.65,1
2023-02-18,111,Cereal_Product_11,Cereal,9.85,5.68,9.93,1
2023-02-19,111,Cereal_Product_11,Cereal,10.43,5.68,10.64,1
2023-02-20,111,Cereal_Product_11,Cereal,9.46,5.68,8.29,1
2023-02-21,111,Cereal_Product_11,Cereal,10.25,5.68,9.26,1
2023-02-22,111,Cereal_Product_11,Cereal,10.34,5.68,10.57,1
2023-02-23,111,Cereal_Product_11,Cereal,10.04,5.68,10.56,1
2023-02-24,111,Cereal_Product_11,Cereal,8.87,5.68,10.66,1
2023-02-25,111,Cereal_Product_11,Cereal,8.72,5.68,8.69,1
2023-02-26,111,Cereal_Product_11,Cereal,9.01,5.68,10.25,1
2023-02-27,111,Cereal_Product_11,Cereal,8.92,5.68,8.63,1
2023-02-28,111,Cereal_Product_11,Cereal,10.09,5.68,10.48,1
2023-03-01,111,Cereal_Product_11,Cereal,9.76,5.68,8.91,1
2023-03-02,111,Cereal_Product_11,Cereal,9.7,5.68,10.34,1
2023-03-03,111,Cereal_Product_11,Cereal,9.18,5.68,9.52,1
2023-03-04,111,Cereal_Product_11,Cereal,8.99,5.68,11.06,1
2023-03-05,111,Cereal_Product_11,Cereal,9.09,5.68,9.88,1
2023-03-06,111,Cereal_Product_11,Cereal,9.46,5.68,10.04,1
2023-03-07,111,Cereal_Product_11,Cereal,10.12,5.68,9.27,1
2023-03-08,111,Cereal_Product_11,Cereal,9.18,5.68,10.33,1
2023-03-09,111,Cereal_Product_11,Cereal,10.04,5.68,9.64,1
2023-03-10,111,Cereal_Product_11,Cereal,9.64,5.68,8.26,1
2023-03-11,111,Cereal_Product_11,Cereal,10.4,5.68,9.97,1
2023-03-12,111,Cereal_Product_11,Cereal,9.14,5.68,10.61,1
2023-03-13,111,Cereal_Product_11,Cereal,9.56,5.68,8.89,1
2023-03-14,111,Cereal_Product_11,Cereal,8.87,5.68,8.84,1
2023-03-15,111,Cereal_Product_11,Cereal,9.33,5.68,9.97,1
2023-03-16,111,Cereal_Product_11,Cereal,9.67,5.68,10.57,1
2023-03-17,111,Cereal_Product_11,Cereal,10.1,5.68,8.93,1
2023-03-18,111,Cereal_Product_11,Cereal,9.07,5.68,10.9,1
2023-03-19,111,Cereal_Product_11,Cereal,9.11,5.68,10.89,1
2023-03-20,111,Cereal_Product_11,Cereal,9.91,5.68,8.79,1
2023-03-21,111,Cereal_Product_11,Cereal,9.43,5.68,8.97,1
2023-03-22,111,Cereal_Product_11,Cereal,9.62,5.68,10.23,1
2023-03-23,111,Cereal_Product_11,Cereal,10.3,5.68,10.96,1
2023-03-24,111,Cereal_Product_11,Cereal,9.65,5.68,10.26,1
2023-03-25,111,Cereal_Product_11,Cereal,9.95,5.68,9.49,1
2023-03-26,111,Cereal_Product_11,Cereal,9.96,5.68,8.69,1
2023-03-27,111,Cereal_Product_11,Cereal,10.24,5.68,9.54,1
2023-03-28,111,Cereal_Product_11,Cereal,9.92,5.68,9.96,1
2023-03-29,111,Cereal_Product_11,Cereal,8.81,5.68,9.16,1
2023-03-30,111,Cereal_Product_11,Cereal,9.35,5.68,9.68,1
2023-03-31,111,Cereal_Product_11,Cereal,10.6,5.68,8.58,1
2023-04-01,111,Cereal_Product_11,Cereal,9.07,5.68,9.51,1
2023-04-02,111,Cereal_Product_11,Cereal,9.82,5.68,8.47,1
2023-04-03,111,Cereal_Product_11,Cereal,10.31,5.68,8.35,1
2023-04-04,111,Cereal_Product_11,Cereal,9.82,5.68,10.69,1
2023-04-05,111,Cereal_Product_11,Cereal,9.41,5.68,8.8,1
2023-04-06,111,Cereal_Product_11,Cereal,8.84,5.68,9.87,1
2023-04-07,111,Cereal_Product_11,Cereal,9.39,5.68,8.64,1
2023-04-08,111,Cereal_Product_11,Cereal,9.04,5.68,8.96,1
2023-04-09,111,Cereal_Product_11,Cereal,10.54,5.68,9.25,1
2023-04-10,111,Cereal_Product_11,Cereal,10.07,5.68,8.62,1
2023-04-11,111,Cereal_Product_11,Cereal,10.13,5.68,8.34,1
2023-04-12,111,Cereal_Product_11,Cereal,9.53,5.68,10.74,1
2023-04-13,111,Cereal_Product_11,Cereal,8.9,5.68,8.24,1
2023-04-14,111,Cereal_Product_11,Cereal,9.2,5.68,8.38,1
2023-04-15,111,Cereal_Product_11,Cereal,9.19,5.68,10.54,1
2023-04-16,111,Cereal_Product_11,Cereal,9.63,5.68,9.02,1
2023-04-17,111,Cereal_Product_11,Cereal,9.58,5.68,10.3,1
2023-04-18,111,Cereal_Product_11,Cereal,9.52,5.68,8.63,1
2023-04-19,111,Cereal_Product_11,Cereal,9.64,5.68,8.89,1
2023-04-20,111,Cereal_Product_11,Cereal,10.59,5.68,9.86,1
2023-04-21,111,Cereal_Product_11,Cereal,9.26,5.68,11.07,1
2023-04-22,111,Cereal_Product_11,Cereal,9.88,5.68,8.42,1
2023-04-23,111,Cereal_Product_11,Cereal,9.15,5.68,9.36,1
2023-04-24,111,Cereal_Product_11,Cereal,9.59,5.68,8.33,1
2023-04-25,111,Cereal_Product_11,Cereal,9.07,5.68,8.78,1
2023-04-26,111,Cereal_Product_11,Cereal,9.76,5.68,10.83,1
2023-04-27,111,Cereal_Product_11,Cereal,9.2,5.68,8.48,1
2023-04-28,111,Cereal_Product_11,Cereal,8.76,5.68,10.69,1
2023-04-29,111,Cereal_Product_11,Cereal,10.26,5.68,8.72,1
2023-04-30,111,Cereal_Product_11,Cereal,8.93,5.68,10.7,1
2023-05-01,111,Cereal_Product_11,Cereal,9.4,5.68,9.76,1
2023-05-02,111,Cereal_Product_11,Cereal,9.61,5.68,10.75,1
2023-05-03,111,Cereal_Product_11,Cereal,9.52,5.68,8.64,1
2023-05-04,111,Cereal_Product_11,Cereal,10.09,5.68,10.41,1
2023-05-05,111,Cereal_Product_11,Cereal,9.84,5.68,10.18,1
2023-05-06,111,Cereal_Product_11,Cereal,9.26,5.68,9.78,1
2023-05-07,111,Cereal_Product_11,Cereal,8.79,5.68,10.55,1
2023-05-08,111,Cereal_Product_11,Cereal,10.17,5.68,10.08,1
2023-05-09,111,Cereal_Product_11,Cereal,9.37,5.68,10.74,1
2023-05-10,111,Cereal_Product_11,Cereal,10.4,5.68,9.31,1
2023-05-11,111,Cereal_Product_11,Cereal,9.45,5.68,9.91,1
2023-05-12,111,Cereal_Product_11,Cereal,10.07,5.68,10.73,1
2023-05-13,111,Cereal_Product_11,Cereal,10.5,5.68,8.83,1
2023-05-14,111,Cereal_Product_11,Cereal,9.94,5.68,9.61,1
2023-05-15,111,Cereal_Product_11,Cereal,9.49,5.68,10.99,1
2023-05-16,111,Cereal_Product_11,Cereal,9.78,5.68,9.58,1
2023-05-17,111,Cereal_Product_11,Cereal,9.74,5.68,8.94,1
2023-05-18,111,Cereal_Product_11,Cereal,9.82,5.68,9.22,0
2023-05-19,111,Cereal_Product_11,Cereal,8.97,5.68,10.77,1
2023-05-20,111,Cereal_Product_11,Cereal,10.04,5.68,10.97,1
2023-05-21,111,Cereal_Product_11,Cereal,8.97,5.68,10.96,1
2023-05-22,111,Cereal_Product_11,Cereal,8.72,5.68,10.23,1
2023-05-23,111,Cereal_Product_11,Cereal,9.89,5.68,9.68,1
2023-05-24,111,Cereal_Product_11,Cereal,8.91,5.68,8.73,1
2023-05-25,111,Cereal_Product_11,Cereal,10.17,5.68,8.56,1
2023-05-26,111,Cereal_Product_11,Cereal,10.36,5.68,8.38,0
2023-05-27,111,Cereal_Product_11,Cereal,10.51,5.68,8.26,0
2023-05-28,111,Cereal_Product_11,Cereal,9.97,5.68,10.75,1
2023-05-29,111,Cereal_Product_11,Cereal,9.62,5.68,10.55,1
2023-05-30,111,Cereal_Product_11,Cereal,9.37,5.68,9.85,1
2023-05-31,111,Cereal_Product_11,Cereal,9.63,5.68,11.1,1
2023-06-01,111,Cereal_Product_11,Cereal,9.05,5.68,10.96,1
2023-06-02,111,Cereal_Product_11,Cereal,9.36,5.68,10.1,1
2023-06-03,111,Cereal_Product_11,Cereal,10.07,5.68,9.55,1
2023-06-04,111,Cereal_Product_11,Cereal,9.11,5.68,8.65,1
2023-06-05,111,Cereal_Product_11,Cereal,9.2,5.68,9.7,1
2023-06-06,111,Cereal_Product_11,Cereal,10.13,5.68,8.66,1
2023-06-07,111,Cereal_Product_11,Cereal,9.03,5.68,9.36,1
2023-06-08,111,Cereal_Product_11,Cereal,9.16,5.68,10.93,1
2023-06-09,111,Cereal_Product_11,Cereal,8.72,5.68,9.19,1
2023-06-10,111,Cereal_Product_11,Cereal,10.08,5.68,8.65,1
2023-06-11,111,Cereal_Product_11,Cereal,9.88,5.68,9.89,1
2023-06-12,111,Cereal_Product_11,Cereal,10.03,5.68,9.95,1
2023-06-13,111,Cereal_Product_11,Cereal,9.1,5.68,8.77,1
2023-06-14,111,Cereal_Product_11,Cereal,10.01,5.68,8.77,1
2023-06-15,111,Cereal_Product_11,Cereal,9.84,5.68,11.07,1
2023-06-16,111,Cereal_Product_11,Cereal,9.39,5.68,8.91,1
2023-06-17,111,Cereal_Product_11,Cereal,9.53,5.68,10.63,1
2023-06-18,111,Cereal_Product_11,Cereal,9.78,5.68,9.57,1
2023-06-19,111,Cereal_Product_11,Cereal,9.64,5.68,9.46,1
2023-06-20,111,Cereal_Product_11,Cereal,9.93,5.68,9.06,1
2023-06-21,111,Cereal_Product_11,Cereal,9.04,5.68,10.45,1
2023-06-22,111,Cereal_Product_11,Cereal,9.73,5.68,10.75,1
2023-06-23,111,Cereal_Product_11,Cereal,9.56,5.68,8.96,1
2023-06-24,111,Cereal_Product_11,Cereal,9.58,5.68,8.48,1
2023-06-25,111,Cereal_Product_11,Cereal,9.59,5.68,8.6,1
2023-06-26,111,Cereal_Product_11,Cereal,10.39,5.68,10.5,1
2023-06-27,111,Cereal_Product_11,Cereal,10.27,5.68,9.47,1
2023-06-28,111,Cereal_Product_11,Cereal,9.9,5.68,8.59,1
2023-06-29,111,Cereal_Product_11,Cereal,10.07,5.68,9.19,1
2023-06-30,111,Cereal_Product_11,Cereal,8.77,5.68,9.69,1
2023-07-01,111,Cereal_Product_11,Cereal,10.12,5.68,10.67,1
2023-07-02,111,Cereal_Product_11,Cereal,9.63,5.68,10.06,1
2023-07-03,111,Cereal_Product_11,Cereal,9.3,5.68,8.71,1
2023-07-04,111,Cereal_Product_11,Cereal,8.96,5.68,8.66,1
2023-07-05,111,Cereal_Product_11,Cereal,8.83,5.68,9.4,1
2023-07-06,111,Cereal_Product_11,Cereal,8.77,5.68,8.42,1
2023-07-07,111,Cereal_Product_11,Cereal,9.0,5.68,10.39,1
2023-07-08,111,Cereal_Product_11,Cereal,8.75,5.68,9.37,1
2023-07-09,111,Cereal_Product_11,Cereal,10.1,5.68,9.2,1
2023-07-10,111,Cereal_Product_11,Cereal,9.17,5.68,9.68,1
2023-07-11,111,Cereal_Product_11,Cereal,9.4,5.68,10.26,1
2023-07-12,111,Cereal_Product_11,Cereal,10.28,5.68,9.85,1
2023-07-13,111,Cereal_Product_11,Cereal,8.91,5.68,10.53,1
2023-07-14,111,Cereal_Product_11,Cereal,10.3,5.68,10.03,0
2023-07-15,111,Cereal_Product_11,Cereal,9.92,5.68,10.49,1
2023-07-16,111,Cereal_Product_11,Cereal,9.35,5.68,10.22,1
2023-07-17,111,Cereal_Product_11,Cereal,8.91,5.68,8.76,1
2023-07-18,111,Cereal_Product_11,Cereal,8.86,5.68,8.36,1
2023-07-19,111,Cereal_Product_11,Cereal,9.33,5.68,10.82,1
2023-07-20,111,Cereal_Product_11,Cereal,8.96,5.68,10.94,1
2023-07-21,111,Cereal_Product_11,Cereal,9.2,5.68,10.31,1
2023-07-22,111,Cereal_Product_11,Cereal,8.79,5.68,10.3,1
2023-07-23,111,Cereal_Product_11,Cereal,9.84,5.68,8.99,1
2023-07-24,111,Cereal_Product_11,Cereal,8.97,5.68,9.78,1
2023-07-25,111,Cereal_Product_11,Cereal,10.15,5.68,11.08,0
2023-07-26,111,Cereal_Product_11,Cereal,9.11,5.68,10.68,1
2023-07-27,111,Cereal_Product_11,Cereal,10.23,5.68,9.09,0
2023-07-28,111,Cereal_Product_11,Cereal,9.05,5.68,9.08,1
2023-07-29,111,Cereal_Product_11,Cereal,10.08,5.68,9.6,1
2023-07-30,111,Cereal_Product_11,Cereal,9.33,5.68,9.38,1
2023-07-31,111,Cereal_Product_11,Cereal,9.81,5.68,9.28,1
2023-08-01,111,Cereal_Product_11,Cereal,8.76,5.68,10.02,1
2023-08-02,111,Cereal_Product_11,Cereal,9.64,5.68,8.24,1
2023-08-03,111,Cereal_Product_11,Cereal,8.97,5.68,10.42,1
2023-08-04,111,Cereal_Product_11,Cereal,9.63,5.68,10.35,1
2023-08-05,111,Cereal_Product_11,Cereal,8.96,5.68,10.61,1
2023-08-06,111,Cereal_Product_11,Cereal,9.53,5.68,10.64,1
2023-08-07,111,Cereal_Product_11,Cereal,8.9,5.68,9.84,1
2023-08-08,111,Cereal_Product_11,Cereal,9.11,5.68,10.46,1
2023-08-09,111,Cereal_Product_11,Cereal,9.84,5.68,9.63,1
2023-08-10,111,Cereal_Product_11,Cereal,10.57,5.68,10.96,0
2023-08-11,111,Cereal_Product_11,Cereal,9.55,5.68,8.76,1
2023-08-12,111,Cereal_Product_11,Cereal,10.01,5.68,10.86,1
2023-08-13,111,Cereal_Product_11,Cereal,9.73,5.68,8.95,1
2023-08-14,111,Cereal_Product_11,Cereal,9.65,5.68,8.5,1
2023-08-15,111,Cereal_Product_11,Cereal,8.81,5.68,9.48,1
2023-08-16,111,Cereal_Product_11,Cereal,8.97,5.68,9.99,1
2023-08-17,111,Cereal_Product_11,Cereal,10.39,5.68,8.87,0
2023-08-18,111,Cereal_Product_11,Cereal,9.48,5.68,9.81,1
2023-08-19,111,Cereal_Product_11,Cereal,9.87,5.68,10.54,0
2023-08-20,111,Cereal_Product_11,Cereal,9.71,5.68,8.95,1
2023-08-21,111,Cereal_Product_11,Cereal,9.42,5.68,9.89,1
2023-08-22,111,Cereal_Product_11,Cereal,9.44,5.68,9.19,1
2023-08-23,111,Cereal_Product_11,Cereal,9.76,5.68,9.74,1
2023-08-24,111,Cereal_Product_11,Cereal,8.96,5.68,10.14,1
2023-08-25,111,Cereal_Product_11,Cereal,9.43,5.68,9.22,1
2023-08-26,111,Cereal_Product_11,Cereal,9.55,5.68,11.08,1
2023-08-27,111,Cereal_Product_11,Cereal,10.59,5.68,9.84,0
2023-08-28,111,Cereal_Product_11,Cereal,9.37,5.68,10.59,1
2023-08-29,111,Cereal_Product_11,Cereal,9.93,5.68,10.3,1
2023-08-30,111,Cereal_Product_11,Cereal,8.95,5.68,10.67,1
2023-08-31,111,Cereal_Product_11,Cereal,8.81,5.68,8.71,1
2023-09-01,111,Cereal_Product_11,Cereal,10.37,5.68,8.85,0
2023-09-02,111,Cereal_Product_11,Cereal,10.1,5.68,9.62,1
2023-09-03,111,Cereal_Product_11,Cereal,9.3,5.68,10.67,1
2023-09-04,111,Cereal_Product_11,Cereal,9.66,5.68,8.78,1
2023-09-05,111,Cereal_Product_11,Cereal,8.95,5.68,11.02,1
2023-09-06,111,Cereal_Product_11,Cereal,10.05,5.68,8.57,1
2023-09-07,111,Cereal_Product_11,Cereal,8.82,5.68,8.71,1
2023-09-08,111,Cereal_Product_11,Cereal,10.15,5.68,8.69,1
2023-09-09,111,Cereal_Product_11,Cereal,9.74,5.68,9.9,1
2023-09-10,111,Cereal_Product_11,Cereal,9.23,5.68,10.86,1
2023-09-11,111,Cereal_Product_11,Cereal,10.35,5.68,8.94,0
2023-09-12,111,Cereal_Product_11,Cereal,10.59,5.68,9.81,0
2023-09-13,111,Cereal_Product_11,Cereal,9.18,5.68,8.71,1
2023-09-14,111,Cereal_Product_11,Cereal,10.24,5.68,10.03,1
2023-09-15,111,Cereal_Product_11,Cereal,10.14,5.68,8.56,0
2023-09-16,111,Cereal_Product_11,Cereal,10.13,5.68,9.63,0
2023-09-17,111,Cereal_Product_11,Cereal,10.54,5.68,10.1,0
2023-09-18,111,Cereal_Product_11,Cereal,9.63,5.68,9.88,0
2023-09-19,111,Cereal_Product_11,Cereal,9.99,5.68,8.61,0
2023-09-20,111,Cereal_Product_11,Cereal,10.28,5.68,8.67,0
2023-09-21,111,Cereal_Product_11,Cereal,9.61,5.68,10.15,1
2023-09-22,111,Cereal_Product_11,Cereal,9.62,5.68,10.55,0
2023-09-23,111,Cereal_Product_11,Cereal,9.3,5.68,10.83,1
2023-09-24,111,Cereal_Product_11,Cereal,10.19,5.68,10.56,0
2023-09-25,111,Cereal_Product_11,Cereal,10.01,5.68,11.02,1
2023-09-26,111,Cereal_Product_11,Cereal,9.56,5.68,9.39,1
2023-09-27,111,Cereal_Product_11,Cereal,9.5,5.68,9.16,1
2023-09-28,111,Cereal_Product_11,Cereal,8.83,5.68,8.29,1
2023-09-29,111,Cereal_Product_11,Cereal,8.7,5.68,9.51,1
2023-09-30,111,Cereal_Product_11,Cereal,9.71,5.68,10.09,1
2023-10-01,111,Cereal_Product_11,Cereal,9.49,5.68,10.57,1
2023-10-02,111,Cereal_Product_11,Cereal,10.22,5.68,8.98,0
2023-10-03,111,Cereal_Product_11,Cereal,9.73,5.68,9.69,1
2023-10-04,111,Cereal_Product_11,Cereal,10.5,5.68,10.12,1
2023-10-05,111,Cereal_Product_11,Cereal,9.07,5.68,9.8,1
2023-10-06,111,Cereal_Product_11,Cereal,10.6,5.68,9.0,0
2023-10-07,111,Cereal_Product_11,Cereal,9.26,5.68,10.51,1
2023-10-08,111,Cereal_Product_11,Cereal,9.93,5.68,8.71,1
2023-10-09,111,Cereal_Product_11,Cereal,9.66,5.68,10.83,1
2023-10-10,111,Cereal_Product_11,Cereal,9.38,5.68,10.96,1
2023-10-11,111,Cereal_Product_11,Cereal,8.96,5.68,9.26,1
2023-10-12,111,Cereal_Product_11,Cereal,8.95,5.68,9.29,1
2023-10-13,111,Cereal_Product_11,Cereal,10.06,5.68,10.36,1
2023-10-14,111,Cereal_Product_11,Cereal,9.42,5.68,9.53,1
2023-10-15,111,Cereal_Product_11,Cereal,10.54,5.68,8.29,0
2023-10-16,111,Cereal_Product_11,Cereal,9.32,5.68,10.87,1
2023-10-17,111,Cereal_Product_11,Cereal,10.59,5.68,9.45,0
2023-10-18,111,Cereal_Product_11,Cereal,9.08,5.68,8.79,0
2023-10-19,111,Cereal_Product_11,Cereal,8.89,5.68,9.81,1
2023-10-20,111,Cereal_Product_11,Cereal,9.29,5.68,8.84,1
2023-10-21,111,Cereal_Product_11,Cereal,10.4,5.68,8.8,0
