data/raw/retail_transactions.csv
date,sku_id,product_name,category,price,cost,competitor_price,quantity_sold
2023-10-22,111,Cereal_Product_11,Cereal,9.69,5.68,9.78,1
2023-10-23,111,Cereal_Product_11,Cereal,8.95,5.68,9.34,1
2023-10-24,111,Cereal_Product_11,Cereal,9.08,5.68,9.86,1
2023-10-25,111,Cereal_Product_11,Cereal,9.29,5.68,11.09,1
2023-10-26,111,Cereal_Product_11,Cereal,9.83,5.68,10.69,0
2023-10-27,111,Cereal_Product_11,Cereal,9.33,5.68,8.23,0
2023-10-28,111,Cereal_Product_11,Cereal,10.13,5.68,8.35,0
2023-10-29,111,Cereal_Product_11,Cereal,9.88,5.68,9.97,1
2023-10-30,111,Cereal_Product_11,Cereal,10.37,5.68,10.02,1
2023-10-31,111,Cereal_Product_11,Cereal,9.65,5.68,10.75,1
2023-11-01,111,Cereal_Product_11,Cereal,9.33,5.68,10.03,1
2023-11-02,111,Cereal_Product_11,Cereal,10.61,5.68,8.86,0
2023-11-03,111,Cereal_Product_11,Cereal,9.37,5.68,9.56,1
2023-11-04,111,Cereal_Product_11,Cereal,9.51,5.68,10.55,1
2023-11-05,111,Cereal_Product_11,Cereal,10.25,5.68,10.88,0
2023-11-06,111,Cereal_Product_11,Cereal,8.86,5.68,8.89,1
2023-11-07,111,Cereal_Product_11,Cereal,9.43,5.68,9.77,1
2023-11-08,111,Cereal_Product_11,Cereal,8.85,5.68,8.66,1
2023-11-09,111,Cereal_Product_11,Cereal,8.96,5.68,9.64,1
2023-11-10,111,Cereal_Product_11,Cereal,8.7,5.68,8.47,1
2023-11-11,111,Cereal_Product_11,Cereal,8.71,5.68,10.93,1
2023-11-12,111,Cereal_Product_11,Cereal,9.42,5.68,10.05,1
2023-11-13,111,Cereal_Product_11,Cereal,10.25,5.68,10.68,0
2023-11-14,111,Cereal_Product_11,Cereal,9.82,5.68,11.1,1
2023-11-15,111,Cereal_Product_11,Cereal,9.91,5.68,8.73,0
2023-11-16,111,Cereal_Product_11,Cereal,9.69,5.68,10.21,1
2023-11-17,111,Cereal_Product_11,Cereal,10.27,5.68,10.77,1
2023-11-18,111,Cereal_Product_11,Cereal,10.39,5.68,9.87,0
2023-11-19,111,Cereal_Product_11,Cereal,10.33,5.68,10.06,0
2023-11-20,111,Cereal_Product_11,Cereal,10.26,5.68,9.39,0
2023-11-21,111,Cereal_Product_11,Cereal,9.04,5.68,10.16,1
2023-11-22,111,Cereal_Product_11,Cereal,9.83,5.68,9.35,1
2023-11-23,111,Cereal_Product_11,Cereal,9.81,5.68,9.58,1
2023-11-24,111,Cereal_Product_11,Cereal,9.71,5.68,8.5,1
2023-11-25,111,Cereal_Product_11,Cereal,9.62,5.68,8.23,1
2023-11-26,111,Cereal_Product_11,Cereal,8.86,5.68,8.36,1
2023-11-27,111,Cereal_Product_11,Cereal,8.88,5.68,8.76,1
2023-11-28,111,Cereal_Product_11,Cereal,10.43,5.68,9.53,0
2023-11-29,111,Cereal_Product_11,Cereal,9.9,5.68,8.27,1
2023-11-30,111,Cereal_Product_11,Cereal,9.19,5.68,8.66,1
2023-12-01,111,Cereal_Product_11,Cereal,9.23,5.68,10.47,1
2023-12-02,111,Cereal_Product_11,Cereal,9.87,5.68,10.41,1
2023-12-03,111,Cereal_Product_11,Cereal,9.47,5.68,10.49,1
2023-12-04,111,Cereal_Product_11,Cereal,9.54,5.68,10.87,1
2023-12-05,111,Cereal_Product_11,Cereal,8.8,5.68,8.55,1
2023-12-06,111,Cereal_Product_11,Cereal,8.96,5.68,8.68,1
2023-12-07,111,Cereal_Product_11,Cereal,9.45,5.68,9.17,1
2023-12-08,111,Cereal_Product_11,Cereal,10.04,5.68,10.85,1
2023-12-09,111,Cereal_Product_11,Cereal,8.78,5.68,10.45,1
2023-12-10,111,Cereal_Product_11,Cereal,9.33,5.68,9.14,1
2023-12-11,111,Cereal_Product_11,Cereal,10.03,5.68,8.46,0
2023-12-12,111,Cereal_Product_11,Cereal,10.22,5.68,9.99,1
2023-12-13,111,Cereal_Product_11,Cereal,9.05,5.68,8.95,1
2023-12-14,111,Cereal_Product_11,Cereal,10.1,5.68,9.74,1
2023-12-15,111,Cereal_Product_11,Cereal,10.53,5.68,10.93,0
2023-12-16,111,Cereal_Product_11,Cereal,10.44,5.68,9.86,1
2023-12-17,111,Cereal_Product_11,Cereal,10.21,5.68,10.88,1
2023-12-18,111,Cereal_Product_11,Cereal,10.06,5.68,9.34,1
2023-12-19,111,Cereal_Product_11,Cereal,9.14,5.68,10.04,1
2023-12-20,111,Cereal_Product_11,Cereal,9.91,5.68,10.79,1
2023-12-21,111,Cereal_Product_11,Cereal,9.93,5.68,9.91,0
2023-12-22,111,Cereal_Product_11,Cereal,9.47,5.68,9.99,1
2023-12-23,111,Cereal_Product_11,Cereal,9.64,5.68,10.28,1
2023-12-24,111,Cereal_Product_11,Cereal,10.03,5.68,10.76,1
2023-12-25,111,Cereal_Product_11,Cereal,10.53,5.68,8.46,0
2023-12-26,111,Cereal_Product_11,Cereal,9.26,5.68,9.18,1
2023-12-27,111,Cereal_Product_11,Cereal,9.16,5.68,9.36,1
2023-12-28,111,Cereal_Product_11,Cereal,9.85,5.68,10.84,1
2023-12-29,111,Cereal_Product_11,Cereal,8.94,5.68,10.97,1
2023-12-30,111,Cereal_Product_11,Cereal,9.81,5.68,8.55,1
2023-12-31,111,Cereal_Product_11,Cereal,8.86,5.68,8.55,1
2024-01-01,111,Cereal_Product_11,Cereal,9.63,5.68,10.91,1
2023-01-01,112,Dairy_Product_12,Dairy,17.84,12.22,19.88,3
2023-01-02,112,Dairy_Product_12,Dairy,19.12,12.22,17.59,3
2023-01-03,112,Dairy_Product_12,Dairy,20.51,12.22,22.18,3
2023-01-04,112,Dairy_Product_12,Dairy,18.11,12.22,22.26,4
2023-01-05,112,Dairy_Product_12,Dairy,21.26,12.22,20.81,2
2023-01-06,112,Dairy_Product_12,Dairy,21.34,12.22,16.87,2
2023-01-07,112,Dairy_Product_12,Dairy,18.17,12.22,19.94,3
2023-01-08,112,Dairy_Product_12,Dairy,21.66,12.22,20.49,3
2023-01-09,112,Dairy_Product_12,Dairy,18.93,12.22,22.65,3
2023-01-10,112,Dairy_Product_12,Dairy,18.08,12.22,22.66,4
2023-01-11,112,Dairy_Product_12,Dairy,17.77,12.22,21.84,4
2023-01-12,112,Dairy_Product_12,Dairy,19.36,12.22,17.14,3
2023-01-13,112,Dairy_Product_12,Dairy,20.24,12.22,22.41,3
2023-01-14,112,Dairy_Product_12,Dairy,19.06,12.22,20.39,3
2023-01-15,112,Dairy_Product_12,Dairy,21.05,12.22,21.51,3
2023-01-16,112,Dairy_Product_12,Dairy,20.58,12.22,19.18,2
2023-01-17,112,Dairy_Product_12,Dairy,19.13,12.22,18.66,3
2023-01-18,112,Dairy_Product_12,Dairy,20.65,12.22,19.51,2
2023-01-19,112,Dairy_Product_12,Dairy,21.46,12.22,17.64,2
2023-01-20,112,Dairy_Product_12,Dairy,18.12,12.22,18.88,3
2023-01-21,112,Dairy_Product_12,Dairy,18.96,12.22,21.84,3
2023-01-22,112,Dairy_Product_12,Dairy,19.58,12.22,16.99,3
2023-01-23,112,Dairy_Product_12,Dairy,19.72,12.22,17.66,2
2023-01-24,112,Dairy_Product_12,Dairy,19.89,12.22,17.51,3
2023-01-25,112,Dairy_Product_12,Dairy,18.94,12.22,19.15,3
2023-01-26,112,Dairy_Product_12,Dairy,20.38,12.22,22.67,3
2023-01-27,112,Dairy_Product_12,Dairy,20.3,12.22,17.79,3
2023-01-28,112,Dairy_Product_12,Dairy,20.03,12.22,17.63,2
2023-01-29,112,Dairy_Product_12,Dairy,18.2,12.22,22.18,3
2023-01-30,112,Dairy_Product_12,Dairy,19.63,12.22,21.99,3
2023-01-31,112,Dairy_Product_12,Dairy,19.16,12.22,16.96,2
2023-02-01,112,Dairy_Product_12,Dairy,19.69,12.22,21.21,3
2023-02-02,112,Dairy_Product_12,Dairy,21.39,12.22,20.64,3
2023-02-03,112,Dairy_Product_12,Dairy,19.65,12.22,21.31,3
2023-02-04,112,Dairy_Product_12,Dairy,17.81,12.22,19.69,3
2023-02-05,112,Dairy_Product_12,Dairy,19.48,12.22,22.63,4
2023-02-06,112,Dairy_Product_12,Dairy,20.99,12.22,17.03,2
2023-02-07,112,Dairy_Product_12,Dairy,20.83,12.22,18.15,2
2023-02-08,112,Dairy_Product_12,Dairy,19.78,12.22,19.11,2
2023-02-09,112,Dairy_Product_12,Dairy,18.74,12.22,19.43,3
2023-02-10,112,Dairy_Product_12,Dairy,19.59,12.22,22.22,3
2023-02-11,112,Dairy_Product_12,Dairy,19.98,12.22,20.08,2
2023-02-12,112,Dairy_Product_12,Dairy,21.7,12.22,17.03,2
2023-02-13,112,Dairy_Product_12,Dairy,20.29,12.22,19.18,3
2023-02-14,112,Dairy_Product_12,Dairy,20.49,12.22,19.23,3
2023-02-15,112,Dairy_Product_12,Dairy,19.69,12.22,22.48,3
2023-02-16,112,Dairy_Product_12,Dairy,19.15,12.22,20.31,3
2023-02-17,112,Dairy_Product_12,Dairy,20.96,12.22,20.53,2
2023-02-18,112,Dairy_Product_12,Dairy,19.7,12.22,20.99,3
2023-02-19,112,Dairy_Product_12,Dairy,21.68,12.22,21.32,3
2023-02-20,112,Dairy_Product_12,Dairy,19.56,12.22,20.52,4
2023-02-21,112,Dairy_Product_12,Dairy,18.02,12.22,18.17,4
2023-02-22,112,Dairy_Product_12,Dairy,20.45,12.22,21.94,3
2023-02-23,112,Dairy_Product_12,Dairy,17.94,12.22,21.1,3
2023-02-24,112,Dairy_Product_12,Dairy,18.74,12.22,21.16,3
2023-02-25,112,Dairy_Product_12,Dairy,19.15,12.22,22.66,3
2023-02-26,112,Dairy_Product_12,Dairy,20.67,12.22,21.51,3
2023-02-27,112,Dairy_Product_12,Dairy,19.7,12.22,21.67,3
2023-02-28,112,Dairy_Product_12,Dairy,17.87,12.22,22.4,4
2023-03-01,112,Dairy_Product_12,Dairy,20.19,12.22,17.66,3
2023-03-02,112,Dairy_Product_12,Dairy,19.38,12.22,19.71,3
2023-03-03,112,Dairy_Product_12,Dairy,21.39,12.22,20.2,2
2023-03-04,112,Dairy_Product_12,Dairy,19.72,12.22,18.71,3
2023-03-05,112,Dairy_Product_12,Dairy,20.55,12.22,21.73,4
2023-03-06,112,Dairy_Product_12,Dairy,18.62,12.22,21.28,3
2023-03-07,112,Dairy_Product_12,Dairy,20.75,12.22,21.03,3
2023-03-08,112,Dairy_Product_12,Dairy,20.6,12.22,22.67,3
2023-03-09,112,Dairy_Product_12,Dairy,21.32,12.22,18.3,3
2023-03-10,112,Dairy_Product_12,Dairy,17.89,12.22,21.12,4
2023-03-11,112,Dairy_Product_12,Dairy,19.52,12.22,20.03,3
2023-03-12,112,Dairy_Product_12,Dairy,20.43,12.22,18.62,2
2023-03-13,112,Dairy_Product_12,Dairy,18.13,12.22,17.72,3
2023-03-14,112,Dairy_Product_12,Dairy,19.37,12.22,22.07,3
2023-03-15,112,Dairy_Product_12,Dairy,21.47,12.22,20.29,3
2023-03-16,112,Dairy_Product_12,Dairy,19.47,12.22,21.65,3
2023-03-17,112,Dairy_Product_12,Dairy,21.64,12.22,19.99,2
2023-03-18,112,Dairy_Product_12,Dairy,17.98,12.22,18.07,3
2023-03-19,112,Dairy_Product_12,Dairy,20.58,12.22,18.76,3
2023-03-20,112,Dairy_Product_12,Dairy,20.04,12.22,19.02,3
2023-03-21,112,Dairy_Product_12,Dairy,19.73,12.22,22.52,4
2023-03-22,112,Dairy_Product_12,Dairy,21.58,12.22,16.8,2
2023-03-23,112,Dairy_Product_12,Dairy,18.26,12.22,22.6,3
2023-03-24,112,Dairy_Product_12,Dairy,21.29,12.22,22.57,3
2023-03-25,112,Dairy_Product_12,Dairy,20.48,12.22,22.66,4
2023-03-26,112,Dairy_Product_12,Dairy,18.77,12.22,19.59,4
2023-03-27,112,Dairy_Product_12,Dairy,21.31,12.22,22.47,2
2023-03-28,112,Dairy_Product_12,Dairy,19.45,12.22,19.11,3
2023-03-29,112,Dairy_Product_12,Dairy,20.96,12.22,16.92,3
2023-03-30,112,Dairy_Product_12,Dairy,19.29,12.22,18.09,3
2023-03-31,112,Dairy_Product_12,Dairy,21.11,12.22,22.36,2
2023-04-01,112,Dairy_Product_12,Dairy,20.26,12.22,16.85,3
2023-04-02,112,Dairy_Product_12,Dairy,18.31,12.22,20.0,3
2023-04-03,112,Dairy_Product_12,Dairy,20.32,12.22,17.21,2
2023-04-04,112,Dairy_Product_12,Dairy,18.51,12.22,18.46,3
2023-04-05,112,Dairy_Product_12,Dairy,19.38,12.22,17.29,3
2023-04-06,112,Dairy_Product_12,Dairy,18.42,12.22,21.85,4
2023-04-07,112,Dairy_Product_12,Dairy,17.84,12.22,20.26,3
2023-04-08,112,Dairy_Product_12,Dairy,18.59,12.22,22.1,3
2023-04-09,112,Dairy_Product_12,Dairy,19.87,12.22,20.84,2
2023-04-10,112,Dairy_Product_12,Dairy,19.65,12.22,22.51,3
2023-04-11,112,Dairy_Product_12,Dairy,19.73,12.22,19.78,2
2023-04-12,112,Dairy_Product_12,Dairy,18.73,12.22,20.55,3
2023-04-13,112,Dairy_Product_12,Dairy,20.46,12.22,20.18,3
2023-04-14,112,Dairy_Product_12,Dairy,20.53,12.22,19.63,2
2023-04-15,112,Dairy_Product_12,Dairy,19.16,12.22,21.77,3
2023-04-16,112,Dairy_Product_12,Dairy,21.23,12.22,20.58,3
2023-04-17,112,Dairy_Product_12,Dairy,20.29,12.22,21.51,2
2023-04-18,112,Dairy_Product_12,Dairy,20.57,12.22,21.42,3
2023-04-19,112,Dairy_Product_12,Dairy,18.85,12.22,17.9,2
2023-04-20,112,Dairy_Product_12,Dairy,17.75,12.22,20.61,3
2023-04-21,112,Dairy_Product_12,Dairy,21.17,12.22,17.95,2
2023-04-22,112,Dairy_Product_12,Dairy,21.0,12.22,20.22,2
2023-04-23,112,Dairy_Product_12,Dairy,18.24,12.22,20.77,4
2023-04-24,112,Dairy_Product_12,Dairy,19.23,12.22,22.67,3
2023-04-25,112,Dairy_Product_12,Dairy,20.36,12.22,16.95,2
2023-04-26,112,Dairy_Product_12,Dairy,20.32,12.22,17.31,3
2023-04-27,112,Dairy_Product_12,Dairy,21.15,12.22,17.22,2
2023-04-28,112,Dairy_Product_12,Dairy,18.31,12.22,19.12,3
2023-04-29,112,Dairy_Product_12,Dairy,19.45,12.22,21.63,2
2023-04-30,112,Dairy_Product_12,Dairy,18.14,12.22,21.76,4
2023-05-01,112,Dairy_Product_12,Dairy,19.29,12.22,21.13,3
2023-05-02,112,Dairy_Product_12,Dairy,17.81,12.22,22.07,4
2023-05-03,112,Dairy_Product_12,Dairy,21.3,12.22,18.68,3
2023-05-04,112,Dairy_Product_12,Dairy,19.83,12.22,17.29,3
2023-05-05,112,Dairy_Product_12,Dairy,21.1,12.22,17.11,2
2023-05-06,112,Dairy_Product_12,Dairy,17.99,12.22,21.81,4
2023-05-07,112,Dairy_Product_12,Dairy,18.65,12.22,21.09,3
2023-05-08,112,Dairy_Product_12,Dairy,18.78,12.22,20.9,3
2023-05-09,112,Dairy_Product_12,Dairy,19.28,12.22,18.78,3
2023-05-10,112,Dairy_Product_12,Dairy,20.92,12.22,19.01,3
2023-05-11,112,Dairy_Product_12,Dairy,19.28,12.22,22.44,3
2023-05-12,112,Dairy_Product_12,Dairy,18.56,12.22,17.14,3
2023-05-13,112,Dairy_Product_12,Dairy,18.01,12.22,21.34,3
2023-05-14,112,Dairy_Product_12,Dairy,18.07,12.22,18.6,4
2023-05-15,112,Dairy_Product_12,Dairy,20.75,12.22,17.0,2
2023-05-16,112,Dairy_Product_12,Dairy,19.51,12.22,21.16,3
2023-05-17,112,Dairy_Product_12,Dairy,20.62,12.22,18.72,2
2023-05-18,112,Dairy_Product_12,Dairy,20.44,12.22,21.04,2
2023-05-19,112,Dairy_Product_12,Dairy,18.29,12.22,20.95,3
2023-05-20,112,Dairy_Product_12,Dairy,18.32,12.22,19.93,3
2023-05-21,112,Dairy_Product_12,Dairy,20.73,12.22,21.37,3
2023-05-22,112,Dairy_Product_12,Dairy,20.6,12.22,20.2,3
2023-05-23,112,Dairy_Product_12,Dairy,19.24,12.22,18.46,3
2023-05-24,112,Dairy_Product_12,Dairy,18.06,12.22,21.11,4
2023-05-25,112,Dairy_Product_12,Dairy,17.8,12.22,20.25,4
2023-05-26,112,Dairy_Product_12,Dairy,18.89,12.22,16.84,2
2023-05-27,112,Dairy_Product_12,Dairy,17.79,12.22,22.1,4
2023-05-28,112,Dairy_Product_12,Dairy,18.66,12.22,19.99,3
2023-05-29,112,Dairy_Product_12,Dairy,19.41,12.22,21.91,3
2023-05-30,112,Dairy_Product_12,Dairy,18.23,12.22,21.99,3
2023-05-31,112,Dairy_Product_12,Dairy,18.16,12.22,19.4,4
2023-06-01,112,Dairy_Product_12,Dairy,21.29,12.22,19.77,3
2023-06-02,112,Dairy_Product_12,Dairy,20.06,12.22,19.23,2
2023-06-03,112,Dairy_Product_12,Dairy,21.44,12.22,19.43,2
2023-06-04,112,Dairy_Product_12,Dairy,19.12,12.22,22.06,3
2023-06-05,112,Dairy_Product_12,Dairy,20.42,12.22,21.43,3
2023-06-06,112,Dairy_Product_12,Dairy,18.56,12.22,17.51,3
2023-06-07,112,Dairy_Product_12,Dairy,20.19,12.22,20.38,2
2023-06-08,112,Dairy_Product_12,Dairy,18.26,12.22,22.66,3
2023-06-09,112,Dairy_Product_12,Dairy,17.76,12.22,20.29,3
2023-06-10,112,Dairy_Product_12,Dairy,21.43,12.22,21.42,3
2023-06-11,112,Dairy_Product_12,Dairy,19.94,12.22,21.32,3
2023-06-12,112,Dairy_Product_12,Dairy,21.41,12.22,18.84,2
2023-06-13,112,Dairy_Product_12,Dairy,19.07,12.22,18.97,3
2023-06-14,112,Dairy_Product_12,Dairy,19.05,12.22,21.05,3
2023-06-15,112,Dairy_Product_12,Dairy,19.33,12.22,19.72,3
2023-06-16,112,Dairy_Product_12,Dairy,20.54,12.22,20.14,3
2023-06-17,112,Dairy_Product_12,Dairy,19.98,12.22,20.98,3
2023-06-18,112,Dairy_Product_12,Dairy,21.4,12.22,21.37,3
2023-06-19,112,Dairy_Product_12,Dairy,17.85,12.22,18.37,3
2023-06-20,112,Dairy_Product_12,Dairy,20.55,12.22,17.63,2
2023-06-21,112,Dairy_Product_12,Dairy,19.06,12.22,18.49,3
2023-06-22,112,Dairy_Product_12,Dairy,18.46,12.22,19.77,3
2023-06-23,112,Dairy_Product_12,Dairy,19.77,12.22,18.79,4
2023-06-24,112,Dairy_Product_12,Dairy,19.74,12.22,20.13,3
2023-06-25,112,Dairy_Product_12,Dairy,18.29,12.22,17.08,3
2023-06-26,112,Dairy_Product_12,Dairy,18.55,12.22,19.78,2
2023-06-27,112,Dairy_Product_12,Dairy,19.36,12.22,18.94,3
2023-06-28,112,Dairy_Product_12,Dairy,19.37,12.22,19.93,3
2023-06-29,112,Dairy_Product_12,Dairy,19.01,12.22,19.27,3
2023-06-30,112,Dairy_Product_12,Dairy,18.34,12.22,18.45,2
2023-07-01,112,Dairy_Product_12,Dairy,17.77,12.22,22.12,3
2023-07-02,112,Dairy_Product_12,Dairy,21.58,12.22,17.86,2
2023-07-03,112,Dairy_Product_12,Dairy,21.47,12.22,20.8,3
2023-07-04,112,Dairy_Product_12,Dairy,19.66,12.22,22.24,4
2023-07-05,112,Dairy_Product_12,Dairy,21.68,12.22,19.95,2
2023-07-06,112,Dairy_Product_12,Dairy,20.41,12.22,21.95,2
2023-07-07,112,Dairy_Product_12,Dairy,18.02,12.22,17.5,3
2023-07-08,112,Dairy_Product_12,Dairy,18.22,12.22,19.69,3
2023-07-09,112,Dairy_Product_12,Dairy,21.37,12.22,19.47,2
2023-07-10,112,Dairy_Product_12,Dairy,20.24,12.22,16.81,2
2023-07-11,112,Dairy_Product_12,Dairy,21.08,12.22,19.39,3
2023-07-12,112,Dairy_Product_12,Dairy,21.3,12.22,18.95,2
2023-07-13,112,Dairy_Product_12,Dairy,19.52,12.22,20.73,3
2023-07-14,112,Dairy_Product_12,Dairy,17.94,12.22,22.32,3
2023-07-15,112,Dairy_Product_12,Dairy,18.5,12.22,17.27,3
2023-07-16,112,Dairy_Product_12,Dairy,18.01,12.22,18.7,2
2023-07-17,112,Dairy_Product_12,Dairy,18.5,12.22,19.39,3
2023-07-18,112,Dairy_Product_12,Dairy,19.37,12.22,19.46,3
2023-07-19,112,Dairy_Product_12,Dairy,18.22,12.22,21.35,3
2023-07-20,112,Dairy_Product_12,Dairy,18.41,12.22,19.39,3
2023-07-21,112,Dairy_Product_12,Dairy,19.51,12.22,16.93,2
2023-07-22,112,Dairy_Product_12,Dairy,19.09,12.22,20.97,3
2023-07-23,112,Dairy_Product_12,Dairy,19.6,12.22,22.0,3
2023-07-24,112,Dairy_Product_12,Dairy,19.45,12.22,19.81,2
2023-07-25,112,Dairy_Product_12,Dairy,20.29,12.22,20.2,2
2023-07-26,112,Dairy_Product_12,Dairy,21.45,12.22,17.73,2
2023-07-27,112,Dairy_Product_12,Dairy,18.18,12.22,18.07,3
2023-07-28,112,Dairy_Product_12,Dairy,18.14,12.22,18.16,3
2023-07-29,112,Dairy_Product_12,Dairy,21.12,12.22,19.31,2
2023-07-30,112,Dairy_Product_12,Dairy,19.75,12.22,22.26,3
2023-07-31,112,Dairy_Product_12,Dairy,20.78,12.22,19.85,2
2023-08-01,112,Dairy_Product_12,Dairy,18.6,12.22,17.9,3
2023-08-02,112,Dairy_Product_12,Dairy,21.02,12.22,18.34,2
2023-08-03,112,Dairy_Product_12,Dairy,21.4,12.22,19.04,2
2023-08-04,112,Dairy_Product_12,Dairy,20.26,12.22,20.45,2
2023-08-05,112,Dairy_Product_12,Dairy,18.17,12.22,19.37,3
2023-08-06,112,Dairy_Product_12,Dairy,21.28,12.22,19.09,3
2023-08-07,112,Dairy_Product_12,Dairy,20.88,12.22,20.11,2
2023-08-08,112,Dairy_Product_12,Dairy,20.71,12.22,18.2,2
2023-08-09,112,Dairy_Product_12,Dairy,17.9,12.22,17.23,2
2023-08-10,112,Dairy_Product_12,Dairy,20.9,12.22,16.91,2
2023-08-11,112,Dairy_Product_12,Dairy,18.3,12.22,18.25,2
2023-08-12,112,Dairy_Product_12,Dairy,18.63,12.22,17.31,2
2023-08-13,112,Dairy_Product_12,Dairy,20.03,12.22,18.76,2
2023-08-14,112,Dairy_Product_12,Dairy,18.8,12.22,21.34,2
2023-08-15,112,Dairy_Product_12,Dairy,20.36,12.22,21.0,2
2023-08-16,112,Dairy_Product_12,Dairy,20.15,12.22,20.38,2
2023-08-17,112,Dairy_Product_12,Dairy,18.18,12.22,21.81,3
2023-08-18,112,Dairy_Product_12,Dairy,20.34,12.22,18.44,2
2023-08-19,112,Dairy_Product_12,Dairy,21.4,12.22,22.0,3
2023-08-20,112,Dairy_Product_12,Dairy,18.39,12.22,19.13,4
2023-08-21,112,Dairy_Product_12,Dairy,20.11,12.22,19.14,3
2023-08-22,112,Dairy_Product_12,Dairy,19.1,12.22,19.16,3
2023-08-23,112,Dairy_Product_12,Dairy,19.57,12.22,17.35,2
2023-08-24,112,Dairy_Product_12,Dairy,18.88,12.22,22.54,3
2023-08-25,112,Dairy_Product_12,Dairy,19.15,12.22,17.59,2
