data/raw/retail_transactions.csv
date,sku_id,product_name,category,price,cost,competitor_price,quantity_sold
2023-08-26,112,Dairy_Product_12,Dairy,17.87,12.22,18.78,3
2023-08-27,112,Dairy_Product_12,Dairy,21.62,12.22,18.66,2
2023-08-28,112,Dairy_Product_12,Dairy,20.22,12.22,17.21,2
2023-08-29,112,Dairy_Product_12,Dairy,19.73,12.22,17.67,2
2023-08-30,112,Dairy_Product_12,Dairy,19.27,12.22,17.03,2
2023-08-31,112,Dairy_Product_12,Dairy,19.88,12.22,18.5,2
2023-09-01,112,Dairy_Product_12,Dairy,19.25,12.22,21.89,2
2023-09-02,112,Dairy_Product_12,Dairy,19.17,12.22,18.77,2
2023-09-03,112,Dairy_Product_12,Dairy,19.58,12.22,17.5,2
2023-09-04,112,Dairy_Product_12,Dairy,18.84,12.22,20.59,3
2023-09-05,112,Dairy_Product_12,Dairy,18.46,12.22,22.66,2
2023-09-06,112,Dairy_Product_12,Dairy,19.95,12.22,18.14,2
2023-09-07,112,Dairy_Product_12,Dairy,21.08,12.22,18.42,2
2023-09-08,112,Dairy_Product_12,Dairy,18.36,12.22,22.52,3
2023-09-09,112,Dairy_Product_12,Dairy,17.88,12.22,17.82,3
2023-09-10,112,Dairy_Product_12,Dairy,18.73,12.22,19.79,2
2023-09-11,112,Dairy_Product_12,Dairy,21.62,12.22,18.18,2
2023-09-12,112,Dairy_Product_12,Dairy,21.02,12.22,22.28,2
2023-09-13,112,Dairy_Product_12,Dairy,20.1,12.22,22.57,2
2023-09-14,112,Dairy_Product_12,Dairy,21.42,12.22,21.59,2
2023-09-15,112,Dairy_Product_12,Dairy,19.51,12.22,18.63,2
2023-09-16,112,Dairy_Product_12,Dairy,21.63,12.22,19.15,2
2023-09-17,112,Dairy_Product_12,Dairy,18.92,12.22,18.2,2
2023-09-18,112,Dairy_Product_12,Dairy,18.7,12.22,22.04,3
2023-09-19,112,Dairy_Product_12,Dairy,20.27,12.22,22.18,2
2023-09-20,112,Dairy_Product_12,Dairy,19.24,12.22,19.24,3
2023-09-21,112,Dairy_Product_12,Dairy,20.22,12.22,20.65,2
2023-09-22,112,Dairy_Product_12,Dairy,18.96,12.22,17.75,2
2023-09-23,112,Dairy_Product_12,Dairy,20.19,12.22,19.34,2
2023-09-24,112,Dairy_Product_12,Dairy,18.84,12.22,20.5,2
2023-09-25,112,Dairy_Product_12,Dairy,17.95,12.22,19.05,3
2023-09-26,112,Dairy_Product_12,Dairy,21.35,12.22,18.88,2
2023-09-27,112,Dairy_Product_12,Dairy,21.24,12.22,16.77,2
2023-09-28,112,Dairy_Product_12,Dairy,21.58,12.22,21.53,2
2023-09-29,112,Dairy_Product_12,Dairy,20.58,12.22,22.03,2
2023-09-30,112,Dairy_Product_12,Dairy,20.45,12.22,22.5,2
2023-10-01,112,Dairy_Product_12,Dairy,19.96,12.22,21.02,2
2023-10-02,112,Dairy_Product_12,Dairy,18.25,12.22,20.01,3
2023-10-03,112,Dairy_Product_12,Dairy,18.5,12.22,18.36,2
2023-10-04,112,Dairy_Product_12,Dairy,18.89,12.22,22.68,2
2023-10-05,112,Dairy_Product_12,Dairy,21.26,12.22,20.26,2
2023-10-06,112,Dairy_Product_12,Dairy,18.43,12.22,20.8,2
2023-10-07,112,Dairy_Product_12,Dairy,21.39,12.22,20.8,2
2023-10-08,112,Dairy_Product_12,Dairy,19.81,12.22,21.77,3
2023-10-09,112,Dairy_Product_12,Dairy,20.58,12.22,16.82,2
2023-10-10,112,Dairy_Product_12,Dairy,18.19,12.22,18.07,3
2023-10-11,112,Dairy_Product_12,Dairy,18.81,12.22,20.7,3
2023-10-12,112,Dairy_Product_12,Dairy,21.53,12.22,22.06,2
2023-10-13,112,Dairy_Product_12,Dairy,18.8,12.22,20.82,3
2023-10-14,112,Dairy_Product_12,Dairy,18.92,12.22,19.21,2
2023-10-15,112,Dairy_Product_12,Dairy,18.53,12.22,18.91,2
2023-10-16,112,Dairy_Product_12,Dairy,18.26,12.22,21.13,2
2023-10-17,112,Dairy_Product_12,Dairy,18.67,12.22,21.15,3
2023-10-18,112,Dairy_Product_12,Dairy,20.29,12.22,20.36,3
2023-10-19,112,Dairy_Product_12,Dairy,19.55,12.22,18.49,2
2023-10-20,112,Dairy_Product_12,Dairy,19.94,12.22,22.24,2
2023-10-21,112,Dairy_Product_12,Dairy,18.23,12.22,20.03,3
2023-10-22,112,Dairy_Product_12,Dairy,20.92,12.22,21.44,3
2023-10-23,112,Dairy_Product_12,Dairy,20.85,12.22,18.03,2
2023-10-24,112,Dairy_Product_12,Dairy,17.84,12.22,18.8,3
2023-10-25,112,Dairy_Product_12,Dairy,19.27,12.22,21.94,2
2023-10-26,112,Dairy_Product_12,Dairy,18.02,12.22,17.06,3
2023-10-27,112,Dairy_Product_12,Dairy,20.88,12.22,19.8,2
2023-10-28,112,Dairy_Product_12,Dairy,20.66,12.22,19.62,2
2023-10-29,112,Dairy_Product_12,Dairy,21.31,12.22,21.21,2
2023-10-30,112,Dairy_Product_12,Dairy,18.68,12.22,18.43,2
2023-10-31,112,Dairy_Product_12,Dairy,19.55,12.22,18.06,2
2023-11-01,112,Dairy_Product_12,Dairy,18.48,12.22,22.25,3
2023-11-02,112,Dairy_Product_12,Dairy,19.22,12.22,20.15,3
2023-11-03,112,Dairy_Product_12,Dairy,19.81,12.22,17.39,2
2023-11-04,112,Dairy_Product_12,Dairy,17.96,12.22,17.91,3
2023-11-05,112,Dairy_Product_12,Dairy,20.57,12.22,22.68,3
2023-11-06,112,Dairy_Product_12,Dairy,19.9,12.22,17.92,2
2023-11-07,112,Dairy_Product_12,Dairy,21.02,12.22,20.38,3
2023-11-08,112,Dairy_Product_12,Dairy,18.82,12.22,19.25,2
2023-11-09,112,Dairy_Product_12,Dairy,21.32,12.22,22.01,3
2023-11-10,112,Dairy_Product_12,Dairy,21.69,12.22,21.23,2
2023-11-11,112,Dairy_Product_12,Dairy,21.38,12.22,20.3,2
2023-11-12,112,Dairy_Product_12,Dairy,20.82,12.22,16.83,2
2023-11-13,112,Dairy_Product_12,Dairy,20.96,12.22,21.97,2
2023-11-14,112,Dairy_Product_12,Dairy,20.02,12.22,19.4,2
2023-11-15,112,Dairy_Product_12,Dairy,18.5,12.22,22.28,3
2023-11-16,112,Dairy_Product_12,Dairy,20.42,12.22,19.7,2
2023-11-17,112,Dairy_Product_12,Dairy,20.56,12.22,20.87,2
2023-11-18,112,Dairy_Product_12,Dairy,21.64,12.22,17.18,2
2023-11-19,112,Dairy_Product_12,Dairy,19.89,12.22,21.18,3
2023-11-20,112,Dairy_Product_12,Dairy,18.82,12.22,18.77,2
2023-11-21,112,Dairy_Product_12,Dairy,20.45,12.22,18.85,3
2023-11-22,112,Dairy_Product_12,Dairy,21.62,12.22,17.47,2
2023-11-23,112,Dairy_Product_12,Dairy,18.45,12.22,17.64,2
2023-11-24,112,Dairy_Product_12,Dairy,19.04,12.22,17.87,3
2023-11-25,112,Dairy_Product_12,Dairy,19.89,12.22,18.71,2
2023-11-26,112,Dairy_Product_12,Dairy,18.42,12.22,22.04,3
2023-11-27,112,Dairy_Product_12,Dairy,17.84,12.22,18.95,3
2023-11-28,112,Dairy_Product_12,Dairy,19.08,12.22,21.05,2
2023-11-29,112,Dairy_Product_12,Dairy,21.17,12.22,17.26,2
2023-11-30,112,Dairy_Product_12,Dairy,17.92,12.22,20.26,3
2023-12-01,112,Dairy_Product_12,Dairy,19.44,12.22,19.62,2
2023-12-02,112,Dairy_Product_12,Dairy,20.76,12.22,22.55,3
2023-12-03,112,Dairy_Product_12,Dairy,21.51,12.22,21.77,2
2023-12-04,112,Dairy_Product_12,Dairy,21.64,12.22,19.46,2
2023-12-05,112,Dairy_Product_12,Dairy,19.42,12.22,21.35,3
2023-12-06,112,Dairy_Product_12,Dairy,21.5,12.22,17.91,2
2023-12-07,112,Dairy_Product_12,Dairy,17.89,12.22,20.09,2
2023-12-08,112,Dairy_Product_12,Dairy,20.69,12.22,17.21,2
2023-12-09,112,Dairy_Product_12,Dairy,20.29,12.22,18.83,2
2023-12-10,112,Dairy_Product_12,Dairy,18.74,12.22,18.1,3
2023-12-11,112,Dairy_Product_12,Dairy,19.75,12.22,21.02,3
2023-12-12,112,Dairy_Product_12,Dairy,18.26,12.22,19.67,3
2023-12-13,112,Dairy_Product_12,Dairy,21.19,12.22,21.21,2
2023-12-14,112,Dairy_Product_12,Dairy,19.16,12.22,19.82,3
2023-12-15,112,Dairy_Product_12,Dairy,20.22,12.22,17.28,2
2023-12-16,112,Dairy_Product_12,Dairy,18.38,12.22,21.12,3
2023-12-17,112,Dairy_Product_12,Dairy,18.57,12.22,21.7,3
2023-12-18,112,Dairy_Product_12,Dairy,21.67,12.22,22.11,2
2023-12-19,112,Dairy_Product_12,Dairy,20.72,12.22,20.15,2
2023-12-20,112,Dairy_Product_12,Dairy,21.55,12.22,21.23,3
2023-12-21,112,Dairy_Product_12,Dairy,18.92,12.22,21.22,3
2023-12-22,112,Dairy_Product_12,Dairy,18.4,12.22,17.69,3
2023-12-23,112,Dairy_Product_12,Dairy,19.74,12.22,17.74,3
2023-12-24,112,Dairy_Product_12,Dairy,19.7,12.22,17.19,2
2023-12-25,112,Dairy_Product_12,Dairy,18.44,12.22,18.66,2
2023-12-26,112,Dairy_Product_12,Dairy,20.64,12.22,19.57,3
2023-12-27,112,Dairy_Product_12,Dairy,19.18,12.22,22.67,3
2023-12-28,112,Dairy_Product_12,Dairy,18.49,12.22,19.32,3
2023-12-29,112,Dairy_Product_12,Dairy,19.06,12.22,21.06,3
2023-12-30,112,Dairy_Product_12,Dairy,19.98,12.22,20.87,3
2023-12-31,112,Dairy_Product_12,Dairy,20.62,12.22,17.98,3
2024-01-01,112,Dairy_Product_12,Dairy,19.65,12.22,17.11,2
2023-01-01,113,Cereal_Product_13,Cereal,12.44,4.94,10.91,1
2023-01-02,113,Cereal_Product_13,Cereal,11.61,4.94,12.93,2
2023-01-03,113,Cereal_Product_13,Cereal,10.61,4.94,9.71,1
2023-01-04,113,Cereal_Product_13,Cereal,12.49,4.94,12.69,1
2023-01-05,113,Cereal_Product_13,Cereal,11.42,4.94,10.93,1
2023-01-06,113,Cereal_Product_13,Cereal,12.13,4.94,10.3,1
2023-01-07,113,Cereal_Product_13,Cereal,10.56,4.94,9.71,1
2023-01-08,113,Cereal_Product_13,Cereal,11.74,4.94,9.9,1
2023-01-09,113,Cereal_Product_13,Cereal,12.3,4.94,10.24,1
2023-01-10,113,Cereal_Product_13,Cereal,11.43,4.94,9.74,1
2023-01-11,113,Cereal_Product_13,Cereal,10.88,4.94,10.8,1
2023-01-12,113,Cereal_Product_13,Cereal,10.51,4.94,9.81,1
2023-01-13,113,Cereal_Product_13,Cereal,10.9,4.94,12.01,1
2023-01-14,113,Cereal_Product_13,Cereal,11.03,4.94,12.45,2
2023-01-15,113,Cereal_Product_13,Cereal,11.84,4.94,12.68,1
2023-01-16,113,Cereal_Product_13,Cereal,10.63,4.94,11.53,1
2023-01-17,113,Cereal_Product_13,Cereal,10.46,4.94,12.88,2
2023-01-18,113,Cereal_Product_13,Cereal,11.1,4.94,9.67,2
2023-01-19,113,Cereal_Product_13,Cereal,11.27,4.94,10.11,1
2023-01-20,113,Cereal_Product_13,Cereal,11.65,4.94,10.65,1
2023-01-21,113,Cereal_Product_13,Cereal,11.83,4.94,12.34,1
2023-01-22,113,Cereal_Product_13,Cereal,12.24,4.94,12.67,1
2023-01-23,113,Cereal_Product_13,Cereal,10.88,4.94,11.76,2
2023-01-24,113,Cereal_Product_13,Cereal,11.42,4.94,10.96,1
2023-01-25,113,Cereal_Product_13,Cereal,11.05,4.94,11.92,2
2023-01-26,113,Cereal_Product_13,Cereal,10.23,4.94,10.27,2
2023-01-27,113,Cereal_Product_13,Cereal,11.54,4.94,11.22,1
2023-01-28,113,Cereal_Product_13,Cereal,12.08,4.94,11.38,1
2023-01-29,113,Cereal_Product_13,Cereal,10.31,4.94,10.01,2
2023-01-30,113,Cereal_Product_13,Cereal,10.23,4.94,9.77,1
2023-01-31,113,Cereal_Product_13,Cereal,11.88,4.94,12.21,1
2023-02-01,113,Cereal_Product_13,Cereal,11.78,4.94,11.48,1
2023-02-02,113,Cereal_Product_13,Cereal,11.15,4.94,10.79,1
2023-02-03,113,Cereal_Product_13,Cereal,11.73,4.94,11.15,1
2023-02-04,113,Cereal_Product_13,Cereal,12.39,4.94,12.92,1
2023-02-05,113,Cereal_Product_13,Cereal,10.79,4.94,10.97,1
2023-02-06,113,Cereal_Product_13,Cereal,10.78,4.94,10.01,2
2023-02-07,113,Cereal_Product_13,Cereal,10.65,4.94,11.24,2
2023-02-08,113,Cereal_Product_13,Cereal,11.87,4.94,11.86,1
2023-02-09,113,Cereal_Product_13,Cereal,11.03,4.94,9.7,1
2023-02-10,113,Cereal_Product_13,Cereal,12.47,4.94,10.79,1
2023-02-11,113,Cereal_Product_13,Cereal,11.85,4.94,11.0,1
2023-02-12,113,Cereal_Product_13,Cereal,11.06,4.94,11.24,1
2023-02-13,113,Cereal_Product_13,Cereal,10.56,4.94,10.68,1
2023-02-14,113,Cereal_Product_13,Cereal,11.57,4.94,11.93,2
2023-02-15,113,Cereal_Product_13,Cereal,10.89,4.94,12.87,2
2023-02-16,113,Cereal_Product_13,Cereal,12.28,4.94,12.77,1
2023-02-17,113,Cereal_Product_13,Cereal,11.23,4.94,11.92,2
2023-02-18,113,Cereal_Product_13,Cereal,10.89,4.94,11.38,1
2023-02-19,113,Cereal_Product_13,Cereal,11.56,4.94,12.47,1
2023-02-20,113,Cereal_Product_13,Cereal,10.53,4.94,12.5,2
2023-02-21,113,Cereal_Product_13,Cereal,11.5,4.94,12.48,1
2023-02-22,113,Cereal_Product_13,Cereal,10.35,4.94,10.19,2
2023-02-23,113,Cereal_Product_13,Cereal,11.6,4.94,9.74,1
2023-02-24,113,Cereal_Product_13,Cereal,11.43,4.94,13.01,1
2023-02-25,113,Cereal_Product_13,Cereal,11.41,4.94,12.93,2
2023-02-26,113,Cereal_Product_13,Cereal,11.78,4.94,11.58,1
2023-02-27,113,Cereal_Product_13,Cereal,10.32,4.94,13.04,2
2023-02-28,113,Cereal_Product_13,Cereal,11.27,4.94,12.28,1
2023-03-01,113,Cereal_Product_13,Cereal,11.23,4.94,11.42,1
2023-03-02,113,Cereal_Product_13,Cereal,11.27,4.94,10.98,1
2023-03-03,113,Cereal_Product_13,Cereal,12.45,4.94,11.68,1
2023-03-04,113,Cereal_Product_13,Cereal,10.54,4.94,11.41,2
2023-03-05,113,Cereal_Product_13,Cereal,11.79,4.94,13.04,1
2023-03-06,113,Cereal_Product_13,Cereal,11.14,4.94,11.33,1
2023-03-07,113,Cereal_Product_13,Cereal,11.39,4.94,12.5,1
2023-03-08,113,Cereal_Product_13,Cereal,11.96,4.94,12.43,1
2023-03-09,113,Cereal_Product_13,Cereal,10.58,4.94,9.9,1
2023-03-10,113,Cereal_Product_13,Cereal,11.96,4.94,9.95,1
2023-03-11,113,Cereal_Product_13,Cereal,10.38,4.94,11.9,2
2023-03-12,113,Cereal_Product_13,Cereal,11.32,4.94,10.54,1
2023-03-13,113,Cereal_Product_13,Cereal,11.91,4.94,11.9,1
2023-03-14,113,Cereal_Product_13,Cereal,10.66,4.94,10.15,1
2023-03-15,113,Cereal_Product_13,Cereal,11.97,4.94,11.01,1
2023-03-16,113,Cereal_Product_13,Cereal,10.6,4.94,10.0,2
2023-03-17,113,Cereal_Product_13,Cereal,12.04,4.94,10.62,1
2023-03-18,113,Cereal_Product_13,Cereal,11.29,4.94,9.96,1
2023-03-19,113,Cereal_Product_13,Cereal,11.78,4.94,12.96,1
2023-03-20,113,Cereal_Product_13,Cereal,12.31,4.94,11.0,1
2023-03-21,113,Cereal_Product_13,Cereal,11.15,4.94,12.73,1
2023-03-22,113,Cereal_Product_13,Cereal,10.75,4.94,12.96,2
2023-03-23,113,Cereal_Product_13,Cereal,12.19,4.94,12.75,2
2023-03-24,113,Cereal_Product_13,Cereal,10.59,4.94,11.21,1
2023-03-25,113,Cereal_Product_13,Cereal,11.66,4.94,12.31,1
2023-03-26,113,Cereal_Product_13,Cereal,12.32,4.94,10.18,1
2023-03-27,113,Cereal_Product_13,Cereal,11.76,4.94,9.98,1
2023-03-28,113,Cereal_Product_13,Cereal,10.67,4.94,12.64,2
2023-03-29,113,Cereal_Product_13,Cereal,10.57,4.94,9.76,1
2023-03-30,113,Cereal_Product_13,Cereal,10.8,4.94,12.97,1
2023-03-31,113,Cereal_Product_13,Cereal,11.11,4.94,11.95,2
2023-04-01,113,Cereal_Product_13,Cereal,10.58,4.94,11.09,2
2023-04-02,113,Cereal_Product_13,Cereal,12.04,4.94,10.14,1
2023-04-03,113,Cereal_Product_13,Cereal,11.03,4.94,12.12,1
2023-04-04,113,Cereal_Product_13,Cereal,12.35,4.94,11.57,1
2023-04-05,113,Cereal_Product_13,Cereal,12.14,4.94,12.08,1
2023-04-06,113,Cereal_Product_13,Cereal,12.29,4.94,11.08,1
2023-04-07,113,Cereal_Product_13,Cereal,10.89,4.94,9.88,1
2023-04-08,113,Cereal_Product_13,Cereal,11.53,4.94,10.73,1
2023-04-09,113,Cereal_Product_13,Cereal,10.95,4.94,10.73,1
2023-04-10,113,Cereal_Product_13,Cereal,10.81,4.94,9.68,2
2023-04-11,113,Cereal_Product_13,Cereal,11.6,4.94,9.69,1
2023-04-12,113,Cereal_Product_13,Cereal,12.08,4.94,10.78,1
2023-04-13,113,Cereal_Product_13,Cereal,10.44,4.94,12.13,2
2023-04-14,113,Cereal_Product_13,Cereal,10.85,4.94,11.78,2
2023-04-15,113,Cereal_Product_13,Cereal,10.69,4.94,10.47,1
2023-04-16,113,Cereal_Product_13,Cereal,12.04,4.94,11.71,1
2023-04-17,113,Cereal_Product_13,Cereal,12.34,4.94,11.86,1
2023-04-18,113,Cereal_Product_13,Cereal,10.4,4.94,11.44,2
2023-04-19,113,Cereal_Product_13,Cereal,11.08,4.94,11.43,1
2023-04-20,113,Cereal_Product_13,Cereal,12.3,4.94,10.92,1
2023-04-21,113,Cereal_Product_13,Cereal,11.01,4.94,10.08,1
2023-04-22,113,Cereal_Product_13,Cereal,11.84,4.94,10.97,1
2023-04-23,113,Cereal_Product_13,Cereal,10.45,4.94,10.83,2
2023-04-24,113,Cereal_Product_13,Cereal,11.23,4.94,11.67,1
2023-04-25,113,Cereal_Product_13,Cereal,11.37,4.94,12.57,1
2023-04-26,113,Cereal_Product_13,Cereal,11.94,4.94,10.93,1
2023-04-27,113,Cereal_Product_13,Cereal,10.88,4.94,12.07,2
2023-04-28,113,Cereal_Product_13,Cereal,10.82,4.94,12.42,2
2023-04-29,113,Cereal_Product_13,Cereal,10.91,4.94,10.38,1
2023-04-30,113,Cereal_Product_13,Cereal,11.49,4.94,12.73,1
2023-05-01,113,Cereal_Product_13,Cereal,12.21,4.94,9.9,1
2023-05-02,113,Cereal_Product_13,Cereal,12.11,4.94,12.73,1
2023-05-03,113,Cereal_Product_13,Cereal,10.35,4.94,10.21,2
2023-05-04,113,Cereal_Product_13,Cereal,12.22,4.94,10.8,1
2023-05-05,113,Cereal_Product_13,Cereal,10.44,4.94,11.72,2
2023-05-06,113,Cereal_Product_13,Cereal,11.17,4.94,12.74,1
2023-05-07,113,Cereal_Product_13,Cereal,11.96,4.94,10.53,1
2023-05-08,113,Cereal_Product_13,Cereal,10.41,4.94,12.26,2
2023-05-09,113,Cereal_Product_13,Cereal,10.32,4.94,12.08,2
2023-05-10,113,Cereal_Product_13,Cereal,10.97,4.94,10.2,2
2023-05-11,113,Cereal_Product_13,Cereal,11.88,4.94,11.29,1
2023-05-12,113,Cereal_Product_13,Cereal,11.41,4.94,11.3,1
2023-05-13,113,Cereal_Product_13,Cereal,11.17,4.94,10.69,1
2023-05-14,113,Cereal_Product_13,Cereal,12.07,4.94,12.31,1
2023-05-15,113,Cereal_Product_13,Cereal,11.97,4.94,12.81,1
2023-05-16,113,Cereal_Product_13,Cereal,12.01,4.94,12.1,1
2023-05-17,113,Cereal_Product_13,Cereal,11.27,4.94,12.97,1
2023-05-18,113,Cereal_Product_13,Cereal,10.27,4.94,9.83,2
2023-05-19,113,Cereal_Product_13,Cereal,10.61,4.94,9.78,2
2023-05-20,113,Cereal_Product_13,Cereal,11.91,4.94,12.7,1
2023-05-21,113,Cereal_Product_13,Cereal,11.93,4.94,12.71,1
2023-05-22,113,Cereal_Product_13,Cereal,12.43,4.94,10.02,1
2023-05-23,113,Cereal_Product_13,Cereal,10.66,4.94,10.87,1
2023-05-24,113,Cereal_Product_13,Cereal,10.5,4.94,12.5,2
2023-05-25,113,Cereal_Product_13,Cereal,10.54,4.94,10.09,1
2023-05-26,113,Cereal_Product_13,Cereal,10.64,4.94,10.57,2
2023-05-27,113,Cereal_Product_13,Cereal,11.42,4.94,11.98,1
2023-05-28,113,Cereal_Product_13,Cereal,12.44,4.94,13.0,1
2023-05-29,113,Cereal_Product_13,Cereal,11.56,4.94,12.37,1
2023-05-30,113,Cereal_Product_13,Cereal,11.41,4.94,12.3,1
2023-05-31,113,Cereal_Product_13,Cereal,11.75,4.94,10.82,1
2023-06-01,113,Cereal_Product_13,Cereal,10.39,4.94,11.91,1
2023-06-02,113,Cereal_Product_13,Cereal,12.08,4.94,10.04,1
2023-06-03,113,Cereal_Product_13,Cereal,11.69,4.94,13.04,1
2023-06-04,113,Cereal_Product_13,Cereal,10.61,4.94,11.29,1
2023-06-05,113,Cereal_Product_13,Cereal,11.66,4.94,11.83,1
2023-06-06,113,Cereal_Product_13,Cereal,11.58,4.94,12.64,1
2023-06-07,113,Cereal_Product_13,Cereal,10.37,4.94,9.66,1
2023-06-08,113,Cereal_Product_13,Cereal,10.83,4.94,12.98,1
2023-06-09,113,Cereal_Product_13,Cereal,11.11,4.94,10.88,2
2023-06-10,113,Cereal_Product_13,Cereal,10.78,4.94,10.81,1
2023-06-11,113,Cereal_Product_13,Cereal,10.78,4.94,10.15,1
2023-06-12,113,Cereal_Product_13,Cereal,11.52,4.94,12.58,1
2023-06-13,113,Cereal_Product_13,Cereal,11.29,4.94,12.62,1
2023-06-14,113,Cereal_Product_13,Cereal,11.74,4.94,9.72,1
2023-06-15,113,Cereal_Product_13,Cereal,12.4,4.94,9.85,1
2023-06-16,113,Cereal_Product_13,Cereal,11.72,4.94,12.78,1
2023-06-17,113,Cereal_Product_13,Cereal,11.55,4.94,10.07,1
2023-06-18,113,Cereal_Product_13,Cereal,12.15,4.94,11.77,1
2023-06-19,113,Cereal_Product_13,Cereal,11.66,4.94,11.77,1
2023-06-20,113,Cereal_Product_13,Cereal,10.6,4.94,12.62,1
2023-06-21,113,Cereal_Product_13,Cereal,10.94,4.94,11.61,2
2023-06-22,113,Cereal_Product_13,Cereal,11.89,4.94,11.13,1
2023-06-23,113,Cereal_Product_13,Cereal,11.9,4.94,12.98,1
2023-06-24,113,Cereal_Product_13,Cereal,12.47,4.94,10.44,1
2023-06-25,113,Cereal_Product_13,Cereal,11.65,4.94,10.55,1
2023-06-26,113,Cereal_Product_13,Cereal,12.27,4.94,9.94,1
