data/raw/retail_transactions.csv
date,sku_id,product_name,category,price,cost,competitor_price,quantity_sold
2023-06-27,113,Cereal_Product_13,Cereal,10.35,4.94,12.98,2
2023-06-28,113,Cereal_Product_13,Cereal,11.51,4.94,12.06,2
2023-06-29,113,Cereal_Product_13,Cereal,12.31,4.94,9.7,1
2023-06-30,113,Cereal_Product_13,Cereal,10.88,4.94,12.06,1
2023-07-01,113,Cereal_Product_13,Cereal,10.58,4.94,11.03,1
2023-07-02,113,Cereal_Product_13,Cereal,11.02,4.94,12.95,2
2023-07-03,113,Cereal_Product_13,Cereal,12.02,4.94,10.6,1
2023-07-04,113,Cereal_Product_13,Cereal,10.42,4.94,12.08,2
2023-07-05,113,Cereal_Product_13,Cereal,11.59,4.94,11.79,1
2023-07-06,113,Cereal_Product_13,Cereal,10.53,4.94,9.7,1
2023-07-07,113,Cereal_Product_13,Cereal,11.21,4.94,12.67,1
2023-07-08,113,Cereal_Product_13,Cereal,12.42,4.94,10.13,1
2023-07-09,113,Cereal_Product_13,Cereal,10.67,4.94,11.92,1
2023-07-10,113,Cereal_Product_13,Cereal,10.3,4.94,12.3,2
2023-07-11,113,Cereal_Product_13,Cereal,11.19,4.94,11.81,1
2023-07-12,113,Cereal_Product_13,Cereal,11.54,4.94,9.99,1
2023-07-13,113,Cereal_Product_13,Cereal,10.9,4.94,12.98,2
2023-07-14,113,Cereal_Product_13,Cereal,11.45,4.94,10.46,1
2023-07-15,113,Cereal_Product_13,Cereal,12.39,4.94,11.79,1
2023-07-16,113,Cereal_Product_13,Cereal,10.93,4.94,12.37,1
2023-07-17,113,Cereal_Product_13,Cereal,10.93,4.94,12.86,1
2023-07-18,113,Cereal_Product_13,Cereal,11.32,4.94,11.71,1
2023-07-19,113,Cereal_Product_13,Cereal,11.39,4.94,10.54,1
2023-07-20,113,Cereal_Product_13,Cereal,10.23,4.94,12.51,1
2023-07-21,113,Cereal_Product_13,Cereal,11.62,4.94,10.21,1
2023-07-22,113,Cereal_Product_13,Cereal,12.49,4.94,9.73,1
2023-07-23,113,Cereal_Product_13,Cereal,10.89,4.94,12.75,1
2023-07-24,113,Cereal_Product_13,Cereal,11.66,4.94,11.62,1
2023-07-25,113,Cereal_Product_13,Cereal,10.23,4.94,9.89,2
2023-07-26,113,Cereal_Product_13,Cereal,11.6,4.94,11.63,1
2023-07-27,113,Cereal_Product_13,Cereal,11.24,4.94,10.15,1
2023-07-28,113,Cereal_Product_13,Cereal,11.43,4.94,9.76,1
2023-07-29,113,Cereal_Product_13,Cereal,11.46,4.94,10.05,1
2023-07-30,113,Cereal_Product_13,Cereal,10.63,4.94,12.3,1
2023-07-31,113,Cereal_Product_13,Cereal,11.97,4.94,12.23,1
2023-08-01,113,Cereal_Product_13,Cereal,11.49,4.94,11.71,1
2023-08-02,113,Cereal_Product_13,Cereal,10.84,4.94,10.37,1
2023-08-03,113,Cereal_Product_13,Cereal,12.35,4.94,12.17,1
2023-08-04,113,Cereal_Product_13,Cereal,10.25,4.94,11.05,2
2023-08-05,113,Cereal_Product_13,Cereal,11.87,4.94,11.4,1
2023-08-06,113,Cereal_Product_13,Cereal,11.09,4.94,12.71,1
2023-08-07,113,Cereal_Product_13,Cereal,11.41,4.94,11.22,1
2023-08-08,113,Cereal_Product_13,Cereal,10.89,4.94,11.79,1
2023-08-09,113,Cereal_Product_13,Cereal,10.95,4.94,12.93,1
2023-08-10,113,Cereal_Product_13,Cereal,10.26,4.94,11.19,1
2023-08-11,113,Cereal_Product_13,Cereal,11.88,4.94,11.57,1
2023-08-12,113,Cereal_Product_13,Cereal,11.84,4.94,11.65,1
2023-08-13,113,Cereal_Product_13,Cereal,11.71,4.94,10.48,1
2023-08-14,113,Cereal_Product_13,Cereal,12.22,4.94,12.17,1
2023-08-15,113,Cereal_Product_13,Cereal,12.27,4.94,12.13,1
2023-08-16,113,Cereal_Product_13,Cereal,11.49,4.94,10.38,1
2023-08-17,113,Cereal_Product_13,Cereal,11.78,4.94,9.7,1
2023-08-18,113,Cereal_Product_13,Cereal,10.25,4.94,13.06,2
2023-08-19,113,Cereal_Product_13,Cereal,12.15,4.94,11.64,1
2023-08-20,113,Cereal_Product_13,Cereal,12.08,4.94,10.27,1
2023-08-21,113,Cereal_Product_13,Cereal,10.27,4.94,10.62,1
2023-08-22,113,Cereal_Product_13,Cereal,11.46,4.94,11.76,1
2023-08-23,113,Cereal_Product_13,Cereal,12.28,4.94,10.12,1
2023-08-24,113,Cereal_Product_13,Cereal,10.64,4.94,9.78,1
2023-08-25,113,Cereal_Product_13,Cereal,11.02,4.94,12.38,1
2023-08-26,113,Cereal_Product_13,Cereal,10.98,4.94,12.09,1
2023-08-27,113,Cereal_Product_13,Cereal,11.03,4.94,10.71,1
2023-08-28,113,Cereal_Product_13,Cereal,10.32,4.94,9.85,1
2023-08-29,113,Cereal_Product_13,Cereal,10.86,4.94,11.31,1
2023-08-30,113,Cereal_Product_13,Cereal,10.89,4.94,10.6,1
2023-08-31,113,Cereal_Product_13,Cereal,12.19,4.94,11.01,1
2023-09-01,113,Cereal_Product_13,Cereal,11.02,4.94,10.59,1
2023-09-02,113,Cereal_Product_13,Cereal,11.24,4.94,10.25,1
2023-09-03,113,Cereal_Product_13,Cereal,11.09,4.94,10.97,1
2023-09-04,113,Cereal_Product_13,Cereal,10.5,4.94,12.94,1
2023-09-05,113,Cereal_Product_13,Cereal,12.47,4.94,10.56,1
2023-09-06,113,Cereal_Product_13,Cereal,12.1,4.94,10.8,1
2023-09-07,113,Cereal_Product_13,Cereal,11.45,4.94,10.78,1
2023-09-08,113,Cereal_Product_13,Cereal,11.31,4.94,11.29,1
2023-09-09,113,Cereal_Product_13,Cereal,11.7,4.94,12.53,1
2023-09-10,113,Cereal_Product_13,Cereal,10.96,4.94,11.03,1
2023-09-11,113,Cereal_Product_13,Cereal,10.34,4.94,12.4,1
2023-09-12,113,Cereal_Product_13,Cereal,11.14,4.94,10.05,1
2023-09-13,113,Cereal_Product_13,Cereal,12.46,4.94,12.71,1
2023-09-14,113,Cereal_Product_13,Cereal,10.64,4.94,10.29,1
2023-09-15,113,Cereal_Product_13,Cereal,11.42,4.94,9.79,1
2023-09-16,113,Cereal_Product_13,Cereal,10.24,4.94,10.2,1
2023-09-17,113,Cereal_Product_13,Cereal,10.5,4.94,10.31,1
2023-09-18,113,Cereal_Product_13,Cereal,11.56,4.94,11.39,1
2023-09-19,113,Cereal_Product_13,Cereal,10.9,4.94,11.19,1
2023-09-20,113,Cereal_Product_13,Cereal,12.28,4.94,12.09,1
2023-09-21,113,Cereal_Product_13,Cereal,11.15,4.94,9.83,1
2023-09-22,113,Cereal_Product_13,Cereal,10.7,4.94,11.35,1
2023-09-23,113,Cereal_Product_13,Cereal,11.46,4.94,10.79,1
2023-09-24,113,Cereal_Product_13,Cereal,12.03,4.94,11.8,1
2023-09-25,113,Cereal_Product_13,Cereal,10.27,4.94,9.8,1
2023-09-26,113,Cereal_Product_13,Cereal,11.37,4.94,9.77,1
2023-09-27,113,Cereal_Product_13,Cereal,11.98,4.94,11.11,1
2023-09-28,113,Cereal_Product_13,Cereal,10.46,4.94,12.42,1
2023-09-29,113,Cereal_Product_13,Cereal,12.27,4.94,11.94,1
2023-09-30,113,Cereal_Product_13,Cereal,10.82,4.94,9.71,1
2023-10-01,113,Cereal_Product_13,Cereal,10.61,4.94,10.26,1
2023-10-02,113,Cereal_Product_13,Cereal,11.56,4.94,10.43,1
2023-10-03,113,Cereal_Product_13,Cereal,10.62,4.94,11.1,1
2023-10-04,113,Cereal_Product_13,Cereal,11.77,4.94,11.65,1
2023-10-05,113,Cereal_Product_13,Cereal,11.34,4.94,10.39,1
2023-10-06,113,Cereal_Product_13,Cereal,10.47,4.94,10.96,1
2023-10-07,113,Cereal_Product_13,Cereal,12.3,4.94,11.65,1
2023-10-08,113,Cereal_Product_13,Cereal,11.75,4.94,10.96,1
2023-10-09,113,Cereal_Product_13,Cereal,11.46,4.94,10.14,1
2023-10-10,113,Cereal_Product_13,Cereal,11.07,4.94,11.33,1
2023-10-11,113,Cereal_Product_13,Cereal,10.53,4.94,10.76,1
2023-10-12,113,Cereal_Product_13,Cereal,11.83,4.94,12.6,1
2023-10-13,113,Cereal_Product_13,Cereal,12.07,4.94,12.3,1
2023-10-14,113,Cereal_Product_13,Cereal,10.51,4.94,10.3,1
2023-10-15,113,Cereal_Product_13,Cereal,11.35,4.94,10.18,1
2023-10-16,113,Cereal_Product_13,Cereal,11.32,4.94,10.84,1
2023-10-17,113,Cereal_Product_13,Cereal,11.02,4.94,11.06,1
2023-10-18,113,Cereal_Product_13,Cereal,12.02,4.94,12.83,1
2023-10-19,113,Cereal_Product_13,Cereal,10.45,4.94,10.68,1
2023-10-20,113,Cereal_Product_13,Cereal,10.69,4.94,12.61,1
2023-10-21,113,Cereal_Product_13,Cereal,10.23,4.94,11.38,1
2023-10-22,113,Cereal_Product_13,Cereal,11.07,4.94,12.67,1
2023-10-23,113,Cereal_Product_13,Cereal,10.88,4.94,12.05,1
2023-10-24,113,Cereal_Product_13,Cereal,12.19,4.94,12.07,1
2023-10-25,113,Cereal_Product_13,Cereal,11.92,4.94,11.42,1
2023-10-26,113,Cereal_Product_13,Cereal,10.42,4.94,12.52,1
2023-10-27,113,Cereal_Product_13,Cereal,11.91,4.94,10.52,1
2023-10-28,113,Cereal_Product_13,Cereal,11.76,4.94,12.75,1
2023-10-29,113,Cereal_Product_13,Cereal,10.86,4.94,11.83,1
2023-10-30,113,Cereal_Product_13,Cereal,10.26,4.94,11.15,1
2023-10-31,113,Cereal_Product_13,Cereal,10.48,4.94,13.0,2
2023-11-01,113,Cereal_Product_13,Cereal,10.79,4.94,12.59,2
2023-11-02,113,Cereal_Product_13,Cereal,12.08,4.94,12.29,1
2023-11-03,113,Cereal_Product_13,Cereal,11.28,4.94,10.59,1
2023-11-04,113,Cereal_Product_13,Cereal,12.31,4.94,12.97,1
2023-11-05,113,Cereal_Product_13,Cereal,12.02,4.94,12.19,1
2023-11-06,113,Cereal_Product_13,Cereal,10.88,4.94,11.72,1
2023-11-07,113,Cereal_Product_13,Cereal,12.14,4.94,12.8,1
2023-11-08,113,Cereal_Product_13,Cereal,10.49,4.94,10.21,1
2023-11-09,113,Cereal_Product_13,Cereal,10.31,4.94,10.13,1
2023-11-10,113,Cereal_Product_13,Cereal,11.61,4.94,11.58,1
2023-11-11,113,Cereal_Product_13,Cereal,11.0,4.94,9.85,1
2023-11-12,113,Cereal_Product_13,Cereal,10.97,4.94,11.92,1
2023-11-13,113,Cereal_Product_13,Cereal,11.78,4.94,10.48,1
2023-11-14,113,Cereal_Product_13,Cereal,12.15,4.94,10.06,1
2023-11-15,113,Cereal_Product_13,Cereal,10.96,4.94,11.05,1
2023-11-16,113,Cereal_Product_13,Cereal,10.96,4.94,11.24,1
2023-11-17,113,Cereal_Product_13,Cereal,11.44,4.94,10.24,1
2023-11-18,113,Cereal_Product_13,Cereal,11.71,4.94,9.8,1
2023-11-19,113,Cereal_Product_13,Cereal,10.68,4.94,11.07,1
2023-11-20,113,Cereal_Product_13,Cereal,12.3,4.94,12.24,1
2023-11-21,113,Cereal_Product_13,Cereal,11.71,4.94,12.63,1
2023-11-22,113,Cereal_Product_13,Cereal,11.64,4.94,9.99,1
2023-11-23,113,Cereal_Product_13,Cereal,12.28,4.94,11.44,1
2023-11-24,113,Cereal_Product_13,Cereal,12.28,4.94,10.55,1
2023-11-25,113,Cereal_Product_13,Cereal,10.53,4.94,10.93,2
2023-11-26,113,Cereal_Product_13,Cereal,10.55,4.94,12.84,1
2023-11-27,113,Cereal_Product_13,Cereal,11.95,4.94,10.86,1
2023-11-28,113,Cereal_Product_13,Cereal,12.4,4.94,10.9,1
2023-11-29,113,Cereal_Product_13,Cereal,11.74,4.94,10.37,1
2023-11-30,113,Cereal_Product_13,Cereal,11.16,4.94,12.93,1
2023-12-01,113,Cereal_Product_13,Cereal,11.78,4.94,11.21,1
2023-12-02,113,Cereal_Product_13,Cereal,10.74,4.94,11.6,1
2023-12-03,113,Cereal_Product_13,Cereal,12.49,4.94,11.2,1
2023-12-04,113,Cereal_Product_13,Cereal,11.2,4.94,10.52,1
2023-12-05,113,Cereal_Product_13,Cereal,12.34,4.94,12.42,1
2023-12-06,113,Cereal_Product_13,Cereal,11.2,4.94,9.75,1
2023-12-07,113,Cereal_Product_13,Cereal,12.33,4.94,12.01,1
2023-12-08,113,Cereal_Product_13,Cereal,10.99,4.94,11.68,1
2023-12-09,113,Cereal_Product_13,Cereal,11.95,4.94,10.15,1
2023-12-10,113,Cereal_Product_13,Cereal,12.38,4.94,10.22,1
2023-12-11,113,Cereal_Product_13,Cereal,11.69,4.94,11.9,1
2023-12-12,113,Cereal_Product_13,Cereal,11.76,4.94,10.72,1
2023-12-13,113,Cereal_Product_13,Cereal,10.46,4.94,10.56,1
2023-12-14,113,Cereal_Product_13,Cereal,11.3,4.94,9.86,1
2023-12-15,113,Cereal_Product_13,Cereal,12.24,4.94,12.27,1
2023-12-16,113,Cereal_Product_13,Cereal,10.77,4.94,12.66,1
2023-12-17,113,Cereal_Product_13,Cereal,12.01,4.94,12.45,1
2023-12-18,113,Cereal_Product_13,Cereal,11.76,4.94,11.24,1
2023-12-19,113,Cereal_Product_13,Cereal,10.73,4.94,11.47,1
2023-12-20,113,Cereal_Product_13,Cereal,10.87,4.94,10.48,1
2023-12-21,113,Cereal_Product_13,Cereal,11.19,4.94,10.24,1
2023-12-22,113,Cereal_Product_13,Cereal,10.51,4.94,12.46,1
2023-12-23,113,Cereal_Product_13,Cereal,12.3,4.94,12.38,1
2023-12-24,113,Cereal_Product_13,Cereal,11.9,4.94,12.3,1
2023-12-25,113,Cereal_Product_13,Cereal,11.05,4.94,11.23,1
2023-12-26,113,Cereal_Product_13,Cereal,10.9,4.94,12.6,1
2023-12-27,113,Cereal_Product_13,Cereal,11.79,4.94,12.81,1
2023-12-28,113,Cereal_Product_13,Cereal,11.19,4.94,10.77,1
2023-12-29,113,Cereal_Product_13,Cereal,10.74,4.94,10.42,1
2023-12-30,113,Cereal_Product_13,Cereal,11.2,4.94,11.24,2
2023-12-31,113,Cereal_Product_13,Cereal,12.2,4.94,10.27,1
2024-01-01,113,Cereal_Product_13,Cereal,10.38,4.94,12.67,2
2023-01-01,114,Beverages_Product_14,Beverages,14.4,8.97,14.92,1
2023-01-02,114,Beverages_Product_14,Beverages,14.3,8.97,16.56,1
2023-01-03,114,Beverages_Product_14,Beverages,15.6,8.97,15.33,1
2023-01-04,114,Beverages_Product_14,Beverages,13.96,8.97,16.87,1
2023-01-05,114,Beverages_Product_14,Beverages,14.78,8.97,16.08,1
2023-01-06,114,Beverages_Product_14,Beverages,15.49,8.97,15.36,1
2023-01-07,114,Beverages_Product_14,Beverages,14.48,8.97,16.27,1
2023-01-08,114,Beverages_Product_14,Beverages,13.8,8.97,13.02,1
2023-01-09,114,Beverages_Product_14,Beverages,13.85,8.97,12.97,1
2023-01-10,114,Beverages_Product_14,Beverages,13.99,8.97,13.23,1
2023-01-11,114,Beverages_Product_14,Beverages,16.13,8.97,14.83,0
2023-01-12,114,Beverages_Product_14,Beverages,15.59,8.97,13.92,1
2023-01-13,114,Beverages_Product_14,Beverages,13.8,8.97,17.31,1
2023-01-14,114,Beverages_Product_14,Beverages,14.79,8.97,15.31,1
2023-01-15,114,Beverages_Product_14,Beverages,14.45,8.97,15.85,1
2023-01-16,114,Beverages_Product_14,Beverages,15.35,8.97,14.11,1
2023-01-17,114,Beverages_Product_14,Beverages,15.19,8.97,14.31,1
2023-01-18,114,Beverages_Product_14,Beverages,15.06,8.97,14.37,0
2023-01-19,114,Beverages_Product_14,Beverages,14.56,8.97,16.02,1
2023-01-20,114,Beverages_Product_14,Beverages,14.02,8.97,15.0,1
2023-01-21,114,Beverages_Product_14,Beverages,15.85,8.97,15.2,1
2023-01-22,114,Beverages_Product_14,Beverages,16.27,8.97,15.53,1
2023-01-23,114,Beverages_Product_14,Beverages,16.46,8.97,16.34,0
2023-01-24,114,Beverages_Product_14,Beverages,13.78,8.97,13.26,1
2023-01-25,114,Beverages_Product_14,Beverages,15.84,8.97,16.37,0
2023-01-26,114,Beverages_Product_14,Beverages,15.8,8.97,15.4,0
2023-01-27,114,Beverages_Product_14,Beverages,16.47,8.97,15.88,0
2023-01-28,114,Beverages_Product_14,Beverages,14.37,8.97,14.33,1
2023-01-29,114,Beverages_Product_14,Beverages,15.85,8.97,14.71,0
2023-01-30,114,Beverages_Product_14,Beverages,13.77,8.97,13.9,1
2023-01-31,114,Beverages_Product_14,Beverages,15.51,8.97,17.29,1
2023-02-01,114,Beverages_Product_14,Beverages,14.67,8.97,15.1,1
2023-02-02,114,Beverages_Product_14,Beverages,15.93,8.97,17.37,0
2023-02-03,114,Beverages_Product_14,Beverages,16.22,8.97,15.07,1
2023-02-04,114,Beverages_Product_14,Beverages,14.71,8.97,13.85,1
2023-02-05,114,Beverages_Product_14,Beverages,15.19,8.97,15.15,0
2023-02-06,114,Beverages_Product_14,Beverages,13.96,8.97,13.03,1
2023-02-07,114,Beverages_Product_14,Beverages,14.87,8.97,16.95,1
2023-02-08,114,Beverages_Product_14,Beverages,14.7,8.97,16.56,1
2023-02-09,114,Beverages_Product_14,Beverages,14.16,8.97,16.14,1
2023-02-10,114,Beverages_Product_14,Beverages,16.31,8.97,15.61,1
2023-02-11,114,Beverages_Product_14,Beverages,14.05,8.97,15.48,1
2023-02-12,114,Beverages_Product_14,Beverages,15.53,8.97,17.37,1
2023-02-13,114,Beverages_Product_14,Beverages,16.3,8.97,14.11,1
2023-02-14,114,Beverages_Product_14,Beverages,16.36,8.97,16.39,1
2023-02-15,114,Beverages_Product_14,Beverages,16.0,8.97,15.49,0
2023-02-16,114,Beverages_Product_14,Beverages,14.14,8.97,17.27,1
2023-02-17,114,Beverages_Product_14,Beverages,16.08,8.97,16.6,1
2023-02-18,114,Beverages_Product_14,Beverages,14.44,8.97,17.38,1
2023-02-19,114,Beverages_Product_14,Beverages,16.39,8.97,15.52,0
2023-02-20,114,Beverages_Product_14,Beverages,15.75,8.97,13.78,1
2023-02-21,114,Beverages_Product_14,Beverages,15.98,8.97,15.13,1
2023-02-22,114,Beverages_Product_14,Beverages,13.86,8.97,16.07,1
2023-02-23,114,Beverages_Product_14,Beverages,15.37,8.97,16.36,0
2023-02-24,114,Beverages_Product_14,Beverages,16.09,8.97,12.85,0
2023-02-25,114,Beverages_Product_14,Beverages,16.21,8.97,15.14,0
2023-02-26,114,Beverages_Product_14,Beverages,13.69,8.97,13.92,1
2023-02-27,114,Beverages_Product_14,Beverages,16.44,8.97,16.82,1
2023-02-28,114,Beverages_Product_14,Beverages,13.74,8.97,13.54,1
2023-03-01,114,Beverages_Product_14,Beverages,15.46,8.97,15.87,1
2023-03-02,114,Beverages_Product_14,Beverages,15.7,8.97,14.06,1
2023-03-03,114,Beverages_Product_14,Beverages,13.93,8.97,14.47,1
2023-03-04,114,Beverages_Product_14,Beverages,13.75,8.97,17.11,1
2023-03-05,114,Beverages_Product_14,Beverages,15.98,8.97,13.94,1
2023-03-06,114,Beverages_Product_14,Beverages,14.77,8.97,13.28,1
2023-03-07,114,Beverages_Product_14,Beverages,13.93,8.97,13.16,1
2023-03-08,114,Beverages_Product_14,Beverages,15.91,8.97,15.14,1
2023-03-09,114,Beverages_Product_14,Beverages,16.17,8.97,15.76,0
2023-03-10,114,Beverages_Product_14,Beverages,15.38,8.97,14.33,1
2023-03-11,114,Beverages_Product_14,Beverages,14.09,8.97,15.98,1
2023-03-12,114,Beverages_Product_14,Beverages,13.65,8.97,13.13,1
2023-03-13,114,Beverages_Product_14,Beverages,15.72,8.97,16.74,1
2023-03-14,114,Beverages_Product_14,Beverages,15.27,8.97,16.55,1
2023-03-15,114,Beverages_Product_14,Beverages,15.57,8.97,17.32,1
2023-03-16,114,Beverages_Product_14,Beverages,16.06,8.97,17.1,1
2023-03-17,114,Beverages_Product_14,Beverages,14.92,8.97,14.46,1
2023-03-18,114,Beverages_Product_14,Beverages,13.98,8.97,14.66,1
2023-03-19,114,Beverages_Product_14,Beverages,16.45,8.97,16.23,1
2023-03-20,114,Beverages_Product_14,Beverages,15.25,8.97,13.46,1
2023-03-21,114,Beverages_Product_14,Beverages,15.47,8.97,14.27,1
2023-03-22,114,Beverages_Product_14,Beverages,16.43,8.97,13.39,0
2023-03-23,114,Beverages_Product_14,Beverages,16.42,8.97,14.91,0
2023-03-24,114,Beverages_Product_14,Beverages,15.33,8.97,15.35,1
2023-03-25,114,Beverages_Product_14,Beverages,14.5,8.97,13.81,1
2023-03-26,114,Beverages_Product_14,Beverages,16.62,8.97,12.97,1
2023-03-27,114,Beverages_Product_14,Beverages,15.66,8.97,16.11,1
2023-03-28,114,Beverages_Product_14,Beverages,14.84,8.97,12.94,1
2023-03-29,114,Beverages_Product_14,Beverages,15.3,8.97,17.26,1
2023-03-30,114,Beverages_Product_14,Beverages,14.86,8.97,13.85,1
2023-03-31,114,Beverages_Product_14,Beverages,16.29,8.97,15.86,0
2023-04-01,114,Beverages_Product_14,Beverages,15.06,8.97,14.82,1
2023-04-02,114,Beverages_Product_14,Beverages,16.09,8.97,13.12,1
2023-04-03,114,Beverages_Product_14,Beverages,16.15,8.97,14.99,1
2023-04-04,114,Beverages_Product_14,Beverages,16.1,8.97,15.19,0
2023-04-05,114,Beverages_Product_14,Beverages,15.79,8.97,16.73,0
2023-04-06,114,Beverages_Product_14,Beverages,16.19,8.97,16.17,1
2023-04-07,114,Beverages_Product_14,Beverages,14.78,8.97,13.21,1
2023-04-08,114,Beverages_Product_14,Beverages,13.95,8.97,13.8,1
2023-04-09,114,Beverages_Product_14,Beverages,16.15,8.97,14.26,1
2023-04-10,114,Beverages_Product_14,Beverages,15.11,8.97,13.38,1
2023-04-11,114,Beverages_Product_14,Beverages,13.99,8.97,14.92,1
2023-04-12,114,Beverages_Product_14,Beverages,13.95,8.97,17.31,1
2023-04-13,114,Beverages_Product_14,Beverages,14.09,8.97,15.18,1
2023-04-14,114,Beverages_Product_14,Beverages,15.88,8.97,16.21,1
2023-04-15,114,Beverages_Product_14,Beverages,15.75,8.97,15.95,0
