data/raw/retail_transactions.csv
date,sku_id,product_name,category,price,cost,competitor_price,quantity_sold
2023-04-16,114,Beverages_Product_14,Beverages,14.22,8.97,16.7,1
2023-04-17,114,Beverages_Product_14,Beverages,16.17,8.97,13.83,1
2023-04-18,114,Beverages_Product_14,Beverages,14.46,8.97,16.27,1
2023-04-19,114,Beverages_Product_14,Beverages,16.0,8.97,16.85,0
2023-04-20,114,Beverages_Product_14,Beverages,15.08,8.97,13.63,1
2023-04-21,114,Beverages_Product_14,Beverages,15.82,8.97,14.42,1
2023-04-22,114,Beverages_Product_14,Beverages,14.76,8.97,17.25,1
2023-04-23,114,Beverages_Product_14,Beverages,14.65,8.97,16.39,1
2023-04-24,114,Beverages_Product_14,Beverages,16.15,8.97,14.13,0
2023-04-25,114,Beverages_Product_14,Beverages,13.71,8.97,15.41,1
2023-04-26,114,Beverages_Product_14,Beverages,16.55,8.97,14.68,0
2023-04-27,114,Beverages_Product_14,Beverages,15.56,8.97,15.07,0
2023-04-28,114,Beverages_Product_14,Beverages,14.91,8.97,14.46,1
2023-04-29,114,Beverages_Product_14,Beverages,15.5,8.97,14.12,1
2023-04-30,114,Beverages_Product_14,Beverages,13.98,8.97,15.91,1
2023-05-01,114,Beverages_Product_14,Beverages,15.16,8.97,16.38,1
2023-05-02,114,Beverages_Product_14,Beverages,16.58,8.97,16.81,1
2023-05-03,114,Beverages_Product_14,Beverages,14.32,8.97,13.55,1
2023-05-04,114,Beverages_Product_14,Beverages,15.79,8.97,16.58,1
2023-05-05,114,Beverages_Product_14,Beverages,14.92,8.97,14.0,1
2023-05-06,114,Beverages_Product_14,Beverages,15.58,8.97,14.79,1
2023-05-07,114,Beverages_Product_14,Beverages,14.22,8.97,16.94,1
2023-05-08,114,Beverages_Product_14,Beverages,15.03,8.97,14.91,0
2023-05-09,114,Beverages_Product_14,Beverages,16.57,8.97,13.74,0
2023-05-10,114,Beverages_Product_14,Beverages,14.2,8.97,13.57,1
2023-05-11,114,Beverages_Product_14,Beverages,15.53,8.97,14.99,1
2023-05-12,114,Beverages_Product_14,Beverages,15.35,8.97,16.31,1
2023-05-13,114,Beverages_Product_14,Beverages,15.31,8.97,17.37,1
2023-05-14,114,Beverages_Product_14,Beverages,15.46,8.97,16.42,1
2023-05-15,114,Beverages_Product_14,Beverages,15.12,8.97,16.83,1
2023-05-16,114,Beverages_Product_14,Beverages,13.66,8.97,16.24,1
2023-05-17,114,Beverages_Product_14,Beverages,16.33,8.97,16.91,1
2023-05-18,114,Beverages_Product_14,Beverages,16.11,8.97,13.2,1
2023-05-19,114,Beverages_Product_14,Beverages,14.13,8.97,17.07,1
2023-05-20,114,Beverages_Product_14,Beverages,14.85,8.97,14.65,1
2023-05-21,114,Beverages_Product_14,Beverages,15.93,8.97,17.03,1
2023-05-22,114,Beverages_Product_14,Beverages,16.57,8.97,13.19,1
2023-05-23,114,Beverages_Product_14,Beverages,16.48,8.97,16.09,1
2023-05-24,114,Beverages_Product_14,Beverages,16.32,8.97,16.19,0
2023-05-25,114,Beverages_Product_14,Beverages,14.08,8.97,17.37,1
2023-05-26,114,Beverages_Product_14,Beverages,16.37,8.97,16.34,0
2023-05-27,114,Beverages_Product_14,Beverages,16.26,8.97,14.58,0
2023-05-28,114,Beverages_Product_14,Beverages,14.74,8.97,15.38,1
2023-05-29,114,Beverages_Product_14,Beverages,14.8,8.97,14.51,1
2023-05-30,114,Beverages_Product_14,Beverages,15.0,8.97,13.74,1
2023-05-31,114,Beverages_Product_14,Beverages,15.59,8.97,13.98,1
2023-06-01,114,Beverages_Product_14,Beverages,14.39,8.97,13.86,1
2023-06-02,114,Beverages_Product_14,Beverages,13.67,8.97,15.34,1
2023-06-03,114,Beverages_Product_14,Beverages,14.03,8.97,16.96,1
2023-06-04,114,Beverages_Product_14,Beverages,14.94,8.97,16.99,1
2023-06-05,114,Beverages_Product_14,Beverages,14.46,8.97,13.1,1
2023-06-06,114,Beverages_Product_14,Beverages,15.92,8.97,13.21,1
2023-06-07,114,Beverages_Product_14,Beverages,13.93,8.97,13.96,1
2023-06-08,114,Beverages_Product_14,Beverages,16.38,8.97,14.01,1
2023-06-09,114,Beverages_Product_14,Beverages,16.31,8.97,13.28,1
2023-06-10,114,Beverages_Product_14,Beverages,16.35,8.97,14.61,1
2023-06-11,114,Beverages_Product_14,Beverages,15.84,8.97,15.51,1
2023-06-12,114,Beverages_Product_14,Beverages,13.93,8.97,15.47,1
2023-06-13,114,Beverages_Product_14,Beverages,14.93,8.97,15.31,1
2023-06-14,114,Beverages_Product_14,Beverages,14.0,8.97,14.39,1
2023-06-15,114,Beverages_Product_14,Beverages,16.59,8.97,16.05,0
2023-06-16,114,Beverages_Product_14,Beverages,14.61,8.97,16.6,1
2023-06-17,114,Beverages_Product_14,Beverages,15.37,8.97,14.42,0
2023-06-18,114,Beverages_Product_14,Beverages,15.96,8.97,13.24,0
2023-06-19,114,Beverages_Product_14,Beverages,16.39,8.97,14.19,0
2023-06-20,114,Beverages_Product_14,Beverages,15.89,8.97,13.47,0
2023-06-21,114,Beverages_Product_14,Beverages,15.64,8.97,14.97,1
2023-06-22,114,Beverages_Product_14,Beverages,15.01,8.97,13.56,1
2023-06-23,114,Beverages_Product_14,Beverages,15.44,8.97,14.95,1
2023-06-24,114,Beverages_Product_14,Beverages,13.89,8.97,13.85,1
2023-06-25,114,Beverages_Product_14,Beverages,16.28,8.97,16.2,1
2023-06-26,114,Beverages_Product_14,Beverages,15.25,8.97,12.97,1
2023-06-27,114,Beverages_Product_14,Beverages,13.73,8.97,15.37,1
2023-06-28,114,Beverages_Product_14,Beverages,16.39,8.97,13.62,0
2023-06-29,114,Beverages_Product_14,Beverages,15.08,8.97,12.85,1
2023-06-30,114,Beverages_Product_14,Beverages,16.23,8.97,16.79,1
2023-07-01,114,Beverages_Product_14,Beverages,16.2,8.97,15.89,0
2023-07-02,114,Beverages_Product_14,Beverages,16.07,8.97,13.3,1
2023-07-03,114,Beverages_Product_14,Beverages,13.79,8.97,15.86,1
2023-07-04,114,Beverages_Product_14,Beverages,14.35,8.97,15.62,1
2023-07-05,114,Beverages_Product_14,Beverages,16.25,8.97,15.0,0
2023-07-06,114,Beverages_Product_14,Beverages,16.32,8.97,14.75,1
2023-07-07,114,Beverages_Product_14,Beverages,14.99,8.97,16.87,1
2023-07-08,114,Beverages_Product_14,Beverages,14.94,8.97,13.96,1
2023-07-09,114,Beverages_Product_14,Beverages,14.13,8.97,14.66,1
2023-07-10,114,Beverages_Product_14,Beverages,16.53,8.97,14.34,0
2023-07-11,114,Beverages_Product_14,Beverages,14.25,8.97,16.35,1
2023-07-12,114,Beverages_Product_14,Beverages,14.18,8.97,17.01,1
2023-07-13,114,Beverages_Product_14,Beverages,15.6,8.97,16.7,0
2023-07-14,114,Beverages_Product_14,Beverages,14.34,8.97,16.47,1
2023-07-15,114,Beverages_Product_14,Beverages,16.44,8.97,17.32,1
2023-07-16,114,Beverages_Product_14,Beverages,13.64,8.97,16.01,1
2023-07-17,114,Beverages_Product_14,Beverages,13.62,8.97,16.26,1
2023-07-18,114,Beverages_Product_14,Beverages,15.13,8.97,17.31,1
2023-07-19,114,Beverages_Product_14,Beverages,15.08,8.97,12.88,1
2023-07-20,114,Beverages_Product_14,Beverages,14.1,8.97,15.72,1
2023-07-21,114,Beverages_Product_14,Beverages,15.1,8.97,16.2,0
2023-07-22,114,Beverages_Product_14,Beverages,14.85,8.97,17.01,1
2023-07-23,114,Beverages_Product_14,Beverages,16.3,8.97,16.86,0
2023-07-24,114,Beverages_Product_14,Beverages,13.63,8.97,16.67,1
2023-07-25,114,Beverages_Product_14,Beverages,16.56,8.97,17.14,0
2023-07-26,114,Beverages_Product_14,Beverages,15.49,8.97,15.29,1
2023-07-27,114,Beverages_Product_14,Beverages,14.06,8.97,12.88,1
2023-07-28,114,Beverages_Product_14,Beverages,13.75,8.97,12.9,1
2023-07-29,114,Beverages_Product_14,Beverages,15.23,8.97,15.32,0
2023-07-30,114,Beverages_Product_14,Beverages,14.32,8.97,14.82,0
2023-07-31,114,Beverages_Product_14,Beverages,14.52,8.97,14.9,1
2023-08-01,114,Beverages_Product_14,Beverages,14.35,8.97,14.67,1
2023-08-02,114,Beverages_Product_14,Beverages,15.57,8.97,17.01,1
2023-08-03,114,Beverages_Product_14,Beverages,15.28,8.97,14.48,1
2023-08-04,114,Beverages_Product_14,Beverages,13.84,8.97,16.73,1
2023-08-05,114,Beverages_Product_14,Beverages,15.2,8.97,16.94,0
2023-08-06,114,Beverages_Product_14,Beverages,16.0,8.97,15.11,0
2023-08-07,114,Beverages_Product_14,Beverages,13.85,8.97,14.88,1
2023-08-08,114,Beverages_Product_14,Beverages,16.3,8.97,16.3,0
2023-08-09,114,Beverages_Product_14,Beverages,15.35,8.97,16.06,0
2023-08-10,114,Beverages_Product_14,Beverages,16.48,8.97,14.34,0
2023-08-11,114,Beverages_Product_14,Beverages,14.05,8.97,13.31,1
2023-08-12,114,Beverages_Product_14,Beverages,16.61,8.97,14.05,0
2023-08-13,114,Beverages_Product_14,Beverages,15.55,8.97,13.44,0
2023-08-14,114,Beverages_Product_14,Beverages,15.32,8.97,14.19,0
2023-08-15,114,Beverages_Product_14,Beverages,15.16,8.97,14.04,1
2023-08-16,114,Beverages_Product_14,Beverages,13.68,8.97,15.74,1
2023-08-17,114,Beverages_Product_14,Beverages,16.45,8.97,17.18,0
2023-08-18,114,Beverages_Product_14,Beverages,15.55,8.97,15.96,0
2023-08-19,114,Beverages_Product_14,Beverages,13.88,8.97,17.05,1
2023-08-20,114,Beverages_Product_14,Beverages,13.67,8.97,16.41,1
2023-08-21,114,Beverages_Product_14,Beverages,13.76,8.97,16.15,1
2023-08-22,114,Beverages_Product_14,Beverages,15.45,8.97,14.73,1
2023-08-23,114,Beverages_Product_14,Beverages,15.46,8.97,14.32,0
2023-08-24,114,Beverages_Product_14,Beverages,15.12,8.97,16.69,1
2023-08-25,114,Beverages_Product_14,Beverages,14.53,8.97,16.96,1
2023-08-26,114,Beverages_Product_14,Beverages,15.21,8.97,14.9,0
2023-08-27,114,Beverages_Product_14,Beverages,15.17,8.97,12.89,0
2023-08-28,114,Beverages_Product_14,Beverages,13.66,8.97,16.44,1
2023-08-29,114,Beverages_Product_14,Beverages,14.46,8.97,14.14,1
2023-08-30,114,Beverages_Product_14,Beverages,13.77,8.97,12.89,0
2023-08-31,114,Beverages_Product_14,Beverages,16.33,8.97,16.5,0
2023-09-01,114,Beverages_Product_14,Beverages,15.8,8.97,15.2,0
2023-09-02,114,Beverages_Product_14,Beverages,16.62,8.97,15.96,0
2023-09-03,114,Beverages_Product_14,Beverages,14.52,8.97,17.0,1
2023-09-04,114,Beverages_Product_14,Beverages,16.26,8.97,15.3,0
2023-09-05,114,Beverages_Product_14,Beverages,15.43,8.97,15.13,0
2023-09-06,114,Beverages_Product_14,Beverages,14.98,8.97,14.17,0
2023-09-07,114,Beverages_Product_14,Beverages,14.28,8.97,14.23,0
2023-09-08,114,Beverages_Product_14,Beverages,15.84,8.97,16.46,0
2023-09-09,114,Beverages_Product_14,Beverages,16.34,8.97,14.89,0
2023-09-10,114,Beverages_Product_14,Beverages,14.32,8.97,13.59,1
2023-09-11,114,Beverages_Product_14,Beverages,14.14,8.97,13.28,1
2023-09-12,114,Beverages_Product_14,Beverages,15.71,8.97,14.99,0
2023-09-13,114,Beverages_Product_14,Beverages,16.56,8.97,14.96,0
2023-09-14,114,Beverages_Product_14,Beverages,15.87,8.97,15.81,1
2023-09-15,114,Beverages_Product_14,Beverages,14.47,8.97,14.99,1
2023-09-16,114,Beverages_Product_14,Beverages,14.87,8.97,13.5,0
2023-09-17,114,Beverages_Product_14,Beverages,14.77,8.97,15.15,0
2023-09-18,114,Beverages_Product_14,Beverages,16.18,8.97,16.96,0
2023-09-19,114,Beverages_Product_14,Beverages,15.94,8.97,13.57,1
2023-09-20,114,Beverages_Product_14,Beverages,15.39,8.97,15.98,1
2023-09-21,114,Beverages_Product_14,Beverages,14.44,8.97,15.54,1
2023-09-22,114,Beverages_Product_14,Beverages,16.44,8.97,16.24,0
2023-09-23,114,Beverages_Product_14,Beverages,15.58,8.97,13.53,0
2023-09-24,114,Beverages_Product_14,Beverages,16.54,8.97,17.12,0
2023-09-25,114,Beverages_Product_14,Beverages,15.36,8.97,15.67,0
2023-09-26,114,Beverages_Product_14,Beverages,16.09,8.97,16.69,0
2023-09-27,114,Beverages_Product_14,Beverages,16.06,8.97,13.97,0
2023-09-28,114,Beverages_Product_14,Beverages,14.63,8.97,16.2,0
2023-09-29,114,Beverages_Product_14,Beverages,16.52,8.97,16.39,0
2023-09-30,114,Beverages_Product_14,Beverages,13.67,8.97,14.65,1
2023-10-01,114,Beverages_Product_14,Beverages,15.93,8.97,14.59,0
2023-10-02,114,Beverages_Product_14,Beverages,16.52,8.97,15.83,0
2023-10-03,114,Beverages_Product_14,Beverages,14.63,8.97,13.27,0
2023-10-04,114,Beverages_Product_14,Beverages,15.56,8.97,16.19,1
2023-10-05,114,Beverages_Product_14,Beverages,15.3,8.97,13.04,0
2023-10-06,114,Beverages_Product_14,Beverages,15.91,8.97,13.71,0
2023-10-07,114,Beverages_Product_14,Beverages,16.22,8.97,15.86,0
2023-10-08,114,Beverages_Product_14,Beverages,15.43,8.97,13.3,0
2023-10-09,114,Beverages_Product_14,Beverages,16.07,8.97,17.26,0
2023-10-10,114,Beverages_Product_14,Beverages,14.55,8.97,16.79,1
2023-10-11,114,Beverages_Product_14,Beverages,14.3,8.97,15.69,1
2023-10-12,114,Beverages_Product_14,Beverages,14.91,8.97,16.56,0
2023-10-13,114,Beverages_Product_14,Beverages,15.65,8.97,16.87,0
2023-10-14,114,Beverages_Product_14,Beverages,14.17,8.97,14.03,1
2023-10-15,114,Beverages_Product_14,Beverages,15.66,8.97,16.7,0
2023-10-16,114,Beverages_Product_14,Beverages,14.8,8.97,13.73,1
2023-10-17,114,Beverages_Product_14,Beverages,16.01,8.97,14.72,1
2023-10-18,114,Beverages_Product_14,Beverages,13.72,8.97,15.38,1
2023-10-19,114,Beverages_Product_14,Beverages,15.62,8.97,16.09,0
2023-10-20,114,Beverages_Product_14,Beverages,15.57,8.97,12.99,0
2023-10-21,114,Beverages_Product_14,Beverages,16.45,8.97,14.17,0
2023-10-22,114,Beverages_Product_14,Beverages,15.76,8.97,15.61,0
2023-10-23,114,Beverages_Product_14,Beverages,16.01,8.97,14.47,0
2023-10-24,114,Beverages_Product_14,Beverages,16.34,8.97,16.36,0
2023-10-25,114,Beverages_Product_14,Beverages,15.65,8.97,15.8,0
2023-10-26,114,Beverages_Product_14,Beverages,14.48,8.97,13.91,1
2023-10-27,114,Beverages_Product_14,Beverages,16.23,8.97,13.51,0
2023-10-28,114,Beverages_Product_14,Beverages,15.87,8.97,15.7,1
2023-10-29,114,Beverages_Product_14,Beverages,14.89,8.97,14.89,0
2023-10-30,114,Beverages_Product_14,Beverages,15.75,8.97,13.62,0
2023-10-31,114,Beverages_Product_14,Beverages,16.23,8.97,14.33,0
2023-11-01,114,Beverages_Product_14,Beverages,16.55,8.97,14.22,1
2023-11-02,114,Beverages_Product_14,Beverages,16.48,8.97,13.34,0
2023-11-03,114,Beverages_Product_14,Beverages,14.59,8.97,15.33,1
2023-11-04,114,Beverages_Product_14,Beverages,14.88,8.97,16.31,0
2023-11-05,114,Beverages_Product_14,Beverages,13.94,8.97,15.46,1
2023-11-06,114,Beverages_Product_14,Beverages,14.35,8.97,16.6,0
2023-11-07,114,Beverages_Product_14,Beverages,16.27,8.97,13.43,0
2023-11-08,114,Beverages_Product_14,Beverages,14.7,8.97,14.82,1
2023-11-09,114,Beverages_Product_14,Beverages,15.48,8.97,15.61,0
2023-11-10,114,Beverages_Product_14,Beverages,15.62,8.97,15.91,0
2023-11-11,114,Beverages_Product_14,Beverages,15.97,8.97,16.0,0
2023-11-12,114,Beverages_Product_14,Beverages,14.16,8.97,16.16,1
2023-11-13,114,Beverages_Product_14,Beverages,14.53,8.97,15.8,1
2023-11-14,114,Beverages_Product_14,Beverages,14.96,8.97,13.28,1
2023-11-15,114,Beverages_Product_14,Beverages,14.71,8.97,16.0,0
2023-11-16,114,Beverages_Product_14,Beverages,16.58,8.97,16.14,0
2023-11-17,114,Beverages_Product_14,Beverages,16.13,8.97,17.35,0
2023-11-18,114,Beverages_Product_14,Beverages,15.06,8.97,15.99,0
2023-11-19,114,Beverages_Product_14,Beverages,16.26,8.97,15.96,0
2023-11-20,114,Beverages_Product_14,Beverages,14.66,8.97,15.18,1
2023-11-21,114,Beverages_Product_14,Beverages,15.98,8.97,16.79,1
2023-11-22,114,Beverages_Product_14,Beverages,14.28,8.97,17.37,1
2023-11-23,114,Beverages_Product_14,Beverages,15.94,8.97,16.38,1
2023-11-24,114,Beverages_Product_14,Beverages,14.99,8.97,15.63,0
2023-11-25,114,Beverages_Product_14,Beverages,13.93,8.97,13.21,0
2023-11-26,114,Beverages_Product_14,Beverages,14.43,8.97,16.15,1
2023-11-27,114,Beverages_Product_14,Beverages,14.82,8.97,16.06,0
2023-11-28,114,Beverages_Product_14,Beverages,15.87,8.97,16.37,0
2023-11-29,114,Beverages_Product_14,Beverages,13.83,8.97,13.41,1
2023-11-30,114,Beverages_Product_14,Beverages,15.6,8.97,15.81,0
2023-12-01,114,Beverages_Product_14,Beverages,15.77,8.97,14.19,1
2023-12-02,114,Beverages_Product_14,Beverages,15.58,8.97,16.3,1
2023-12-03,114,Beverages_Product_14,Beverages,15.9,8.97,13.94,0
2023-12-04,114,Beverages_Product_14,Beverages,14.14,8.97,15.95,0
2023-12-05,114,Beverages_Product_14,Beverages,15.38,8.97,14.19,1
2023-12-06,114,Beverages_Product_14,Beverages,16.45,8.97,12.89,1
2023-12-07,114,Beverages_Product_14,Beverages,15.45,8.97,15.72,1
2023-12-08,114,Beverages_Product_14,Beverages,15.45,8.97,13.36,1
2023-12-09,114,Beverages_Product_14,Beverages,15.83,8.97,15.84,0
2023-12-10,114,Beverages_Product_14,Beverages,14.61,8.97,17.05,1
2023-12-11,114,Beverages_Product_14,Beverages,15.72,8.97,17.24,0
2023-12-12,114,Beverages_Product_14,Beverages,16.38,8.97,13.92,1
2023-12-13,114,Beverages_Product_14,Beverages,13.64,8.97,16.52,1
2023-12-14,114,Beverages_Product_14,Beverages,16.24,8.97,14.45,0
2023-12-15,114,Beverages_Product_14,Beverages,14.27,8.97,16.93,1
2023-12-16,114,Beverages_Product_14,Beverages,14.98,8.97,16.42,1
2023-12-17,114,Beverages_Product_14,Beverages,16.18,8.97,13.18,0
2023-12-18,114,Beverages_Product_14,Beverages,16.1,8.97,14.7,1
2023-12-19,114,Beverages_Product_14,Beverages,16.3,8.97,14.38,0
2023-12-20,114,Beverages_Product_14,Beverages,16.45,8.97,16.41,0
2023-12-21,114,Beverages_Product_14,Beverages,14.96,8.97,14.71,0
2023-12-22,114,Beverages_Product_14,Beverages,15.59,8.97,15.95,0
2023-12-23,114,Beverages_Product_14,Beverages,14.79,8.97,15.58,0
2023-12-24,114,Beverages_Product_14,Beverages,14.67,8.97,17.27,1
2023-12-25,114,Beverages_Product_14,Beverages,14.91,8.97,17.1,0
2023-12-26,114,Beverages_Product_14,Beverages,15.85,8.97,14.79,1
2023-12-27,114,Beverages_Product_14,Beverages,15.12,8.97,16.13,1
2023-12-28,114,Beverages_Product_14,Beverages,16.07,8.97,16.61,0
2023-12-29,114,Beverages_Product_14,Beverages,15.86,8.97,16.93,0
2023-12-30,114,Beverages_Product_14,Beverages,13.67,8.97,13.16,1
2023-12-31,114,Beverages_Product_14,Beverages,15.51,8.97,14.22,0
2024-01-01,114,Beverages_Product_14,Beverages,14.93,8.97,14.3,1
2023-01-01,115,Coffee_Product_15,Coffee,7.24,4.05,6.67,27
2023-01-02,115,Coffee_Product_15,Coffee,7.16,4.05,7.76,29
2023-01-03,115,Coffee_Product_15,Coffee,7.97,4.05,7.88,29
2023-01-04,115,Coffee_Product_15,Coffee,7.55,4.05,7.44,26
2023-01-05,115,Coffee_Product_15,Coffee,7.77,4.05,6.64,24
2023-01-06,115,Coffee_Product_15,Coffee,7.04,4.05,8.2,29
2023-01-07,115,Coffee_Product_15,Coffee,7.08,4.05,7.75,30
2023-01-08,115,Coffee_Product_15,Coffee,7.02,4.05,8.25,28
2023-01-09,115,Coffee_Product_15,Coffee,7.71,4.05,8.4,30
2023-01-10,115,Coffee_Product_15,Coffee,7.21,4.05,8.11,35
2023-01-11,115,Coffee_Product_15,Coffee,7.29,4.05,8.45,32
2023-01-12,115,Coffee_Product_15,Coffee,7.74,4.05,8.44,33
2023-01-13,115,Coffee_Product_15,Coffee,8.13,4.05,7.7,25
2023-01-14,115,Coffee_Product_15,Coffee,6.93,4.05,7.94,28
2023-01-15,115,Coffee_Product_15,Coffee,6.78,4.05,7.88,31
2023-01-16,115,Coffee_Product_15,Coffee,6.98,4.05,7.7,27
