data/raw/retail_transactions.csv
date,sku_id,product_name,category,price,cost,competitor_price,quantity_sold
2023-01-17,115,Coffee_Product_15,Coffee,7.78,4.05,6.36,23
2023-01-18,115,Coffee_Product_15,Coffee,6.98,4.05,7.11,23
2023-01-19,115,Coffee_Product_15,Coffee,7.56,4.05,6.54,24
2023-01-20,115,Coffee_Product_15,Coffee,7.57,4.05,6.99,26
2023-01-21,115,Coffee_Product_15,Coffee,7.13,4.05,6.47,30
2023-01-22,115,Coffee_Product_15,Coffee,6.79,4.05,8.37,36
2023-01-23,115,Coffee_Product_15,Coffee,7.28,4.05,7.32,28
2023-01-24,115,Coffee_Product_15,Coffee,6.97,4.05,6.74,31
2023-01-25,115,Coffee_Product_15,Coffee,6.96,4.05,7.62,33
2023-01-26,115,Coffee_Product_15,Coffee,7.46,4.05,6.75,25
2023-01-27,115,Coffee_Product_15,Coffee,7.69,4.05,8.11,29
2023-01-28,115,Coffee_Product_15,Coffee,6.8,4.05,7.0,35
2023-01-29,115,Coffee_Product_15,Coffee,7.55,4.05,7.02,28
2023-01-30,115,Coffee_Product_15,Coffee,7.05,4.05,8.26,29
2023-01-31,115,Coffee_Product_15,Coffee,7.69,4.05,7.56,25
2023-02-01,115,Coffee_Product_15,Coffee,7.89,4.05,8.29,24
2023-02-02,115,Coffee_Product_15,Coffee,7.89,4.05,7.24,22
2023-02-03,115,Coffee_Product_15,Coffee,7.24,4.05,7.08,27
2023-02-04,115,Coffee_Product_15,Coffee,7.53,4.05,7.44,28
2023-02-05,115,Coffee_Product_15,Coffee,7.87,4.05,6.45,22
2023-02-06,115,Coffee_Product_15,Coffee,6.78,4.05,6.66,28
2023-02-07,115,Coffee_Product_15,Coffee,7.59,4.05,6.81,24
2023-02-08,115,Coffee_Product_15,Coffee,7.93,4.05,8.14,24
2023-02-09,115,Coffee_Product_15,Coffee,7.24,4.05,7.95,31
2023-02-10,115,Coffee_Product_15,Coffee,7.36,4.05,6.75,30
2023-02-11,115,Coffee_Product_15,Coffee,7.73,4.05,6.93,25
2023-02-12,115,Coffee_Product_15,Coffee,6.79,4.05,8.42,39
2023-02-13,115,Coffee_Product_15,Coffee,7.26,4.05,6.51,29
2023-02-14,115,Coffee_Product_15,Coffee,7.13,4.05,7.54,32
2023-02-15,115,Coffee_Product_15,Coffee,6.71,4.05,7.48,32
2023-02-16,115,Coffee_Product_15,Coffee,6.98,4.05,7.93,35
2023-02-17,115,Coffee_Product_15,Coffee,7.28,4.05,6.9,25
2023-02-18,115,Coffee_Product_15,Coffee,6.98,4.05,8.4,37
2023-02-19,115,Coffee_Product_15,Coffee,7.58,4.05,7.23,28
2023-02-20,115,Coffee_Product_15,Coffee,7.35,4.05,6.95,31
2023-02-21,115,Coffee_Product_15,Coffee,6.75,4.05,7.07,31
2023-02-22,115,Coffee_Product_15,Coffee,7.1,4.05,7.09,35
2023-02-23,115,Coffee_Product_15,Coffee,6.72,4.05,6.76,32
2023-02-24,115,Coffee_Product_15,Coffee,7.22,4.05,8.39,30
2023-02-25,115,Coffee_Product_15,Coffee,7.07,4.05,6.71,33
2023-02-26,115,Coffee_Product_15,Coffee,7.71,4.05,8.28,27
2023-02-27,115,Coffee_Product_15,Coffee,7.14,4.05,7.22,27
2023-02-28,115,Coffee_Product_15,Coffee,7.25,4.05,6.92,33
2023-03-01,115,Coffee_Product_15,Coffee,7.77,4.05,6.76,27
2023-03-02,115,Coffee_Product_15,Coffee,7.4,4.05,7.44,30
2023-03-03,115,Coffee_Product_15,Coffee,7.51,4.05,7.81,28
2023-03-04,115,Coffee_Product_15,Coffee,7.94,4.05,8.32,32
2023-03-05,115,Coffee_Product_15,Coffee,7.0,4.05,7.77,30
2023-03-06,115,Coffee_Product_15,Coffee,8.16,4.05,7.39,28
2023-03-07,115,Coffee_Product_15,Coffee,8.03,4.05,6.39,23
2023-03-08,115,Coffee_Product_15,Coffee,7.11,4.05,8.36,34
2023-03-09,115,Coffee_Product_15,Coffee,8.01,4.05,8.33,29
2023-03-10,115,Coffee_Product_15,Coffee,7.81,4.05,7.16,29
2023-03-11,115,Coffee_Product_15,Coffee,8.07,4.05,6.38,25
2023-03-12,115,Coffee_Product_15,Coffee,7.71,4.05,7.95,28
2023-03-13,115,Coffee_Product_15,Coffee,7.69,4.05,8.08,31
2023-03-14,115,Coffee_Product_15,Coffee,6.69,4.05,7.53,38
2023-03-15,115,Coffee_Product_15,Coffee,7.39,4.05,7.21,25
2023-03-16,115,Coffee_Product_15,Coffee,6.99,4.05,8.21,33
2023-03-17,115,Coffee_Product_15,Coffee,7.17,4.05,6.75,30
2023-03-18,115,Coffee_Product_15,Coffee,8.14,4.05,7.3,25
2023-03-19,115,Coffee_Product_15,Coffee,6.81,4.05,6.37,32
2023-03-20,115,Coffee_Product_15,Coffee,7.76,4.05,6.68,29
2023-03-21,115,Coffee_Product_15,Coffee,6.94,4.05,8.41,38
2023-03-22,115,Coffee_Product_15,Coffee,6.7,4.05,7.6,44
2023-03-23,115,Coffee_Product_15,Coffee,7.43,4.05,8.11,33
2023-03-24,115,Coffee_Product_15,Coffee,6.93,4.05,7.4,31
2023-03-25,115,Coffee_Product_15,Coffee,8.12,4.05,8.18,32
2023-03-26,115,Coffee_Product_15,Coffee,6.99,4.05,7.52,30
2023-03-27,115,Coffee_Product_15,Coffee,6.97,4.05,6.33,30
2023-03-28,115,Coffee_Product_15,Coffee,6.74,4.05,8.32,39
2023-03-29,115,Coffee_Product_15,Coffee,7.18,4.05,6.65,31
2023-03-30,115,Coffee_Product_15,Coffee,6.72,4.05,7.32,37
2023-03-31,115,Coffee_Product_15,Coffee,7.43,4.05,7.38,30
2023-04-01,115,Coffee_Product_15,Coffee,7.44,4.05,6.42,30
2023-04-02,115,Coffee_Product_15,Coffee,6.77,4.05,6.43,30
2023-04-03,115,Coffee_Product_15,Coffee,7.04,4.05,8.02,34
2023-04-04,115,Coffee_Product_15,Coffee,7.92,4.05,6.99,28
2023-04-05,115,Coffee_Product_15,Coffee,7.38,4.05,7.23,32
2023-04-06,115,Coffee_Product_15,Coffee,7.33,4.05,7.57,30
2023-04-07,115,Coffee_Product_15,Coffee,7.73,4.05,7.15,24
2023-04-08,115,Coffee_Product_15,Coffee,7.75,4.05,8.04,30
2023-04-09,115,Coffee_Product_15,Coffee,7.82,4.05,8.29,33
2023-04-10,115,Coffee_Product_15,Coffee,7.92,4.05,6.45,26
2023-04-11,115,Coffee_Product_15,Coffee,7.03,4.05,7.73,34
2023-04-12,115,Coffee_Product_15,Coffee,6.79,4.05,7.02,31
2023-04-13,115,Coffee_Product_15,Coffee,7.25,4.05,7.62,30
2023-04-14,115,Coffee_Product_15,Coffee,7.96,4.05,7.39,33
2023-04-15,115,Coffee_Product_15,Coffee,6.8,4.05,7.06,39
2023-04-16,115,Coffee_Product_15,Coffee,7.54,4.05,6.53,31
2023-04-17,115,Coffee_Product_15,Coffee,7.73,4.05,7.56,27
2023-04-18,115,Coffee_Product_15,Coffee,7.4,4.05,6.57,29
2023-04-19,115,Coffee_Product_15,Coffee,7.07,4.05,6.66,30
2023-04-20,115,Coffee_Product_15,Coffee,7.17,4.05,8.51,36
2023-04-21,115,Coffee_Product_15,Coffee,6.79,4.05,7.02,31
2023-04-22,115,Coffee_Product_15,Coffee,7.12,4.05,7.62,33
2023-04-23,115,Coffee_Product_15,Coffee,6.75,4.05,6.92,39
2023-04-24,115,Coffee_Product_15,Coffee,7.77,4.05,8.25,24
2023-04-25,115,Coffee_Product_15,Coffee,8.02,4.05,6.95,26
2023-04-26,115,Coffee_Product_15,Coffee,7.63,4.05,7.13,33
2023-04-27,115,Coffee_Product_15,Coffee,7.66,4.05,7.67,30
2023-04-28,115,Coffee_Product_15,Coffee,7.39,4.05,8.26,35
2023-04-29,115,Coffee_Product_15,Coffee,6.92,4.05,8.14,33
2023-04-30,115,Coffee_Product_15,Coffee,6.7,4.05,6.9,37
2023-05-01,115,Coffee_Product_15,Coffee,7.2,4.05,8.17,36
2023-05-02,115,Coffee_Product_15,Coffee,7.8,4.05,7.88,30
2023-05-03,115,Coffee_Product_15,Coffee,8.12,4.05,8.52,35
2023-05-04,115,Coffee_Product_15,Coffee,7.33,4.05,8.4,33
2023-05-05,115,Coffee_Product_15,Coffee,7.23,4.05,7.5,31
2023-05-06,115,Coffee_Product_15,Coffee,7.35,4.05,7.99,38
2023-05-07,115,Coffee_Product_15,Coffee,7.32,4.05,7.59,27
2023-05-08,115,Coffee_Product_15,Coffee,7.62,4.05,7.64,30
2023-05-09,115,Coffee_Product_15,Coffee,7.78,4.05,6.54,27
2023-05-10,115,Coffee_Product_15,Coffee,7.85,4.05,6.32,25
2023-05-11,115,Coffee_Product_15,Coffee,7.65,4.05,6.42,25
2023-05-12,115,Coffee_Product_15,Coffee,7.34,4.05,8.47,31
2023-05-13,115,Coffee_Product_15,Coffee,8.1,4.05,6.6,22
2023-05-14,115,Coffee_Product_15,Coffee,7.74,4.05,6.42,30
2023-05-15,115,Coffee_Product_15,Coffee,7.32,4.05,7.01,33
2023-05-16,115,Coffee_Product_15,Coffee,7.35,4.05,7.63,29
2023-05-17,115,Coffee_Product_15,Coffee,7.9,4.05,8.43,29
2023-05-18,115,Coffee_Product_15,Coffee,7.34,4.05,7.88,26
2023-05-19,115,Coffee_Product_15,Coffee,7.46,4.05,6.93,27
2023-05-20,115,Coffee_Product_15,Coffee,7.12,4.05,8.41,38
2023-05-21,115,Coffee_Product_15,Coffee,7.93,4.05,6.4,25
2023-05-22,115,Coffee_Product_15,Coffee,7.46,4.05,8.5,29
2023-05-23,115,Coffee_Product_15,Coffee,7.51,4.05,6.45,26
2023-05-24,115,Coffee_Product_15,Coffee,8.0,4.05,8.0,26
2023-05-25,115,Coffee_Product_15,Coffee,8.06,4.05,6.42,21
2023-05-26,115,Coffee_Product_15,Coffee,7.91,4.05,8.39,28
2023-05-27,115,Coffee_Product_15,Coffee,6.78,4.05,6.56,27
2023-05-28,115,Coffee_Product_15,Coffee,7.35,4.05,6.43,27
2023-05-29,115,Coffee_Product_15,Coffee,7.2,4.05,8.3,35
2023-05-30,115,Coffee_Product_15,Coffee,7.01,4.05,6.53,26
2023-05-31,115,Coffee_Product_15,Coffee,8.04,4.05,8.09,27
2023-06-01,115,Coffee_Product_15,Coffee,8.01,4.05,7.98,28
2023-06-02,115,Coffee_Product_15,Coffee,7.38,4.05,7.65,26
2023-06-03,115,Coffee_Product_15,Coffee,6.89,4.05,7.16,23
2023-06-04,115,Coffee_Product_15,Coffee,6.71,4.05,8.36,30
2023-06-05,115,Coffee_Product_15,Coffee,7.34,4.05,8.26,28
2023-06-06,115,Coffee_Product_15,Coffee,6.75,4.05,7.27,31
2023-06-07,115,Coffee_Product_15,Coffee,7.59,4.05,6.83,26
2023-06-08,115,Coffee_Product_15,Coffee,7.59,4.05,6.92,31
2023-06-09,115,Coffee_Product_15,Coffee,8.02,4.05,6.81,23
2023-06-10,115,Coffee_Product_15,Coffee,6.97,4.05,7.52,27
2023-06-11,115,Coffee_Product_15,Coffee,7.24,4.05,8.25,28
2023-06-12,115,Coffee_Product_15,Coffee,7.97,4.05,8.04,28
2023-06-13,115,Coffee_Product_15,Coffee,7.39,4.05,8.09,30
2023-06-14,115,Coffee_Product_15,Coffee,6.78,4.05,7.32,31
2023-06-15,115,Coffee_Product_15,Coffee,6.85,4.05,7.04,24
2023-06-16,115,Coffee_Product_15,Coffee,7.9,4.05,8.0,32
2023-06-17,115,Coffee_Product_15,Coffee,7.79,4.05,8.08,30
2023-06-18,115,Coffee_Product_15,Coffee,7.99,4.05,7.87,29
2023-06-19,115,Coffee_Product_15,Coffee,6.86,4.05,6.39,21
2023-06-20,115,Coffee_Product_15,Coffee,7.82,4.05,7.63,28
2023-06-21,115,Coffee_Product_15,Coffee,7.66,4.05,7.09,24
2023-06-22,115,Coffee_Product_15,Coffee,7.03,4.05,6.75,26
2023-06-23,115,Coffee_Product_15,Coffee,8.14,4.05,7.86,30
2023-06-24,115,Coffee_Product_15,Coffee,7.54,4.05,6.91,28
2023-06-25,115,Coffee_Product_15,Coffee,8.04,4.05,8.35,25
2023-06-26,115,Coffee_Product_15,Coffee,7.96,4.05,6.98,26
2023-06-27,115,Coffee_Product_15,Coffee,7.18,4.05,7.55,30
2023-06-28,115,Coffee_Product_15,Coffee,7.48,4.05,8.16,27
2023-06-29,115,Coffee_Product_15,Coffee,7.33,4.05,7.21,28
2023-06-30,115,Coffee_Product_15,Coffee,7.74,4.05,8.16,27
2023-07-01,115,Coffee_Product_15,Coffee,7.56,4.05,7.93,29
2023-07-02,115,Coffee_Product_15,Coffee,7.85,4.05,8.37,28
2023-07-03,115,Coffee_Product_15,Coffee,6.71,4.05,7.04,31
2023-07-04,115,Coffee_Product_15,Coffee,7.71,4.05,6.55,30
2023-07-05,115,Coffee_Product_15,Coffee,7.16,4.05,7.28,30
2023-07-06,115,Coffee_Product_15,Coffee,7.02,4.05,8.07,32
2023-07-07,115,Coffee_Product_15,Coffee,7.88,4.05,7.32,24
2023-07-08,115,Coffee_Product_15,Coffee,6.82,4.05,6.9,24
2023-07-09,115,Coffee_Product_15,Coffee,7.03,4.05,6.38,25
2023-07-10,115,Coffee_Product_15,Coffee,6.99,4.05,7.01,27
2023-07-11,115,Coffee_Product_15,Coffee,7.31,4.05,7.91,30
2023-07-12,115,Coffee_Product_15,Coffee,7.17,4.05,6.65,25
2023-07-13,115,Coffee_Product_15,Coffee,7.76,4.05,7.08,28
2023-07-14,115,Coffee_Product_15,Coffee,7.73,4.05,6.36,20
2023-07-15,115,Coffee_Product_15,Coffee,7.17,4.05,7.93,27
2023-07-16,115,Coffee_Product_15,Coffee,7.34,4.05,8.28,30
2023-07-17,115,Coffee_Product_15,Coffee,7.0,4.05,7.58,25
2023-07-18,115,Coffee_Product_15,Coffee,7.68,4.05,6.37,26
2023-07-19,115,Coffee_Product_15,Coffee,7.28,4.05,6.8,28
2023-07-20,115,Coffee_Product_15,Coffee,6.89,4.05,7.29,26
2023-07-21,115,Coffee_Product_15,Coffee,6.88,4.05,7.63,37
2023-07-22,115,Coffee_Product_15,Coffee,7.17,4.05,7.42,25
2023-07-23,115,Coffee_Product_15,Coffee,7.8,4.05,8.36,24
2023-07-24,115,Coffee_Product_15,Coffee,6.73,4.05,8.41,29
2023-07-25,115,Coffee_Product_15,Coffee,7.07,4.05,6.56,27
2023-07-26,115,Coffee_Product_15,Coffee,6.93,4.05,6.62,22
2023-07-27,115,Coffee_Product_15,Coffee,8.11,4.05,7.11,25
2023-07-28,115,Coffee_Product_15,Coffee,7.74,4.05,7.26,31
2023-07-29,115,Coffee_Product_15,Coffee,7.03,4.05,7.62,24
2023-07-30,115,Coffee_Product_15,Coffee,7.0,4.05,8.04,30
2023-07-31,115,Coffee_Product_15,Coffee,7.96,4.05,6.62,25
2023-08-01,115,Coffee_Product_15,Coffee,6.97,4.05,8.11,31
2023-08-02,115,Coffee_Product_15,Coffee,8.17,4.05,7.68,31
2023-08-03,115,Coffee_Product_15,Coffee,7.11,4.05,8.5,27
2023-08-04,115,Coffee_Product_15,Coffee,6.81,4.05,7.77,35
2023-08-05,115,Coffee_Product_15,Coffee,7.71,4.05,7.91,26
2023-08-06,115,Coffee_Product_15,Coffee,7.59,4.05,6.75,23
2023-08-07,115,Coffee_Product_15,Coffee,8.17,4.05,8.03,30
2023-08-08,115,Coffee_Product_15,Coffee,7.88,4.05,6.49,21
2023-08-09,115,Coffee_Product_15,Coffee,7.33,4.05,7.78,30
2023-08-10,115,Coffee_Product_15,Coffee,7.69,4.05,6.44,21
2023-08-11,115,Coffee_Product_15,Coffee,7.9,4.05,6.57,20
2023-08-12,115,Coffee_Product_15,Coffee,7.45,4.05,6.56,21
2023-08-13,115,Coffee_Product_15,Coffee,7.09,4.05,6.43,26
2023-08-14,115,Coffee_Product_15,Coffee,7.0,4.05,7.03,24
2023-08-15,115,Coffee_Product_15,Coffee,7.13,4.05,8.53,29
2023-08-16,115,Coffee_Product_15,Coffee,7.95,4.05,7.09,21
2023-08-17,115,Coffee_Product_15,Coffee,7.25,4.05,8.01,25
2023-08-18,115,Coffee_Product_15,Coffee,7.11,4.05,6.61,23
2023-08-19,115,Coffee_Product_15,Coffee,7.89,4.05,7.33,24
2023-08-20,115,Coffee_Product_15,Coffee,6.74,4.05,6.73,19
2023-08-21,115,Coffee_Product_15,Coffee,7.57,4.05,6.74,26
2023-08-22,115,Coffee_Product_15,Coffee,7.99,4.05,6.54,19
2023-08-23,115,Coffee_Product_15,Coffee,7.3,4.05,7.28,22
2023-08-24,115,Coffee_Product_15,Coffee,7.09,4.05,6.48,21
2023-08-25,115,Coffee_Product_15,Coffee,7.42,4.05,8.34,28
2023-08-26,115,Coffee_Product_15,Coffee,7.75,4.05,7.31,27
2023-08-27,115,Coffee_Product_15,Coffee,7.46,4.05,8.19,26
2023-08-28,115,Coffee_Product_15,Coffee,6.7,4.05,8.5,30
2023-08-29,115,Coffee_Product_15,Coffee,6.8,4.05,7.83,30
2023-08-30,115,Coffee_Product_15,Coffee,7.76,4.05,8.33,28
2023-08-31,115,Coffee_Product_15,Coffee,7.28,4.05,6.62,21
2023-09-01,115,Coffee_Product_15,Coffee,7.85,4.05,8.17,29
2023-09-02,115,Coffee_Product_15,Coffee,7.65,4.05,6.92,23
2023-09-03,115,Coffee_Product_15,Coffee,7.55,4.05,7.37,26
2023-09-04,115,Coffee_Product_15,Coffee,8.03,4.05,7.76,23
2023-09-05,115,Coffee_Product_15,Coffee,6.72,4.05,8.33,28
2023-09-06,115,Coffee_Product_15,Coffee,6.92,4.05,8.35,32
2023-09-07,115,Coffee_Product_15,Coffee,7.62,4.05,6.52,24
2023-09-08,115,Coffee_Product_15,Coffee,6.79,4.05,7.13,21
2023-09-09,115,Coffee_Product_15,Coffee,7.65,4.05,8.08,27
2023-09-10,115,Coffee_Product_15,Coffee,8.15,4.05,7.88,28
2023-09-11,115,Coffee_Product_15,Coffee,7.99,4.05,6.37,21
2023-09-12,115,Coffee_Product_15,Coffee,7.57,4.05,7.32,23
2023-09-13,115,Coffee_Product_15,Coffee,8.02,4.05,8.16,24
2023-09-14,115,Coffee_Product_15,Coffee,6.86,4.05,7.96,27
2023-09-15,115,Coffee_Product_15,Coffee,7.36,4.05,7.23,21
2023-09-16,115,Coffee_Product_15,Coffee,7.32,4.05,7.96,27
2023-09-17,115,Coffee_Product_15,Coffee,7.19,4.05,7.54,25
2023-09-18,115,Coffee_Product_15,Coffee,6.69,4.05,8.35,30
2023-09-19,115,Coffee_Product_15,Coffee,8.01,4.05,7.63,22
2023-09-20,115,Coffee_Product_15,Coffee,7.84,4.05,7.21,29
2023-09-21,115,Coffee_Product_15,Coffee,7.66,4.05,8.24,24
2023-09-22,115,Coffee_Product_15,Coffee,6.88,4.05,6.43,24
2023-09-23,115,Coffee_Product_15,Coffee,7.25,4.05,8.32,25
2023-09-24,115,Coffee_Product_15,Coffee,8.06,4.05,7.87,22
2023-09-25,115,Coffee_Product_15,Coffee,7.6,4.05,8.41,25
2023-09-26,115,Coffee_Product_15,Coffee,7.58,4.05,6.87,24
2023-09-27,115,Coffee_Product_15,Coffee,8.04,4.05,7.87,26
2023-09-28,115,Coffee_Product_15,Coffee,7.52,4.05,8.12,24
2023-09-29,115,Coffee_Product_15,Coffee,7.58,4.05,7.88,21
2023-09-30,115,Coffee_Product_15,Coffee,7.2,4.05,6.79,27
2023-10-01,115,Coffee_Product_15,Coffee,7.24,4.05,6.93,21
2023-10-02,115,Coffee_Product_15,Coffee,7.71,4.05,7.58,23
2023-10-03,115,Coffee_Product_15,Coffee,7.16,4.05,7.31,25
2023-10-04,115,Coffee_Product_15,Coffee,7.52,4.05,7.95,24
2023-10-05,115,Coffee_Product_15,Coffee,7.1,4.05,7.16,21
2023-10-06,115,Coffee_Product_15,Coffee,6.93,4.05,8.23,30
2023-10-07,115,Coffee_Product_15,Coffee,7.36,4.05,7.28,18
2023-10-08,115,Coffee_Product_15,Coffee,7.01,4.05,6.41,26
2023-10-09,115,Coffee_Product_15,Coffee,8.02,4.05,6.35,23
2023-10-10,115,Coffee_Product_15,Coffee,7.14,4.05,7.76,28
2023-10-11,115,Coffee_Product_15,Coffee,7.58,4.05,7.52,25
2023-10-12,115,Coffee_Product_15,Coffee,7.08,4.05,7.53,25
2023-10-13,115,Coffee_Product_15,Coffee,7.07,4.05,8.08,26
2023-10-14,115,Coffee_Product_15,Coffee,7.21,4.05,7.15,25
2023-10-15,115,Coffee_Product_15,Coffee,8.05,4.05,8.54,26
2023-10-16,115,Coffee_Product_15,Coffee,7.27,4.05,8.42,24
2023-10-17,115,Coffee_Product_15,Coffee,7.91,4.05,6.35,22
2023-10-18,115,Coffee_Product_15,Coffee,6.98,4.05,8.31,28
2023-10-19,115,Coffee_Product_15,Coffee,6.76,4.05,7.83,31
2023-10-20,115,Coffee_Product_15,Coffee,7.85,4.05,7.44,21
2023-10-21,115,Coffee_Product_15,Coffee,7.49,4.05,7.62,27
2023-10-22,115,Coffee_Product_15,Coffee,7.44,4.05,8.19,26
2023-10-23,115,Coffee_Product_15,Coffee,7.09,4.05,8.44,28
2023-10-24,115,Coffee_Product_15,Coffee,6.8,4.05,7.57,29
2023-10-25,115,Coffee_Product_15,Coffee,7.41,4.05,6.72,22
2023-10-26,115,Coffee_Product_15,Coffee,7.98,4.05,7.74,24
2023-10-27,115,Coffee_Product_15,Coffee,6.87,4.05,6.49,28
2023-10-28,115,Coffee_Product_15,Coffee,8.07,4.05,7.73,21
2023-10-29,115,Coffee_Product_15,Coffee,7.1,4.05,8.12,27
2023-10-30,115,Coffee_Product_15,Coffee,7.48,4.05,7.1,26
2023-10-31,115,Coffee_Product_15,Coffee,6.79,4.05,6.47,26
2023-11-01,115,Coffee_Product_15,Coffee,7.32,4.05,7.86,31
2023-11-02,115,Coffee_Product_15,Coffee,6.87,4.05,7.07,26
2023-11-03,115,Coffee_Product_15,Coffee,6.76,4.05,6.87,27
2023-11-04,115,Coffee_Product_15,Coffee,8.12,4.05,7.85,25
2023-11-05,115,Coffee_Product_15,Coffee,7.77,4.05,8.48,22
2023-11-06,115,Coffee_Product_15,Coffee,7.76,4.05,7.98,24
2023-11-07,115,Coffee_Product_15,Coffee,6.82,4.05,7.41,29
2023-11-08,115,Coffee_Product_15,Coffee,8.07,4.05,7.65,25
2023-11-09,115,Coffee_Product_15,Coffee,7.39,4.05,6.63,24
2023-11-10,115,Coffee_Product_15,Coffee,7.95,4.05,8.13,29
2023-11-11,115,Coffee_Product_15,Coffee,6.71,4.05,7.66,26
2023-11-12,115,Coffee_Product_15,Coffee,7.13,4.05,8.47,25
2023-11-13,115,Coffee_Product_15,Coffee,8.17,4.05,8.5,27
2023-11-14,115,Coffee_Product_15,Coffee,7.32,4.05,7.11,24
2023-11-15,115,Coffee_Product_15,Coffee,8.01,4.05,8.52,24
2023-11-16,115,Coffee_Product_15,Coffee,7.18,4.05,8.45,35
2023-11-17,115,Coffee_Product_15,Coffee,7.47,4.05,7.74,29
2023-11-18,115,Coffee_Product_15,Coffee,7.96,4.05,7.06,24
2023-11-19,115,Coffee_Product_15,Coffee,7.59,4.05,8.0,30
2023-11-20,115,Coffee_Product_15,Coffee,7.77,4.05,6.92,22
2023-11-21,115,Coffee_Product_15,Coffee,7.03,4.05,7.72,32
