data/raw/retail_transactions.csv
date,sku_id,product_name,category,price,cost,competitor_price,quantity_sold
2023-11-22,115,Coffee_Product_15,Coffee,6.92,4.05,6.37,26
2023-11-23,115,Coffee_Product_15,Coffee,7.03,4.05,7.72,26
2023-11-24,115,Coffee_Product_15,Coffee,7.42,4.05,8.44,27
2023-11-25,115,Coffee_Product_15,Coffee,7.88,4.05,6.84,24
2023-11-26,115,Coffee_Product_15,Coffee,7.21,4.05,8.05,31
2023-11-27,115,Coffee_Product_15,Coffee,7.53,4.05,6.97,22
2023-11-28,115,Coffee_Product_15,Coffee,7.88,4.05,7.89,21
2023-11-29,115,Coffee_Product_15,Coffee,7.04,4.05,7.88,26
2023-11-30,115,Coffee_Product_15,Coffee,8.0,4.05,6.73,23
2023-12-01,115,Coffee_Product_15,Coffee,8.1,4.05,7.65,25
2023-12-02,115,Coffee_Product_15,Coffee,6.75,4.05,8.23,28
2023-12-03,115,Coffee_Product_15,Coffee,6.78,4.05,7.17,28
2023-12-04,115,Coffee_Product_15,Coffee,6.82,4.05,7.9,34
2023-12-05,115,Coffee_Product_15,Coffee,7.84,4.05,7.82,21
2023-12-06,115,Coffee_Product_15,Coffee,6.97,4.05,6.89,25
2023-12-07,115,Coffee_Product_15,Coffee,7.77,4.05,8.36,34
2023-12-08,115,Coffee_Product_15,Coffee,7.34,4.05,7.57,24
2023-12-09,115,Coffee_Product_15,Coffee,7.93,4.05,7.11,21
2023-12-10,115,Coffee_Product_15,Coffee,7.89,4.05,6.68,24
2023-12-11,115,Coffee_Product_15,Coffee,8.11,4.05,7.37,22
2023-12-12,115,Coffee_Product_15,Coffee,7.06,4.05,7.94,32
2023-12-13,115,Coffee_Product_15,Coffee,7.03,4.05,7.71,36
2023-12-14,115,Coffee_Product_15,Coffee,6.73,4.05,7.94,30
2023-12-15,115,Coffee_Product_15,Coffee,7.3,4.05,8.08,39
2023-12-16,115,Coffee_Product_15,Coffee,7.37,4.05,7.3,25
2023-12-17,115,Coffee_Product_15,Coffee,8.12,4.05,7.48,23
2023-12-18,115,Coffee_Product_15,Coffee,7.92,4.05,8.52,25
2023-12-19,115,Coffee_Product_15,Coffee,6.94,4.05,8.47,30
2023-12-20,115,Coffee_Product_15,Coffee,7.87,4.05,7.24,24
2023-12-21,115,Coffee_Product_15,Coffee,6.95,4.05,7.84,30
2023-12-22,115,Coffee_Product_15,Coffee,6.8,4.05,6.91,25
2023-12-23,115,Coffee_Product_15,Coffee,7.93,4.05,6.66,22
2023-12-24,115,Coffee_Product_15,Coffee,8.14,4.05,8.03,25
2023-12-25,115,Coffee_Product_15,Coffee,6.82,4.05,7.29,31
2023-12-26,115,Coffee_Product_15,Coffee,7.9,4.05,6.71,24
2023-12-27,115,Coffee_Product_15,Coffee,7.96,4.05,8.01,27
2023-12-28,115,Coffee_Product_15,Coffee,6.86,4.05,8.36,32
2023-12-29,115,Coffee_Product_15,Coffee,7.11,4.05,8.4,26
2023-12-30,115,Coffee_Product_15,Coffee,7.78,4.05,7.65,31
2023-12-31,115,Coffee_Product_15,Coffee,7.89,4.05,7.39,23
2024-01-01,115,Coffee_Product_15,Coffee,7.21,4.05,6.63,28
2023-01-01,116,Coffee_Product_16,Coffee,11.46,5.82,11.01,0
2023-01-02,116,Coffee_Product_16,Coffee,10.97,5.82,10.93,0
2023-01-03,116,Coffee_Product_16,Coffee,12.17,5.82,13.19,0
2023-01-04,116,Coffee_Product_16,Coffee,11.24,5.82,10.41,0
2023-01-05,116,Coffee_Product_16,Coffee,12.32,5.82,11.57,0
2023-01-06,116,Coffee_Product_16,Coffee,12.7,5.82,13.04,0
2023-01-07,116,Coffee_Product_16,Coffee,11.0,5.82,13.01,0
2023-01-08,116,Coffee_Product_16,Coffee,11.74,5.82,10.6,0
2023-01-09,116,Coffee_Product_16,Coffee,11.76,5.82,11.85,0
2023-01-10,116,Coffee_Product_16,Coffee,12.21,5.82,11.82,0
2023-01-11,116,Coffee_Product_16,Coffee,11.5,5.82,11.26,0
2023-01-12,116,Coffee_Product_16,Coffee,11.7,5.82,13.38,0
2023-01-13,116,Coffee_Product_16,Coffee,10.73,5.82,12.44,0
2023-01-14,116,Coffee_Product_16,Coffee,10.99,5.82,13.61,0
2023-01-15,116,Coffee_Product_16,Coffee,12.06,5.82,10.35,0
2023-01-16,116,Coffee_Product_16,Coffee,11.22,5.82,11.52,0
2023-01-17,116,Coffee_Product_16,Coffee,11.05,5.82,13.09,0
2023-01-18,116,Coffee_Product_16,Coffee,11.47,5.82,11.62,0
2023-01-19,116,Coffee_Product_16,Coffee,11.09,5.82,11.04,0
2023-01-20,116,Coffee_Product_16,Coffee,10.84,5.82,13.67,0
2023-01-21,116,Coffee_Product_16,Coffee,11.38,5.82,13.22,0
2023-01-22,116,Coffee_Product_16,Coffee,11.09,5.82,12.06,0
2023-01-23,116,Coffee_Product_16,Coffee,12.6,5.82,12.11,0
2023-01-24,116,Coffee_Product_16,Coffee,10.85,5.82,10.13,0
2023-01-25,116,Coffee_Product_16,Coffee,12.48,5.82,13.61,0
2023-01-26,116,Coffee_Product_16,Coffee,11.61,5.82,12.99,0
2023-01-27,116,Coffee_Product_16,Coffee,12.31,5.82,10.24,0
2023-01-28,116,Coffee_Product_16,Coffee,10.83,5.82,10.74,0
2023-01-29,116,Coffee_Product_16,Coffee,12.89,5.82,13.04,0
2023-01-30,116,Coffee_Product_16,Coffee,12.53,5.82,10.42,0
2023-01-31,116,Coffee_Product_16,Coffee,11.04,5.82,13.47,0
2023-02-01,116,Coffee_Product_16,Coffee,11.22,5.82,13.68,0
2023-02-02,116,Coffee_Product_16,Coffee,12.23,5.82,13.27,0
2023-02-03,116,Coffee_Product_16,Coffee,12.89,5.82,12.74,0
2023-02-04,116,Coffee_Product_16,Coffee,11.76,5.82,11.85,0
2023-02-05,116,Coffee_Product_16,Coffee,11.86,5.82,10.4,0
2023-02-06,116,Coffee_Product_16,Coffee,11.27,5.82,12.71,0
2023-02-07,116,Coffee_Product_16,Coffee,11.61,5.82,11.52,0
2023-02-08,116,Coffee_Product_16,Coffee,11.38,5.82,12.14,0
2023-02-09,116,Coffee_Product_16,Coffee,11.54,5.82,11.16,0
2023-02-10,116,Coffee_Product_16,Coffee,10.75,5.82,10.97,0
2023-02-11,116,Coffee_Product_16,Coffee,10.8,5.82,11.27,0
2023-02-12,116,Coffee_Product_16,Coffee,12.32,5.82,13.01,0
2023-02-13,116,Coffee_Product_16,Coffee,12.32,5.82,11.63,0
2023-02-14,116,Coffee_Product_16,Coffee,11.49,5.82,11.22,0
2023-02-15,116,Coffee_Product_16,Coffee,12.81,5.82,11.65,0
2023-02-16,116,Coffee_Product_16,Coffee,11.34,5.82,10.22,0
2023-02-17,116,Coffee_Product_16,Coffee,11.64,5.82,13.29,0
2023-02-18,116,Coffee_Product_16,Coffee,12.44,5.82,12.08,0
2023-02-19,116,Coffee_Product_16,Coffee,12.47,5.82,10.48,0
2023-02-20,116,Coffee_Product_16,Coffee,12.75,5.82,11.14,0
2023-02-21,116,Coffee_Product_16,Coffee,10.77,5.82,13.62,0
2023-02-22,116,Coffee_Product_16,Coffee,11.14,5.82,12.22,0
2023-02-23,116,Coffee_Product_16,Coffee,12.23,5.82,11.15,0
2023-02-24,116,Coffee_Product_16,Coffee,11.51,5.82,11.63,0
2023-02-25,116,Coffee_Product_16,Coffee,10.81,5.82,11.03,0
2023-02-26,116,Coffee_Product_16,Coffee,12.1,5.82,10.22,0
2023-02-27,116,Coffee_Product_16,Coffee,11.64,5.82,13.11,0
2023-02-28,116,Coffee_Product_16,Coffee,11.57,5.82,11.15,0
2023-03-01,116,Coffee_Product_16,Coffee,11.33,5.82,13.1,0
2023-03-02,116,Coffee_Product_16,Coffee,10.72,5.82,11.82,0
2023-03-03,116,Coffee_Product_16,Coffee,11.14,5.82,10.76,0
2023-03-04,116,Coffee_Product_16,Coffee,11.83,5.82,12.97,0
2023-03-05,116,Coffee_Product_16,Coffee,11.36,5.82,11.45,0
2023-03-06,116,Coffee_Product_16,Coffee,12.78,5.82,12.63,0
2023-03-07,116,Coffee_Product_16,Coffee,11.04,5.82,13.1,0
2023-03-08,116,Coffee_Product_16,Coffee,12.79,5.82,13.54,0
2023-03-09,116,Coffee_Product_16,Coffee,11.67,5.82,10.41,0
2023-03-10,116,Coffee_Product_16,Coffee,11.36,5.82,10.14,0
2023-03-11,116,Coffee_Product_16,Coffee,11.43,5.82,12.07,0
2023-03-12,116,Coffee_Product_16,Coffee,11.49,5.82,11.05,0
2023-03-13,116,Coffee_Product_16,Coffee,11.91,5.82,11.78,0
2023-03-14,116,Coffee_Product_16,Coffee,11.54,5.82,10.37,0
2023-03-15,116,Coffee_Product_16,Coffee,12.24,5.82,11.9,0
2023-03-16,116,Coffee_Product_16,Coffee,11.71,5.82,10.55,0
2023-03-17,116,Coffee_Product_16,Coffee,12.3,5.82,13.1,0
2023-03-18,116,Coffee_Product_16,Coffee,12.14,5.82,12.82,0
2023-03-19,116,Coffee_Product_16,Coffee,11.28,5.82,10.37,0
2023-03-20,116,Coffee_Product_16,Coffee,12.64,5.82,13.09,0
2023-03-21,116,Coffee_Product_16,Coffee,12.6,5.82,11.27,0
2023-03-22,116,Coffee_Product_16,Coffee,13.06,5.82,11.37,0
2023-03-23,116,Coffee_Product_16,Coffee,11.12,5.82,10.75,0
2023-03-24,116,Coffee_Product_16,Coffee,12.72,5.82,13.09,0
2023-03-25,116,Coffee_Product_16,Coffee,12.78,5.82,11.55,0
2023-03-26,116,Coffee_Product_16,Coffee,12.23,5.82,10.28,0
2023-03-27,116,Coffee_Product_16,Coffee,11.91,5.82,13.56,0
2023-03-28,116,Coffee_Product_16,Coffee,12.98,5.82,11.02,0
2023-03-29,116,Coffee_Product_16,Coffee,13.02,5.82,13.45,0
2023-03-30,116,Coffee_Product_16,Coffee,12.23,5.82,11.18,0
2023-03-31,116,Coffee_Product_16,Coffee,11.56,5.82,13.07,0
2023-04-01,116,Coffee_Product_16,Coffee,12.65,5.82,12.48,0
2023-04-02,116,Coffee_Product_16,Coffee,10.92,5.82,13.18,0
2023-04-03,116,Coffee_Product_16,Coffee,11.39,5.82,13.59,0
2023-04-04,116,Coffee_Product_16,Coffee,13.05,5.82,13.22,0
2023-04-05,116,Coffee_Product_16,Coffee,12.64,5.82,11.55,0
2023-04-06,116,Coffee_Product_16,Coffee,12.94,5.82,13.01,0
2023-04-07,116,Coffee_Product_16,Coffee,12.12,5.82,12.65,0
2023-04-08,116,Coffee_Product_16,Coffee,11.67,5.82,10.33,0
2023-04-09,116,Coffee_Product_16,Coffee,13.03,5.82,13.43,0
2023-04-10,116,Coffee_Product_16,Coffee,11.44,5.82,11.77,0
2023-04-11,116,Coffee_Product_16,Coffee,12.5,5.82,10.59,0
2023-04-12,116,Coffee_Product_16,Coffee,12.03,5.82,11.63,0
2023-04-13,116,Coffee_Product_16,Coffee,11.25,5.82,12.26,0
2023-04-14,116,Coffee_Product_16,Coffee,10.74,5.82,12.15,0
2023-04-15,116,Coffee_Product_16,Coffee,11.62,5.82,12.16,0
2023-04-16,116,Coffee_Product_16,Coffee,12.01,5.82,11.02,0
2023-04-17,116,Coffee_Product_16,Coffee,11.14,5.82,12.37,0
2023-04-18,116,Coffee_Product_16,Coffee,11.69,5.82,13.35,0
2023-04-19,116,Coffee_Product_16,Coffee,12.17,5.82,11.5,0
2023-04-20,116,Coffee_Product_16,Coffee,12.4,5.82,12.36,0
2023-04-21,116,Coffee_Product_16,Coffee,10.83,5.82,10.98,0
2023-04-22,116,Coffee_Product_16,Coffee,12.28,5.82,10.28,0
2023-04-23,116,Coffee_Product_16,Coffee,10.84,5.82,12.2,0
2023-04-24,116,Coffee_Product_16,Coffee,10.77,5.82,10.28,0
2023-04-25,116,Coffee_Product_16,Coffee,11.07,5.82,12.69,0
2023-04-26,116,Coffee_Product_16,Coffee,12.26,5.82,12.5,0
2023-04-27,116,Coffee_Product_16,Coffee,10.83,5.82,11.43,0
2023-04-28,116,Coffee_Product_16,Coffee,10.75,5.82,11.58,0
2023-04-29,116,Coffee_Product_16,Coffee,10.98,5.82,13.38,0
2023-04-30,116,Coffee_Product_16,Coffee,12.96,5.82,10.16,0
2023-05-01,116,Coffee_Product_16,Coffee,12.86,5.82,12.12,0
2023-05-02,116,Coffee_Product_16,Coffee,10.91,5.82,13.4,0
2023-05-03,116,Coffee_Product_16,Coffee,11.43,5.82,13.37,0
2023-05-04,116,Coffee_Product_16,Coffee,12.96,5.82,12.19,0
2023-05-05,116,Coffee_Product_16,Coffee,10.94,5.82,11.47,0
2023-05-06,116,Coffee_Product_16,Coffee,10.93,5.82,10.46,0
2023-05-07,116,Coffee_Product_16,Coffee,10.91,5.82,10.73,0
2023-05-08,116,Coffee_Product_16,Coffee,13.03,5.82,12.53,0
2023-05-09,116,Coffee_Product_16,Coffee,12.47,5.82,10.17,0
2023-05-10,116,Coffee_Product_16,Coffee,11.21,5.82,13.26,0
2023-05-11,116,Coffee_Product_16,Coffee,10.81,5.82,12.21,0
2023-05-12,116,Coffee_Product_16,Coffee,13.0,5.82,10.27,0
2023-05-13,116,Coffee_Product_16,Coffee,11.72,5.82,10.96,0
2023-05-14,116,Coffee_Product_16,Coffee,12.13,5.82,12.23,0
2023-05-15,116,Coffee_Product_16,Coffee,11.37,5.82,10.24,0
2023-05-16,116,Coffee_Product_16,Coffee,12.51,5.82,12.89,0
2023-05-17,116,Coffee_Product_16,Coffee,11.17,5.82,13.39,0
2023-05-18,116,Coffee_Product_16,Coffee,12.57,5.82,13.54,0
2023-05-19,116,Coffee_Product_16,Coffee,11.25,5.82,12.73,0
2023-05-20,116,Coffee_Product_16,Coffee,10.94,5.82,13.17,0
2023-05-21,116,Coffee_Product_16,Coffee,11.84,5.82,12.29,0
2023-05-22,116,Coffee_Product_16,Coffee,12.64,5.82,11.74,0
2023-05-23,116,Coffee_Product_16,Coffee,11.62,5.82,12.65,0
2023-05-24,116,Coffee_Product_16,Coffee,10.77,5.82,10.91,0
2023-05-25,116,Coffee_Product_16,Coffee,12.02,5.82,10.5,0
2023-05-26,116,Coffee_Product_16,Coffee,12.32,5.82,12.83,0
2023-05-27,116,Coffee_Product_16,Coffee,12.46,5.82,13.53,0
2023-05-28,116,Coffee_Product_16,Coffee,11.66,5.82,12.17,0
2023-05-29,116,Coffee_Product_16,Coffee,10.93,5.82,11.83,0
2023-05-30,116,Coffee_Product_16,Coffee,12.09,5.82,12.02,0
2023-05-31,116,Coffee_Product_16,Coffee,11.49,5.82,11.82,0
2023-06-01,116,Coffee_Product_16,Coffee,12.96,5.82,11.69,0
2023-06-02,116,Coffee_Product_16,Coffee,11.9,5.82,13.49,0
2023-06-03,116,Coffee_Product_16,Coffee,11.83,5.82,11.82,0
2023-06-04,116,Coffee_Product_16,Coffee,11.44,5.82,10.4,0
2023-06-05,116,Coffee_Product_16,Coffee,11.51,5.82,12.84,0
2023-06-06,116,Coffee_Product_16,Coffee,11.92,5.82,11.51,0
2023-06-07,116,Coffee_Product_16,Coffee,11.43,5.82,12.64,0
2023-06-08,116,Coffee_Product_16,Coffee,12.83,5.82,12.18,0
2023-06-09,116,Coffee_Product_16,Coffee,11.75,5.82,12.65,0
2023-06-10,116,Coffee_Product_16,Coffee,11.4,5.82,10.33,0
2023-06-11,116,Coffee_Product_16,Coffee,11.07,5.82,10.23,0
2023-06-12,116,Coffee_Product_16,Coffee,12.3,5.82,11.46,0
2023-06-13,116,Coffee_Product_16,Coffee,10.76,5.82,12.58,0
2023-06-14,116,Coffee_Product_16,Coffee,11.77,5.82,10.91,0
2023-06-15,116,Coffee_Product_16,Coffee,12.01,5.82,11.65,0
2023-06-16,116,Coffee_Product_16,Coffee,11.51,5.82,13.61,0
2023-06-17,116,Coffee_Product_16,Coffee,12.49,5.82,10.88,0
2023-06-18,116,Coffee_Product_16,Coffee,12.31,5.82,13.13,0
2023-06-19,116,Coffee_Product_16,Coffee,13.01,5.82,13.05,0
2023-06-20,116,Coffee_Product_16,Coffee,11.91,5.82,13.29,0
2023-06-21,116,Coffee_Product_16,Coffee,11.98,5.82,13.37,0
2023-06-22,116,Coffee_Product_16,Coffee,11.29,5.82,11.92,0
2023-06-23,116,Coffee_Product_16,Coffee,11.62,5.82,12.54,0
2023-06-24,116,Coffee_Product_16,Coffee,10.77,5.82,12.32,0
2023-06-25,116,Coffee_Product_16,Coffee,12.34,5.82,11.21,0
2023-06-26,116,Coffee_Product_16,Coffee,11.44,5.82,11.11,0
2023-06-27,116,Coffee_Product_16,Coffee,11.99,5.82,11.33,0
2023-06-28,116,Coffee_Product_16,Coffee,11.31,5.82,10.89,0
2023-06-29,116,Coffee_Product_16,Coffee,12.18,5.82,12.81,0
2023-06-30,116,Coffee_Product_16,Coffee,11.77,5.82,13.55,0
2023-07-01,116,Coffee_Product_16,Coffee,11.85,5.82,13.2,0
2023-07-02,116,Coffee_Product_16,Coffee,12.95,5.82,10.89,0
2023-07-03,116,Coffee_Product_16,Coffee,12.38,5.82,10.29,0
2023-07-04,116,Coffee_Product_16,Coffee,11.33,5.82,12.81,0
2023-07-05,116,Coffee_Product_16,Coffee,11.9,5.82,11.5,0
2023-07-06,116,Coffee_Product_16,Coffee,11.81,5.82,13.05,0
2023-07-07,116,Coffee_Product_16,Coffee,12.59,5.82,12.89,0
2023-07-08,116,Coffee_Product_16,Coffee,12.69,5.82,12.34,0
2023-07-09,116,Coffee_Product_16,Coffee,11.38,5.82,11.02,0
2023-07-10,116,Coffee_Product_16,Coffee,12.66,5.82,10.48,0
2023-07-11,116,Coffee_Product_16,Coffee,11.13,5.82,11.01,0
2023-07-12,116,Coffee_Product_16,Coffee,12.52,5.82,11.93,0
2023-07-13,116,Coffee_Product_16,Coffee,11.29,5.82,13.6,0
2023-07-14,116,Coffee_Product_16,Coffee,11.41,5.82,10.34,0
2023-07-15,116,Coffee_Product_16,Coffee,12.73,5.82,10.82,0
2023-07-16,116,Coffee_Product_16,Coffee,11.7,5.82,12.35,0
2023-07-17,116,Coffee_Product_16,Coffee,13.06,5.82,11.19,0
2023-07-18,116,Coffee_Product_16,Coffee,11.06,5.82,13.17,0
2023-07-19,116,Coffee_Product_16,Coffee,11.81,5.82,10.61,0
2023-07-20,116,Coffee_Product_16,Coffee,12.45,5.82,13.54,0
2023-07-21,116,Coffee_Product_16,Coffee,10.72,5.82,13.36,0
2023-07-22,116,Coffee_Product_16,Coffee,11.06,5.82,13.27,0
2023-07-23,116,Coffee_Product_16,Coffee,10.75,5.82,10.73,0
2023-07-24,116,Coffee_Product_16,Coffee,13.06,5.82,11.28,0
2023-07-25,116,Coffee_Product_16,Coffee,12.51,5.82,12.98,0
2023-07-26,116,Coffee_Product_16,Coffee,11.59,5.82,12.99,0
2023-07-27,116,Coffee_Product_16,Coffee,11.07,5.82,12.62,0
2023-07-28,116,Coffee_Product_16,Coffee,10.92,5.82,11.71,0
2023-07-29,116,Coffee_Product_16,Coffee,11.97,5.82,11.22,0
2023-07-30,116,Coffee_Product_16,Coffee,13.02,5.82,13.54,0
2023-07-31,116,Coffee_Product_16,Coffee,12.31,5.82,10.61,0
2023-08-01,116,Coffee_Product_16,Coffee,11.57,5.82,10.26,0
2023-08-02,116,Coffee_Product_16,Coffee,11.89,5.82,10.14,0
2023-08-03,116,Coffee_Product_16,Coffee,13.08,5.82,12.87,0
2023-08-04,116,Coffee_Product_16,Coffee,11.94,5.82,10.31,0
2023-08-05,116,Coffee_Product_16,Coffee,13.0,5.82,12.03,0
2023-08-06,116,Coffee_Product_16,Coffee,10.74,5.82,11.42,0
2023-08-07,116,Coffee_Product_16,Coffee,12.42,5.82,10.63,0
2023-08-08,116,Coffee_Product_16,Coffee,12.19,5.82,12.75,0
2023-08-09,116,Coffee_Product_16,Coffee,12.33,5.82,10.3,0
2023-08-10,116,Coffee_Product_16,Coffee,12.06,5.82,11.24,0
2023-08-11,116,Coffee_Product_16,Coffee,10.81,5.82,12.11,0
2023-08-12,116,Coffee_Product_16,Coffee,11.06,5.82,11.54,0
2023-08-13,116,Coffee_Product_16,Coffee,12.9,5.82,11.03,0
2023-08-14,116,Coffee_Product_16,Coffee,11.26,5.82,13.41,0
2023-08-15,116,Coffee_Product_16,Coffee,13.06,5.82,13.43,0
2023-08-16,116,Coffee_Product_16,Coffee,12.32,5.82,11.59,0
2023-08-17,116,Coffee_Product_16,Coffee,11.76,5.82,11.51,0
2023-08-18,116,Coffee_Product_16,Coffee,12.89,5.82,11.21,0
2023-08-19,116,Coffee_Product_16,Coffee,12.59,5.82,13.16,0
2023-08-20,116,Coffee_Product_16,Coffee,11.72,5.82,12.13,0
2023-08-21,116,Coffee_Product_16,Coffee,10.87,5.82,10.43,0
2023-08-22,116,Coffee_Product_16,Coffee,12.77,5.82,13.15,0
2023-08-23,116,Coffee_Product_16,Coffee,12.52,5.82,12.02,0
2023-08-24,116,Coffee_Product_16,Coffee,12.58,5.82,11.59,0
2023-08-25,116,Coffee_Product_16,Coffee,12.47,5.82,11.31,0
2023-08-26,116,Coffee_Product_16,Coffee,11.36,5.82,10.46,0
2023-08-27,116,Coffee_Product_16,Coffee,12.75,5.82,13.52,0
2023-08-28,116,Coffee_Product_16,Coffee,10.71,5.82,12.75,0
2023-08-29,116,Coffee_Product_16,Coffee,11.27,5.82,10.58,0
2023-08-30,116,Coffee_Product_16,Coffee,10.81,5.82,11.93,0
2023-08-31,116,Coffee_Product_16,Coffee,10.97,5.82,12.09,0
2023-09-01,116,Coffee_Product_16,Coffee,11.97,5.82,10.71,0
2023-09-02,116,Coffee_Product_16,Coffee,10.79,5.82,11.63,0
2023-09-03,116,Coffee_Product_16,Coffee,11.13,5.82,12.41,0
2023-09-04,116,Coffee_Product_16,Coffee,11.26,5.82,11.12,0
2023-09-05,116,Coffee_Product_16,Coffee,12.26,5.82,11.29,0
2023-09-06,116,Coffee_Product_16,Coffee,11.82,5.82,10.54,0
2023-09-07,116,Coffee_Product_16,Coffee,11.79,5.82,11.58,0
2023-09-08,116,Coffee_Product_16,Coffee,12.53,5.82,12.19,0
2023-09-09,116,Coffee_Product_16,Coffee,11.79,5.82,10.52,0
2023-09-10,116,Coffee_Product_16,Coffee,11.53,5.82,12.3,0
2023-09-11,116,Coffee_Product_16,Coffee,12.99,5.82,11.53,0
2023-09-12,116,Coffee_Product_16,Coffee,10.72,5.82,12.53,0
2023-09-13,116,Coffee_Product_16,Coffee,11.43,5.82,11.23,0
2023-09-14,116,Coffee_Product_16,Coffee,12.15,5.82,12.14,0
2023-09-15,116,Coffee_Product_16,Coffee,12.56,5.82,12.29,0
2023-09-16,116,Coffee_Product_16,Coffee,12.64,5.82,12.57,0
2023-09-17,116,Coffee_Product_16,Coffee,10.81,5.82,12.81,0
2023-09-18,116,Coffee_Product_16,Coffee,12.39,5.82,10.59,0
2023-09-19,116,Coffee_Product_16,Coffee,12.42,5.82,13.55,0
2023-09-20,116,Coffee_Product_16,Coffee,11.21,5.82,13.12,0
