data/raw/retail_transactions.csv
date,sku_id,product_name,category,price,cost,competitor_price,quantity_sold
2023-07-24,117,Dairy_Product_17,Dairy,19.95,10.37,20.14,7
2023-07-25,117,Dairy_Product_17,Dairy,23.14,10.37,19.84,6
2023-07-26,117,Dairy_Product_17,Dairy,20.79,10.37,20.35,6
2023-07-27,117,Dairy_Product_17,Dairy,22.34,10.37,22.93,8
2023-07-28,117,Dairy_Product_17,Dairy,20.59,10.37,23.54,6
2023-07-29,117,Dairy_Product_17,Dairy,21.49,10.37,22.05,6
2023-07-30,117,Dairy_Product_17,Dairy,22.85,10.37,20.34,7
2023-07-31,117,Dairy_Product_17,Dairy,20.01,10.37,20.26,6
2023-08-01,117,Dairy_Product_17,Dairy,23.54,10.37,19.06,6
2023-08-02,117,Dairy_Product_17,Dairy,19.64,10.37,24.28,8
2023-08-03,117,Dairy_Product_17,Dairy,21.63,10.37,22.38,5
2023-08-04,117,Dairy_Product_17,Dairy,23.27,10.37,18.44,5
2023-08-05,117,Dairy_Product_17,Dairy,23.4,10.37,22.53,6
2023-08-06,117,Dairy_Product_17,Dairy,20.33,10.37,21.15,7
2023-08-07,117,Dairy_Product_17,Dairy,19.96,10.37,24.53,7
2023-08-08,117,Dairy_Product_17,Dairy,22.45,10.37,23.54,8
2023-08-09,117,Dairy_Product_17,Dairy,19.52,10.37,19.37,7
2023-08-10,117,Dairy_Product_17,Dairy,21.42,10.37,22.9,7
2023-08-11,117,Dairy_Product_17,Dairy,22.76,10.37,21.39,7
2023-08-12,117,Dairy_Product_17,Dairy,21.75,10.37,19.47,5
2023-08-13,117,Dairy_Product_17,Dairy,20.15,10.37,22.77,7
2023-08-14,117,Dairy_Product_17,Dairy,21.43,10.37,21.79,7
2023-08-15,117,Dairy_Product_17,Dairy,23.3,10.37,18.46,5
2023-08-16,117,Dairy_Product_17,Dairy,21.99,10.37,22.43,6
2023-08-17,117,Dairy_Product_17,Dairy,22.44,10.37,22.36,5
2023-08-18,117,Dairy_Product_17,Dairy,20.78,10.37,19.19,6
2023-08-19,117,Dairy_Product_17,Dairy,20.15,10.37,20.51,6
2023-08-20,117,Dairy_Product_17,Dairy,20.44,10.37,22.04,5
2023-08-21,117,Dairy_Product_17,Dairy,21.63,10.37,19.16,6
2023-08-22,117,Dairy_Product_17,Dairy,20.54,10.37,23.76,6
2023-08-23,117,Dairy_Product_17,Dairy,21.67,10.37,18.44,6
2023-08-24,117,Dairy_Product_17,Dairy,22.38,10.37,18.93,6
2023-08-25,117,Dairy_Product_17,Dairy,22.49,10.37,19.01,5
2023-08-26,117,Dairy_Product_17,Dairy,20.05,10.37,21.67,6
2023-08-27,117,Dairy_Product_17,Dairy,22.56,10.37,22.26,6
2023-08-28,117,Dairy_Product_17,Dairy,22.23,10.37,20.87,6
2023-08-29,117,Dairy_Product_17,Dairy,19.39,10.37,20.12,6
2023-08-30,117,Dairy_Product_17,Dairy,19.59,10.37,23.48,8
2023-08-31,117,Dairy_Product_17,Dairy,22.11,10.37,18.7,5
2023-09-01,117,Dairy_Product_17,Dairy,20.99,10.37,20.07,6
2023-09-02,117,Dairy_Product_17,Dairy,19.97,10.37,18.52,6
2023-09-03,117,Dairy_Product_17,Dairy,19.53,10.37,18.35,8
2023-09-04,117,Dairy_Product_17,Dairy,20.02,10.37,20.54,6
2023-09-05,117,Dairy_Product_17,Dairy,23.45,10.37,19.52,6
2023-09-06,117,Dairy_Product_17,Dairy,22.46,10.37,19.99,6
2023-09-07,117,Dairy_Product_17,Dairy,21.61,10.37,23.55,6
2023-09-08,117,Dairy_Product_17,Dairy,23.38,10.37,19.31,5
2023-09-09,117,Dairy_Product_17,Dairy,22.0,10.37,23.29,7
2023-09-10,117,Dairy_Product_17,Dairy,22.46,10.37,22.61,7
2023-09-11,117,Dairy_Product_17,Dairy,20.55,10.37,20.37,6
2023-09-12,117,Dairy_Product_17,Dairy,21.87,10.37,21.79,6
2023-09-13,117,Dairy_Product_17,Dairy,19.95,10.37,21.13,6
2023-09-14,117,Dairy_Product_17,Dairy,21.08,10.37,19.09,6
2023-09-15,117,Dairy_Product_17,Dairy,19.48,10.37,24.11,7
2023-09-16,117,Dairy_Product_17,Dairy,20.27,10.37,21.93,7
2023-09-17,117,Dairy_Product_17,Dairy,19.66,10.37,23.94,7
2023-09-18,117,Dairy_Product_17,Dairy,21.0,10.37,23.57,6
2023-09-19,117,Dairy_Product_17,Dairy,22.96,10.37,18.78,5
2023-09-20,117,Dairy_Product_17,Dairy,20.96,10.37,19.6,6
2023-09-21,117,Dairy_Product_17,Dairy,22.91,10.37,19.2,5
2023-09-22,117,Dairy_Product_17,Dairy,22.16,10.37,23.62,6
2023-09-23,117,Dairy_Product_17,Dairy,21.53,10.37,23.82,6
2023-09-24,117,Dairy_Product_17,Dairy,20.36,10.37,21.67,7
2023-09-25,117,Dairy_Product_17,Dairy,23.3,10.37,18.93,5
2023-09-26,117,Dairy_Product_17,Dairy,19.57,10.37,19.14,7
2023-09-27,117,Dairy_Product_17,Dairy,22.3,10.37,23.51,8
2023-09-28,117,Dairy_Product_17,Dairy,22.01,10.37,24.25,6
2023-09-29,117,Dairy_Product_17,Dairy,21.23,10.37,19.55,6
2023-09-30,117,Dairy_Product_17,Dairy,20.37,10.37,18.34,6
2023-10-01,117,Dairy_Product_17,Dairy,21.19,10.37,20.4,6
2023-10-02,117,Dairy_Product_17,Dairy,23.09,10.37,18.46,5
2023-10-03,117,Dairy_Product_17,Dairy,22.93,10.37,23.6,5
2023-10-04,117,Dairy_Product_17,Dairy,23.38,10.37,21.43,6
2023-10-05,117,Dairy_Product_17,Dairy,20.66,10.37,22.4,5
2023-10-06,117,Dairy_Product_17,Dairy,21.0,10.37,20.92,7
2023-10-07,117,Dairy_Product_17,Dairy,19.42,10.37,20.49,8
2023-10-08,117,Dairy_Product_17,Dairy,23.39,10.37,19.7,5
2023-10-09,117,Dairy_Product_17,Dairy,20.75,10.37,23.23,7
2023-10-10,117,Dairy_Product_17,Dairy,21.07,10.37,22.75,6
2023-10-11,117,Dairy_Product_17,Dairy,23.24,10.37,20.59,5
2023-10-12,117,Dairy_Product_17,Dairy,21.6,10.37,20.33,5
2023-10-13,117,Dairy_Product_17,Dairy,21.77,10.37,18.27,6
2023-10-14,117,Dairy_Product_17,Dairy,20.09,10.37,18.67,6
2023-10-15,117,Dairy_Product_17,Dairy,21.48,10.37,22.28,7
2023-10-16,117,Dairy_Product_17,Dairy,23.28,10.37,21.58,6
2023-10-17,117,Dairy_Product_17,Dairy,21.74,10.37,21.07,6
2023-10-18,117,Dairy_Product_17,Dairy,20.43,10.37,23.6,6
2023-10-19,117,Dairy_Product_17,Dairy,19.47,10.37,21.51,7
2023-10-20,117,Dairy_Product_17,Dairy,20.78,10.37,20.74,5
2023-10-21,117,Dairy_Product_17,Dairy,21.8,10.37,19.3,6
2023-10-22,117,Dairy_Product_17,Dairy,19.52,10.37,23.55,8
2023-10-23,117,Dairy_Product_17,Dairy,21.96,10.37,21.98,5
2023-10-24,117,Dairy_Product_17,Dairy,21.59,10.37,18.86,6
2023-10-25,117,Dairy_Product_17,Dairy,22.7,10.37,22.45,5
2023-10-26,117,Dairy_Product_17,Dairy,19.46,10.37,21.0,6
2023-10-27,117,Dairy_Product_17,Dairy,22.69,10.37,23.49,5
2023-10-28,117,Dairy_Product_17,Dairy,21.58,10.37,24.19,8
2023-10-29,117,Dairy_Product_17,Dairy,20.93,10.37,22.13,8
2023-10-30,117,Dairy_Product_17,Dairy,23.49,10.37,22.98,5
2023-10-31,117,Dairy_Product_17,Dairy,20.03,10.37,18.63,7
2023-11-01,117,Dairy_Product_17,Dairy,21.66,10.37,21.87,6
2023-11-02,117,Dairy_Product_17,Dairy,20.72,10.37,23.13,6
2023-11-03,117,Dairy_Product_17,Dairy,21.6,10.37,21.47,5
2023-11-04,117,Dairy_Product_17,Dairy,21.71,10.37,22.09,8
2023-11-05,117,Dairy_Product_17,Dairy,19.72,10.37,24.06,8
2023-11-06,117,Dairy_Product_17,Dairy,22.18,10.37,19.54,5
2023-11-07,117,Dairy_Product_17,Dairy,22.06,10.37,18.9,6
2023-11-08,117,Dairy_Product_17,Dairy,22.64,10.37,22.71,5
2023-11-09,117,Dairy_Product_17,Dairy,19.73,10.37,23.57,8
2023-11-10,117,Dairy_Product_17,Dairy,20.61,10.37,23.75,6
2023-11-11,117,Dairy_Product_17,Dairy,22.13,10.37,22.4,6
2023-11-12,117,Dairy_Product_17,Dairy,19.93,10.37,23.63,7
2023-11-13,117,Dairy_Product_17,Dairy,22.25,10.37,22.78,6
2023-11-14,117,Dairy_Product_17,Dairy,19.59,10.37,18.83,8
2023-11-15,117,Dairy_Product_17,Dairy,20.78,10.37,23.18,7
2023-11-16,117,Dairy_Product_17,Dairy,22.98,10.37,19.42,5
2023-11-17,117,Dairy_Product_17,Dairy,22.66,10.37,19.79,6
2023-11-18,117,Dairy_Product_17,Dairy,22.11,10.37,20.81,6
2023-11-19,117,Dairy_Product_17,Dairy,23.08,10.37,20.29,6
2023-11-20,117,Dairy_Product_17,Dairy,22.39,10.37,20.34,6
2023-11-21,117,Dairy_Product_17,Dairy,21.57,10.37,19.35,6
2023-11-22,117,Dairy_Product_17,Dairy,23.55,10.37,20.16,4
2023-11-23,117,Dairy_Product_17,Dairy,22.32,10.37,18.39,5
2023-11-24,117,Dairy_Product_17,Dairy,21.92,10.37,21.31,5
2023-11-25,117,Dairy_Product_17,Dairy,21.09,10.37,23.22,7
2023-11-26,117,Dairy_Product_17,Dairy,23.22,10.37,23.82,5
2023-11-27,117,Dairy_Product_17,Dairy,20.61,10.37,23.55,7
2023-11-28,117,Dairy_Product_17,Dairy,19.38,10.37,20.95,7
2023-11-29,117,Dairy_Product_17,Dairy,20.18,10.37,22.97,7
2023-11-30,117,Dairy_Product_17,Dairy,19.81,10.37,20.12,5
2023-12-01,117,Dairy_Product_17,Dairy,20.71,10.37,18.62,7
2023-12-02,117,Dairy_Product_17,Dairy,22.89,10.37,22.62,6
2023-12-03,117,Dairy_Product_17,Dairy,22.14,10.37,22.45,6
2023-12-04,117,Dairy_Product_17,Dairy,20.06,10.37,23.43,8
2023-12-05,117,Dairy_Product_17,Dairy,22.73,10.37,22.23,7
2023-12-06,117,Dairy_Product_17,Dairy,21.5,10.37,19.27,5
2023-12-07,117,Dairy_Product_17,Dairy,21.54,10.37,23.76,7
2023-12-08,117,Dairy_Product_17,Dairy,20.89,10.37,22.31,6
2023-12-09,117,Dairy_Product_17,Dairy,23.05,10.37,23.47,6
2023-12-10,117,Dairy_Product_17,Dairy,20.71,10.37,23.25,7
2023-12-11,117,Dairy_Product_17,Dairy,19.74,10.37,20.18,6
2023-12-12,117,Dairy_Product_17,Dairy,20.64,10.37,18.74,7
2023-12-13,117,Dairy_Product_17,Dairy,22.41,10.37,19.4,5
2023-12-14,117,Dairy_Product_17,Dairy,22.16,10.37,18.86,8
2023-12-15,117,Dairy_Product_17,Dairy,20.15,10.37,19.83,7
2023-12-16,117,Dairy_Product_17,Dairy,19.82,10.37,21.23,6
2023-12-17,117,Dairy_Product_17,Dairy,22.18,10.37,24.11,6
2023-12-18,117,Dairy_Product_17,Dairy,22.24,10.37,23.88,7
2023-12-19,117,Dairy_Product_17,Dairy,20.91,10.37,22.9,7
2023-12-20,117,Dairy_Product_17,Dairy,22.96,10.37,18.42,6
2023-12-21,117,Dairy_Product_17,Dairy,23.54,10.37,20.46,7
2023-12-22,117,Dairy_Product_17,Dairy,20.22,10.37,22.66,6
2023-12-23,117,Dairy_Product_17,Dairy,21.82,10.37,19.09,7
2023-12-24,117,Dairy_Product_17,Dairy,19.36,10.37,23.43,8
2023-12-25,117,Dairy_Product_17,Dairy,22.4,10.37,24.16,7
2023-12-26,117,Dairy_Product_17,Dairy,21.12,10.37,20.55,8
2023-12-27,117,Dairy_Product_17,Dairy,20.17,10.37,22.81,7
2023-12-28,117,Dairy_Product_17,Dairy,22.57,10.37,19.22,6
2023-12-29,117,Dairy_Product_17,Dairy,22.82,10.37,22.72,6
2023-12-30,117,Dairy_Product_17,Dairy,19.82,10.37,18.4,7
2023-12-31,117,Dairy_Product_17,Dairy,19.51,10.37,19.24,8
2024-01-01,117,Dairy_Product_17,Dairy,20.77,10.37,22.84,6
2023-01-01,118,Coffee_Product_18,Coffee,22.19,11.03,22.15,0
2023-01-02,118,Coffee_Product_18,Coffee,22.13,11.03,24.29,0
2023-01-03,118,Coffee_Product_18,Coffee,22.42,11.03,19.3,0
2023-01-04,118,Coffee_Product_18,Coffee,20.06,11.03,24.11,0
2023-01-05,118,Coffee_Product_18,Coffee,20.63,11.03,20.01,0
2023-01-06,118,Coffee_Product_18,Coffee,20.68,11.03,20.62,0
2023-01-07,118,Coffee_Product_18,Coffee,23.11,11.03,20.28,0
2023-01-08,118,Coffee_Product_18,Coffee,20.8,11.03,19.71,0
2023-01-09,118,Coffee_Product_18,Coffee,20.0,11.03,22.41,0
2023-01-10,118,Coffee_Product_18,Coffee,21.74,11.03,21.75,0
2023-01-11,118,Coffee_Product_18,Coffee,20.87,11.03,19.95,0
2023-01-12,118,Coffee_Product_18,Coffee,20.12,11.03,18.84,0
2023-01-13,118,Coffee_Product_18,Coffee,22.09,11.03,20.02,0
2023-01-14,118,Coffee_Product_18,Coffee,19.88,11.03,20.43,0
2023-01-15,118,Coffee_Product_18,Coffee,21.75,11.03,20.42,0
2023-01-16,118,Coffee_Product_18,Coffee,20.89,11.03,20.27,0
2023-01-17,118,Coffee_Product_18,Coffee,20.42,11.03,18.31,0
2023-01-18,118,Coffee_Product_18,Coffee,23.07,11.03,20.95,0
2023-01-19,118,Coffee_Product_18,Coffee,20.44,11.03,23.32,0
2023-01-20,118,Coffee_Product_18,Coffee,20.54,11.03,19.15,0
2023-01-21,118,Coffee_Product_18,Coffee,22.75,11.03,18.93,0
2023-01-22,118,Coffee_Product_18,Coffee,19.61,11.03,21.0,0
2023-01-23,118,Coffee_Product_18,Coffee,19.52,11.03,20.36,0
2023-01-24,118,Coffee_Product_18,Coffee,20.26,11.03,21.57,0
2023-01-25,118,Coffee_Product_18,Coffee,21.57,11.03,24.02,0
2023-01-26,118,Coffee_Product_18,Coffee,20.69,11.03,22.84,0
2023-01-27,118,Coffee_Product_18,Coffee,21.64,11.03,22.37,0
2023-01-28,118,Coffee_Product_18,Coffee,19.74,11.03,20.65,0
2023-01-29,118,Coffee_Product_18,Coffee,20.17,11.03,19.83,0
2023-01-30,118,Coffee_Product_18,Coffee,21.46,11.03,21.44,0
2023-01-31,118,Coffee_Product_18,Coffee,19.98,11.03,23.63,0
2023-02-01,118,Coffee_Product_18,Coffee,20.85,11.03,23.58,0
2023-02-02,118,Coffee_Product_18,Coffee,21.49,11.03,20.84,0
2023-02-03,118,Coffee_Product_18,Coffee,23.19,11.03,19.57,0
2023-02-04,118,Coffee_Product_18,Coffee,19.4,11.03,19.44,0
2023-02-05,118,Coffee_Product_18,Coffee,21.01,11.03,18.22,0
2023-02-06,118,Coffee_Product_18,Coffee,20.74,11.03,23.36,0
2023-02-07,118,Coffee_Product_18,Coffee,22.56,11.03,19.69,0
2023-02-08,118,Coffee_Product_18,Coffee,22.88,11.03,20.29,0
2023-02-09,118,Coffee_Product_18,Coffee,22.91,11.03,23.15,0
2023-02-10,118,Coffee_Product_18,Coffee,20.65,11.03,18.77,0
2023-02-11,118,Coffee_Product_18,Coffee,20.35,11.03,20.94,0
2023-02-12,118,Coffee_Product_18,Coffee,20.97,11.03,18.78,0
2023-02-13,118,Coffee_Product_18,Coffee,20.52,11.03,20.81,0
2023-02-14,118,Coffee_Product_18,Coffee,22.11,11.03,18.3,0
2023-02-15,118,Coffee_Product_18,Coffee,19.97,11.03,21.29,0
2023-02-16,118,Coffee_Product_18,Coffee,21.85,11.03,23.06,0
2023-02-17,118,Coffee_Product_18,Coffee,22.99,11.03,22.3,0
2023-02-18,118,Coffee_Product_18,Coffee,20.25,11.03,21.24,0
2023-02-19,118,Coffee_Product_18,Coffee,21.93,11.03,23.27,0
2023-02-20,118,Coffee_Product_18,Coffee,19.67,11.03,19.45,0
2023-02-21,118,Coffee_Product_18,Coffee,19.58,11.03,23.28,0
2023-02-22,118,Coffee_Product_18,Coffee,19.55,11.03,19.76,0
2023-02-23,118,Coffee_Product_18,Coffee,19.65,11.03,20.31,0
2023-02-24,118,Coffee_Product_18,Coffee,19.98,11.03,18.82,0
2023-02-25,118,Coffee_Product_18,Coffee,21.45,11.03,18.65,0
2023-02-26,118,Coffee_Product_18,Coffee,22.31,11.03,23.93,0
2023-02-27,118,Coffee_Product_18,Coffee,19.6,11.03,19.21,0
2023-02-28,118,Coffee_Product_18,Coffee,22.75,11.03,20.12,0
2023-03-01,118,Coffee_Product_18,Coffee,22.63,11.03,21.37,0
2023-03-02,118,Coffee_Product_18,Coffee,22.15,11.03,20.22,0
2023-03-03,118,Coffee_Product_18,Coffee,20.87,11.03,23.53,0
2023-03-04,118,Coffee_Product_18,Coffee,19.07,11.03,23.73,0
2023-03-05,118,Coffee_Product_18,Coffee,22.18,11.03,20.08,0
2023-03-06,118,Coffee_Product_18,Coffee,22.79,11.03,18.59,0
2023-03-07,118,Coffee_Product_18,Coffee,20.48,11.03,19.34,0
2023-03-08,118,Coffee_Product_18,Coffee,22.11,11.03,21.02,0
2023-03-09,118,Coffee_Product_18,Coffee,19.33,11.03,19.84,0
2023-03-10,118,Coffee_Product_18,Coffee,22.07,11.03,20.89,0
2023-03-11,118,Coffee_Product_18,Coffee,19.35,11.03,22.83,0
2023-03-12,118,Coffee_Product_18,Coffee,21.55,11.03,20.68,0
2023-03-13,118,Coffee_Product_18,Coffee,21.6,11.03,19.26,0
2023-03-14,118,Coffee_Product_18,Coffee,20.34,11.03,20.28,0
2023-03-15,118,Coffee_Product_18,Coffee,19.4,11.03,22.73,0
2023-03-16,118,Coffee_Product_18,Coffee,23.09,11.03,20.7,0
2023-03-17,118,Coffee_Product_18,Coffee,21.33,11.03,19.59,0
2023-03-18,118,Coffee_Product_18,Coffee,21.52,11.03,20.72,0
2023-03-19,118,Coffee_Product_18,Coffee,21.67,11.03,20.89,0
2023-03-20,118,Coffee_Product_18,Coffee,22.84,11.03,19.89,0
2023-03-21,118,Coffee_Product_18,Coffee,19.32,11.03,24.33,0
2023-03-22,118,Coffee_Product_18,Coffee,22.85,11.03,22.88,0
2023-03-23,118,Coffee_Product_18,Coffee,20.08,11.03,22.4,0
2023-03-24,118,Coffee_Product_18,Coffee,19.39,11.03,23.44,0
2023-03-25,118,Coffee_Product_18,Coffee,21.85,11.03,22.24,0
2023-03-26,118,Coffee_Product_18,Coffee,23.2,11.03,23.03,0
2023-03-27,118,Coffee_Product_18,Coffee,19.31,11.03,20.63,0
2023-03-28,118,Coffee_Product_18,Coffee,20.87,11.03,21.18,0
2023-03-29,118,Coffee_Product_18,Coffee,21.31,11.03,18.3,0
2023-03-30,118,Coffee_Product_18,Coffee,20.13,11.03,19.79,0
2023-03-31,118,Coffee_Product_18,Coffee,23.23,11.03,20.34,0
2023-04-01,118,Coffee_Product_18,Coffee,21.78,11.03,21.98,0
2023-04-02,118,Coffee_Product_18,Coffee,22.64,11.03,20.95,0
2023-04-03,118,Coffee_Product_18,Coffee,20.83,11.03,21.87,0
2023-04-04,118,Coffee_Product_18,Coffee,20.56,11.03,22.54,0
2023-04-05,118,Coffee_Product_18,Coffee,21.41,11.03,18.28,0
2023-04-06,118,Coffee_Product_18,Coffee,20.91,11.03,19.65,0
2023-04-07,118,Coffee_Product_18,Coffee,22.09,11.03,19.09,0
2023-04-08,118,Coffee_Product_18,Coffee,20.19,11.03,19.2,0
2023-04-09,118,Coffee_Product_18,Coffee,20.97,11.03,21.2,0
2023-04-10,118,Coffee_Product_18,Coffee,22.86,11.03,22.71,0
2023-04-11,118,Coffee_Product_18,Coffee,22.27,11.03,19.74,0
2023-04-12,118,Coffee_Product_18,Coffee,19.78,11.03,23.24,0
2023-04-13,118,Coffee_Product_18,Coffee,22.82,11.03,23.68,0
2023-04-14,118,Coffee_Product_18,Coffee,21.56,11.03,20.23,0
2023-04-15,118,Coffee_Product_18,Coffee,21.94,11.03,22.33,0
2023-04-16,118,Coffee_Product_18,Coffee,20.31,11.03,18.75,0
2023-04-17,118,Coffee_Product_18,Coffee,20.93,11.03,22.73,0
2023-04-18,118,Coffee_Product_18,Coffee,22.48,11.03,19.05,0
2023-04-19,118,Coffee_Product_18,Coffee,20.46,11.03,22.37,0
2023-04-20,118,Coffee_Product_18,Coffee,19.76,11.03,20.69,0
2023-04-21,118,Coffee_Product_18,Coffee,20.67,11.03,23.9,0
2023-04-22,118,Coffee_Product_18,Coffee,19.36,11.03,20.96,0
2023-04-23,118,Coffee_Product_18,Coffee,22.1,11.03,18.2,0
2023-04-24,118,Coffee_Product_18,Coffee,19.69,11.03,21.06,0
2023-04-25,118,Coffee_Product_18,Coffee,20.27,11.03,23.06,0
2023-04-26,118,Coffee_Product_18,Coffee,22.8,11.03,22.12,0
2023-04-27,118,Coffee_Product_18,Coffee,21.35,11.03,24.15,0
2023-04-28,118,Coffee_Product_18,Coffee,20.43,11.03,23.36,0
2023-04-29,118,Coffee_Product_18,Coffee,21.38,11.03,21.35,0
2023-04-30,118,Coffee_Product_18,Coffee,19.99,11.03,19.32,0
2023-05-01,118,Coffee_Product_18,Coffee,19.17,11.03,18.03,0
2023-05-02,118,Coffee_Product_18,Coffee,21.62,11.03,24.24,0
2023-05-03,118,Coffee_Product_18,Coffee,22.09,11.03,23.97,0
2023-05-04,118,Coffee_Product_18,Coffee,22.79,11.03,19.75,0
2023-05-05,118,Coffee_Product_18,Coffee,22.33,11.03,22.06,0
2023-05-06,118,Coffee_Product_18,Coffee,22.99,11.03,22.64,0
2023-05-07,118,Coffee_Product_18,Coffee,23.24,11.03,21.68,0
2023-05-08,118,Coffee_Product_18,Coffee,22.22,11.03,23.36,0
2023-05-09,118,Coffee_Product_18,Coffee,22.74,11.03,18.5,0
2023-05-10,118,Coffee_Product_18,Coffee,21.92,11.03,23.7,0
2023-05-11,118,Coffee_Product_18,Coffee,19.79,11.03,20.5,0
2023-05-12,118,Coffee_Product_18,Coffee,19.83,11.03,21.06,0
2023-05-13,118,Coffee_Product_18,Coffee,19.53,11.03,20.83,0
2023-05-14,118,Coffee_Product_18,Coffee,23.06,11.03,21.38,0
2023-05-15,118,Coffee_Product_18,Coffee,21.91,11.03,21.81,0
2023-05-16,118,Coffee_Product_18,Coffee,22.41,11.03,22.52,0
2023-05-17,118,Coffee_Product_18,Coffee,20.47,11.03,21.34,0
2023-05-18,118,Coffee_Product_18,Coffee,21.01,11.03,22.36,0
2023-05-19,118,Coffee_Product_18,Coffee,19.23,11.03,20.15,0
2023-05-20,118,Coffee_Product_18,Coffee,22.83,11.03,23.96,0
2023-05-21,118,Coffee_Product_18,Coffee,22.68,11.03,18.41,0
2023-05-22,118,Coffee_Product_18,Coffee,22.39,11.03,21.47,0
