data/raw/retail_transactions.csv
date,sku_id,product_name,category,price,cost,competitor_price,quantity_sold
2023-05-23,118,Coffee_Product_18,Coffee,19.31,11.03,18.56,0
2023-05-24,118,Coffee_Product_18,Coffee,19.8,11.03,20.82,0
2023-05-25,118,Coffee_Product_18,Coffee,20.48,11.03,19.64,0
2023-05-26,118,Coffee_Product_18,Coffee,20.18,11.03,23.96,0
2023-05-27,118,Coffee_Product_18,Coffee,22.62,11.03,18.09,0
2023-05-28,118,Coffee_Product_18,Coffee,19.89,11.03,20.49,0
2023-05-29,118,Coffee_Product_18,Coffee,21.32,11.03,22.97,0
2023-05-30,118,Coffee_Product_18,Coffee,21.48,11.03,19.2,0
2023-05-31,118,Coffee_Product_18,Coffee,20.86,11.03,23.19,0
2023-06-01,118,Coffee_Product_18,Coffee,20.08,11.03,23.47,0
2023-06-02,118,Coffee_Product_18,Coffee,23.13,11.03,22.5,0
2023-06-03,118,Coffee_Product_18,Coffee,20.82,11.03,19.33,0
2023-06-04,118,Coffee_Product_18,Coffee,22.14,11.03,19.73,0
2023-06-05,118,Coffee_Product_18,Coffee,19.84,11.03,19.07,0
2023-06-06,118,Coffee_Product_18,Coffee,22.55,11.03,19.17,0
2023-06-07,118,Coffee_Product_18,Coffee,19.98,11.03,18.24,0
2023-06-08,118,Coffee_Product_18,Coffee,21.92,11.03,23.45,0
2023-06-09,118,Coffee_Product_18,Coffee,21.21,11.03,21.36,0
2023-06-10,118,Coffee_Product_18,Coffee,19.68,11.03,20.09,0
2023-06-11,118,Coffee_Product_18,Coffee,19.17,11.03,19.84,0
2023-06-12,118,Coffee_Product_18,Coffee,23.01,11.03,21.47,0
2023-06-13,118,Coffee_Product_18,Coffee,19.6,11.03,20.08,0
2023-06-14,118,Coffee_Product_18,Coffee,22.05,11.03,23.49,0
2023-06-15,118,Coffee_Product_18,Coffee,21.83,11.03,19.35,0
2023-06-16,118,Coffee_Product_18,Coffee,20.51,11.03,23.61,0
2023-06-17,118,Coffee_Product_18,Coffee,19.85,11.03,22.22,0
2023-06-18,118,Coffee_Product_18,Coffee,19.82,11.03,24.08,0
2023-06-19,118,Coffee_Product_18,Coffee,21.54,11.03,18.1,0
2023-06-20,118,Coffee_Product_18,Coffee,21.38,11.03,18.38,0
2023-06-21,118,Coffee_Product_18,Coffee,22.77,11.03,21.19,0
2023-06-22,118,Coffee_Product_18,Coffee,21.78,11.03,23.8,0
2023-06-23,118,Coffee_Product_18,Coffee,22.53,11.03,22.65,0
2023-06-24,118,Coffee_Product_18,Coffee,19.2,11.03,21.96,0
2023-06-25,118,Coffee_Product_18,Coffee,21.91,11.03,18.21,0
2023-06-26,118,Coffee_Product_18,Coffee,20.05,11.03,20.26,0
2023-06-27,118,Coffee_Product_18,Coffee,20.13,11.03,20.2,0
2023-06-28,118,Coffee_Product_18,Coffee,22.12,11.03,21.45,0
2023-06-29,118,Coffee_Product_18,Coffee,22.43,11.03,19.64,0
2023-06-30,118,Coffee_Product_18,Coffee,20.64,11.03,19.7,0
2023-07-01,118,Coffee_Product_18,Coffee,22.41,11.03,21.95,0
2023-07-02,118,Coffee_Product_18,Coffee,20.94,11.03,24.01,0
2023-07-03,118,Coffee_Product_18,Coffee,22.7,11.03,22.2,0
2023-07-04,118,Coffee_Product_18,Coffee,19.17,11.03,22.25,0
2023-07-05,118,Coffee_Product_18,Coffee,19.42,11.03,24.27,0
2023-07-06,118,Coffee_Product_18,Coffee,22.35,11.03,18.98,0
2023-07-07,118,Coffee_Product_18,Coffee,21.71,11.03,18.22,0
2023-07-08,118,Coffee_Product_18,Coffee,21.43,11.03,22.74,0
2023-07-09,118,Coffee_Product_18,Coffee,21.66,11.03,20.79,0
2023-07-10,118,Coffee_Product_18,Coffee,23.0,11.03,20.73,0
2023-07-11,118,Coffee_Product_18,Coffee,21.84,11.03,19.44,0
2023-07-12,118,Coffee_Product_18,Coffee,21.81,11.03,21.23,0
2023-07-13,118,Coffee_Product_18,Coffee,22.28,11.03,20.81,0
2023-07-14,118,Coffee_Product_18,Coffee,22.74,11.03,20.2,0
2023-07-15,118,Coffee_Product_18,Coffee,20.17,11.03,20.82,0
2023-07-16,118,Coffee_Product_18,Coffee,21.68,11.03,20.44,0
2023-07-17,118,Coffee_Product_18,Coffee,21.54,11.03,23.98,0
2023-07-18,118,Coffee_Product_18,Coffee,19.64,11.03,24.23,0
2023-07-19,118,Coffee_Product_18,Coffee,21.27,11.03,23.34,0
2023-07-20,118,Coffee_Product_18,Coffee,19.36,11.03,24.3,0
2023-07-21,118,Coffee_Product_18,Coffee,19.85,11.03,19.69,0
2023-07-22,118,Coffee_Product_18,Coffee,22.93,11.03,23.36,0
2023-07-23,118,Coffee_Product_18,Coffee,19.57,11.03,20.59,0
2023-07-24,118,Coffee_Product_18,Coffee,21.52,11.03,22.75,0
2023-07-25,118,Coffee_Product_18,Coffee,20.43,11.03,19.28,0
2023-07-26,118,Coffee_Product_18,Coffee,21.42,11.03,23.16,0
2023-07-27,118,Coffee_Product_18,Coffee,20.06,11.03,18.54,0
2023-07-28,118,Coffee_Product_18,Coffee,20.95,11.03,19.72,0
2023-07-29,118,Coffee_Product_18,Coffee,22.74,11.03,23.23,0
2023-07-30,118,Coffee_Product_18,Coffee,20.66,11.03,22.75,0
2023-07-31,118,Coffee_Product_18,Coffee,20.56,11.03,21.19,0
2023-08-01,118,Coffee_Product_18,Coffee,20.95,11.03,22.28,0
2023-08-02,118,Coffee_Product_18,Coffee,19.49,11.03,19.18,0
2023-08-03,118,Coffee_Product_18,Coffee,20.7,11.03,22.25,0
2023-08-04,118,Coffee_Product_18,Coffee,19.09,11.03,18.06,0
2023-08-05,118,Coffee_Product_18,Coffee,21.2,11.03,23.3,0
2023-08-06,118,Coffee_Product_18,Coffee,22.66,11.03,21.29,0
2023-08-07,118,Coffee_Product_18,Coffee,21.4,11.03,24.0,0
2023-08-08,118,Coffee_Product_18,Coffee,21.64,11.03,21.04,0
2023-08-09,118,Coffee_Product_18,Coffee,19.19,11.03,20.76,0
2023-08-10,118,Coffee_Product_18,Coffee,22.71,11.03,20.86,0
2023-08-11,118,Coffee_Product_18,Coffee,20.69,11.03,20.29,0
2023-08-12,118,Coffee_Product_18,Coffee,23.19,11.03,19.06,0
2023-08-13,118,Coffee_Product_18,Coffee,19.57,11.03,23.36,0
2023-08-14,118,Coffee_Product_18,Coffee,23.07,11.03,20.48,0
2023-08-15,118,Coffee_Product_18,Coffee,21.75,11.03,21.37,0
2023-08-16,118,Coffee_Product_18,Coffee,19.29,11.03,18.13,0
2023-08-17,118,Coffee_Product_18,Coffee,23.18,11.03,18.39,0
2023-08-18,118,Coffee_Product_18,Coffee,19.12,11.03,21.8,0
2023-08-19,118,Coffee_Product_18,Coffee,22.16,11.03,23.59,0
2023-08-20,118,Coffee_Product_18,Coffee,22.83,11.03,21.14,0
2023-08-21,118,Coffee_Product_18,Coffee,19.81,11.03,19.05,0
2023-08-22,118,Coffee_Product_18,Coffee,20.52,11.03,18.74,0
2023-08-23,118,Coffee_Product_18,Coffee,21.44,11.03,23.72,0
2023-08-24,118,Coffee_Product_18,Coffee,21.94,11.03,22.46,0
2023-08-25,118,Coffee_Product_18,Coffee,22.76,11.03,24.14,0
2023-08-26,118,Coffee_Product_18,Coffee,22.29,11.03,18.53,0
2023-08-27,118,Coffee_Product_18,Coffee,20.6,11.03,23.74,0
2023-08-28,118,Coffee_Product_18,Coffee,22.54,11.03,23.38,0
2023-08-29,118,Coffee_Product_18,Coffee,23.16,11.03,23.68,0
2023-08-30,118,Coffee_Product_18,Coffee,20.03,11.03,18.04,0
2023-08-31,118,Coffee_Product_18,Coffee,19.38,11.03,22.72,0
2023-09-01,118,Coffee_Product_18,Coffee,20.87,11.03,21.49,0
2023-09-02,118,Coffee_Product_18,Coffee,22.8,11.03,21.65,0
2023-09-03,118,Coffee_Product_18,Coffee,19.7,11.03,20.99,0
2023-09-04,118,Coffee_Product_18,Coffee,22.82,11.03,22.72,0
2023-09-05,118,Coffee_Product_18,Coffee,23.27,11.03,24.36,0
2023-09-06,118,Coffee_Product_18,Coffee,19.29,11.03,22.52,0
2023-09-07,118,Coffee_Product_18,Coffee,21.16,11.03,22.31,0
2023-09-08,118,Coffee_Product_18,Coffee,20.46,11.03,22.16,0
2023-09-09,118,Coffee_Product_18,Coffee,20.73,11.03,22.42,0
2023-09-10,118,Coffee_Product_18,Coffee,20.98,11.03,20.18,0
2023-09-11,118,Coffee_Product_18,Coffee,22.2,11.03,20.04,0
2023-09-12,118,Coffee_Product_18,Coffee,21.57,11.03,22.99,0
2023-09-13,118,Coffee_Product_18,Coffee,23.14,11.03,18.34,0
2023-09-14,118,Coffee_Product_18,Coffee,20.47,11.03,22.83,0
2023-09-15,118,Coffee_Product_18,Coffee,21.36,11.03,23.18,0
2023-09-16,118,Coffee_Product_18,Coffee,22.51,11.03,21.32,0
2023-09-17,118,Coffee_Product_18,Coffee,20.64,11.03,23.79,0
2023-09-18,118,Coffee_Product_18,Coffee,21.03,11.03,21.01,0
2023-09-19,118,Coffee_Product_18,Coffee,21.97,11.03,19.14,0
2023-09-20,118,Coffee_Product_18,Coffee,22.71,11.03,20.3,0
2023-09-21,118,Coffee_Product_18,Coffee,20.82,11.03,23.76,0
2023-09-22,118,Coffee_Product_18,Coffee,21.32,11.03,24.32,0
2023-09-23,118,Coffee_Product_18,Coffee,23.19,11.03,20.69,0
2023-09-24,118,Coffee_Product_18,Coffee,19.24,11.03,19.06,0
2023-09-25,118,Coffee_Product_18,Coffee,20.96,11.03,19.82,0
2023-09-26,118,Coffee_Product_18,Coffee,21.76,11.03,21.52,0
2023-09-27,118,Coffee_Product_18,Coffee,19.1,11.03,21.64,0
2023-09-28,118,Coffee_Product_18,Coffee,21.59,11.03,22.01,0
2023-09-29,118,Coffee_Product_18,Coffee,19.3,11.03,23.31,0
2023-09-30,118,Coffee_Product_18,Coffee,22.7,11.03,22.52,0
2023-10-01,118,Coffee_Product_18,Coffee,22.48,11.03,19.66,0
2023-10-02,118,Coffee_Product_18,Coffee,19.2,11.03,20.52,0
2023-10-03,118,Coffee_Product_18,Coffee,19.27,11.03,23.34,0
2023-10-04,118,Coffee_Product_18,Coffee,22.26,11.03,22.03,0
2023-10-05,118,Coffee_Product_18,Coffee,20.63,11.03,19.06,0
2023-10-06,118,Coffee_Product_18,Coffee,21.5,11.03,20.07,0
2023-10-07,118,Coffee_Product_18,Coffee,20.21,11.03,23.03,0
2023-10-08,118,Coffee_Product_18,Coffee,19.8,11.03,19.1,0
2023-10-09,118,Coffee_Product_18,Coffee,20.32,11.03,22.4,0
2023-10-10,118,Coffee_Product_18,Coffee,20.11,11.03,21.59,0
2023-10-11,118,Coffee_Product_18,Coffee,20.96,11.03,18.94,0
2023-10-12,118,Coffee_Product_18,Coffee,22.23,11.03,22.38,0
2023-10-13,118,Coffee_Product_18,Coffee,21.41,11.03,18.91,0
2023-10-14,118,Coffee_Product_18,Coffee,21.64,11.03,20.54,0
2023-10-15,118,Coffee_Product_18,Coffee,21.06,11.03,19.97,0
2023-10-16,118,Coffee_Product_18,Coffee,20.44,11.03,22.39,0
2023-10-17,118,Coffee_Product_18,Coffee,19.67,11.03,22.98,0
2023-10-18,118,Coffee_Product_18,Coffee,20.57,11.03,19.07,0
2023-10-19,118,Coffee_Product_18,Coffee,21.88,11.03,23.16,0
2023-10-20,118,Coffee_Product_18,Coffee,22.17,11.03,18.05,0
2023-10-21,118,Coffee_Product_18,Coffee,21.05,11.03,21.37,0
2023-10-22,118,Coffee_Product_18,Coffee,21.8,11.03,21.29,0
2023-10-23,118,Coffee_Product_18,Coffee,19.96,11.03,21.97,0
2023-10-24,118,Coffee_Product_18,Coffee,22.71,11.03,19.53,0
2023-10-25,118,Coffee_Product_18,Coffee,22.73,11.03,18.07,0
2023-10-26,118,Coffee_Product_18,Coffee,20.42,11.03,20.89,0
2023-10-27,118,Coffee_Product_18,Coffee,21.38,11.03,18.46,0
2023-10-28,118,Coffee_Product_18,Coffee,21.63,11.03,23.67,0
2023-10-29,118,Coffee_Product_18,Coffee,21.07,11.03,19.11,0
2023-10-30,118,Coffee_Product_18,Coffee,22.92,11.03,20.71,0
2023-10-31,118,Coffee_Product_18,Coffee,22.2,11.03,20.76,0
2023-11-01,118,Coffee_Product_18,Coffee,21.91,11.03,21.52,0
2023-11-02,118,Coffee_Product_18,Coffee,21.27,11.03,22.98,0
2023-11-03,118,Coffee_Product_18,Coffee,19.42,11.03,21.0,0
2023-11-04,118,Coffee_Product_18,Coffee,19.52,11.03,18.17,0
2023-11-05,118,Coffee_Product_18,Coffee,20.33,11.03,22.9,0
2023-11-06,118,Coffee_Product_18,Coffee,19.96,11.03,18.53,0
2023-11-07,118,Coffee_Product_18,Coffee,23.1,11.03,22.08,0
2023-11-08,118,Coffee_Product_18,Coffee,20.8,11.03,23.11,0
2023-11-09,118,Coffee_Product_18,Coffee,22.78,11.03,19.8,0
2023-11-10,118,Coffee_Product_18,Coffee,22.53,11.03,20.86,0
2023-11-11,118,Coffee_Product_18,Coffee,22.51,11.03,18.1,0
2023-11-12,118,Coffee_Product_18,Coffee,19.98,11.03,23.11,0
2023-11-13,118,Coffee_Product_18,Coffee,20.96,11.03,22.47,0
2023-11-14,118,Coffee_Product_18,Coffee,20.41,11.03,19.48,0
2023-11-15,118,Coffee_Product_18,Coffee,23.17,11.03,20.48,0
2023-11-16,118,Coffee_Product_18,Coffee,22.78,11.03,22.42,0
2023-11-17,118,Coffee_Product_18,Coffee,20.12,11.03,20.28,0
2023-11-18,118,Coffee_Product_18,Coffee,20.39,11.03,19.04,0
2023-11-19,118,Coffee_Product_18,Coffee,21.3,11.03,21.3,0
2023-11-20,118,Coffee_Product_18,Coffee,20.24,11.03,22.6,0
2023-11-21,118,Coffee_Product_18,Coffee,22.56,11.03,20.04,0
2023-11-22,118,Coffee_Product_18,Coffee,22.53,11.03,18.78,0
2023-11-23,118,Coffee_Product_18,Coffee,22.13,11.03,23.28,0
2023-11-24,118,Coffee_Product_18,Coffee,21.98,11.03,19.61,0
2023-11-25,118,Coffee_Product_18,Coffee,21.38,11.03,21.26,0
2023-11-26,118,Coffee_Product_18,Coffee,20.53,11.03,22.4,0
2023-11-27,118,Coffee_Product_18,Coffee,22.61,11.03,20.02,0
2023-11-28,118,Coffee_Product_18,Coffee,22.7,11.03,22.13,0
2023-11-29,118,Coffee_Product_18,Coffee,19.27,11.03,20.93,0
2023-11-30,118,Coffee_Product_18,Coffee,20.75,11.03,21.63,0
2023-12-01,118,Coffee_Product_18,Coffee,19.18,11.03,21.76,0
2023-12-02,118,Coffee_Product_18,Coffee,22.62,11.03,23.24,0
2023-12-03,118,Coffee_Product_18,Coffee,19.81,11.03,22.18,0
2023-12-04,118,Coffee_Product_18,Coffee,21.92,11.03,19.68,0
2023-12-05,118,Coffee_Product_18,Coffee,20.58,11.03,18.38,0
2023-12-06,118,Coffee_Product_18,Coffee,22.52,11.03,18.02,0
2023-12-07,118,Coffee_Product_18,Coffee,21.22,11.03,23.75,0
2023-12-08,118,Coffee_Product_18,Coffee,20.44,11.03,23.99,0
2023-12-09,118,Coffee_Product_18,Coffee,20.44,11.03,18.6,0
2023-12-10,118,Coffee_Product_18,Coffee,20.45,11.03,21.1,0
2023-12-11,118,Coffee_Product_18,Coffee,22.4,11.03,18.97,0
2023-12-12,118,Coffee_Product_18,Coffee,22.08,11.03,24.03,0
2023-12-13,118,Coffee_Product_18,Coffee,20.42,11.03,19.57,0
2023-12-14,118,Coffee_Product_18,Coffee,21.14,11.03,21.19,0
2023-12-15,118,Coffee_Product_18,Coffee,19.39,11.03,19.06,0
2023-12-16,118,Coffee_Product_18,Coffee,22.57,11.03,20.12,0
2023-12-17,118,Coffee_Product_18,Coffee,20.19,11.03,19.7,0
2023-12-18,118,Coffee_Product_18,Coffee,22.83,11.03,21.03,0
2023-12-19,118,Coffee_Product_18,Coffee,21.59,11.03,20.67,0
2023-12-20,118,Coffee_Product_18,Coffee,21.47,11.03,20.11,0
2023-12-21,118,Coffee_Product_18,Coffee,19.75,11.03,18.68,0
2023-12-22,118,Coffee_Product_18,Coffee,19.36,11.03,21.08,0
2023-12-23,118,Coffee_Product_18,Coffee,21.4,11.03,23.41,0
2023-12-24,118,Coffee_Product_18,Coffee,21.05,11.03,22.64,0
2023-12-25,118,Coffee_Product_18,Coffee,19.57,11.03,22.58,0
2023-12-26,118,Coffee_Product_18,Coffee,22.6,11.03,20.33,0
2023-12-27,118,Coffee_Product_18,Coffee,20.83,11.03,22.51,0
2023-12-28,118,Coffee_Product_18,Coffee,20.17,11.03,20.96,0
2023-12-29,118,Coffee_Product_18,Coffee,22.4,11.03,18.96,0
2023-12-30,118,Coffee_Product_18,Coffee,22.93,11.03,20.67,0
2023-12-31,118,Coffee_Product_18,Coffee,20.36,11.03,18.85,0
2024-01-01,118,Coffee_Product_18,Coffee,22.35,11.03,18.73,0
