data/raw/retail_transactions.csv
date,sku_id,product_name,category,price,cost,competitor_price,quantity_sold
2023-01-01,119,Beverages_Product_19,Beverages,21.84,12.86,22.23,0
2023-01-02,119,Beverages_Product_19,Beverages,24.25,12.86,26.57,0
2023-01-03,119,Beverages_Product_19,Beverages,25.23,12.86,21.42,0
2023-01-04,119,Beverages_Product_19,Beverages,24.09,12.86,25.97,0
2023-01-05,119,Beverages_Product_19,Beverages,25.9,12.86,23.72,0
2023-01-06,119,Beverages_Product_19,Beverages,25.11,12.86,20.71,0
2023-01-07,119,Beverages_Product_19,Beverages,24.66,12.86,25.37,0
2023-01-08,119,Beverages_Product_19,Beverages,21.62,12.86,26.49,0
2023-01-09,119,Beverages_Product_19,Beverages,21.85,12.86,21.31,0
2023-01-10,119,Beverages_Product_19,Beverages,25.06,12.86,25.31,0
2023-01-11,119,Beverages_Product_19,Beverages,22.27,12.86,23.31,0
2023-01-12,119,Beverages_Product_19,Beverages,21.47,12.86,25.51,0
2023-01-13,119,Beverages_Product_19,Beverages,25.65,12.86,25.23,0
2023-01-14,119,Beverages_Product_19,Beverages,25.56,12.86,20.34,0
2023-01-15,119,Beverages_Product_19,Beverages,22.37,12.86,21.42,0
2023-01-16,119,Beverages_Product_19,Beverages,25.03,12.86,23.5,0
2023-01-17,119,Beverages_Product_19,Beverages,21.56,12.86,26.79,0
2023-01-18,119,Beverages_Product_19,Beverages,22.69,12.86,22.58,0
2023-01-19,119,Beverages_Product_19,Beverages,24.29,12.86,24.62,0
2023-01-20,119,Beverages_Product_19,Beverages,24.95,12.86,20.24,0
2023-01-21,119,Beverages_Product_19,Beverages,21.38,12.86,25.21,0
2023-01-22,119,Beverages_Product_19,Beverages,22.88,12.86,24.44,0
2023-01-23,119,Beverages_Product_19,Beverages,22.35,12.86,25.24,0
2023-01-24,119,Beverages_Product_19,Beverages,26.07,12.86,26.58,0
2023-01-25,119,Beverages_Product_19,Beverages,24.52,12.86,21.19,0
2023-01-26,119,Beverages_Product_19,Beverages,23.26,12.86,22.01,0
2023-01-27,119,Beverages_Product_19,Beverages,21.69,12.86,27.23,0
2023-01-28,119,Beverages_Product_19,Beverages,24.17,12.86,21.26,0
2023-01-29,119,Beverages_Product_19,Beverages,24.38,12.86,25.27,0
2023-01-30,119,Beverages_Product_19,Beverages,25.21,12.86,25.31,0
2023-01-31,119,Beverages_Product_19,Beverages,22.7,12.86,25.01,0
2023-02-01,119,Beverages_Product_19,Beverages,25.99,12.86,21.77,0
2023-02-02,119,Beverages_Product_19,Beverages,23.42,12.86,21.68,0
2023-02-03,119,Beverages_Product_19,Beverages,22.74,12.86,24.89,0
2023-02-04,119,Beverages_Product_19,Beverages,22.99,12.86,21.47,0
2023-02-05,119,Beverages_Product_19,Beverages,23.8,12.86,24.85,0
2023-02-06,119,Beverages_Product_19,Beverages,25.78,12.86,23.65,0
2023-02-07,119,Beverages_Product_19,Beverages,24.82,12.86,22.9,0
2023-02-08,119,Beverages_Product_19,Beverages,24.07,12.86,22.28,0
2023-02-09,119,Beverages_Product_19,Beverages,22.11,12.86,26.89,0
2023-02-10,119,Beverages_Product_19,Beverages,22.04,12.86,23.76,0
2023-02-11,119,Beverages_Product_19,Beverages,23.72,12.86,24.14,0
2023-02-12,119,Beverages_Product_19,Beverages,24.79,12.86,26.9,0
2023-02-13,119,Beverages_Product_19,Beverages,24.9,12.86,24.8,0
2023-02-14,119,Beverages_Product_19,Beverages,22.41,12.86,26.96,0
2023-02-15,119,Beverages_Product_19,Beverages,21.81,12.86,20.91,0
2023-02-16,119,Beverages_Product_19,Beverages,23.16,12.86,26.17,0
2023-02-17,119,Beverages_Product_19,Beverages,25.69,12.86,22.53,0
2023-02-18,119,Beverages_Product_19,Beverages,23.92,12.86,25.91,0
2023-02-19,119,Beverages_Product_19,Beverages,22.85,12.86,26.23,0
2023-02-20,119,Beverages_Product_19,Beverages,22.87,12.86,22.08,0
2023-02-21,119,Beverages_Product_19,Beverages,21.96,12.86,23.06,0
2023-02-22,119,Beverages_Product_19,Beverages,23.58,12.86,25.31,0
2023-02-23,119,Beverages_Product_19,Beverages,25.09,12.86,20.85,0
2023-02-24,119,Beverages_Product_19,Beverages,25.93,12.86,25.52,0
2023-02-25,119,Beverages_Product_19,Beverages,23.71,12.86,20.94,0
2023-02-26,119,Beverages_Product_19,Beverages,22.13,12.86,26.65,0
2023-02-27,119,Beverages_Product_19,Beverages,24.57,12.86,22.11,0
2023-02-28,119,Beverages_Product_19,Beverages,24.92,12.86,24.24,0
2023-03-01,119,Beverages_Product_19,Beverages,21.67,12.86,20.98,0
2023-03-02,119,Beverages_Product_19,Beverages,25.37,12.86,22.07,0
2023-03-03,119,Beverages_Product_19,Beverages,25.27,12.86,23.02,0
2023-03-04,119,Beverages_Product_19,Beverages,23.58,12.86,23.61,0
2023-03-05,119,Beverages_Product_19,Beverages,23.99,12.86,20.15,0
2023-03-06,119,Beverages_Product_19,Beverages,24.72,12.86,26.47,0
2023-03-07,119,Beverages_Product_19,Beverages,24.54,12.86,20.2,0
2023-03-08,119,Beverages_Product_19,Beverages,21.41,12.86,25.65,0
2023-03-09,119,Beverages_Product_19,Beverages,21.92,12.86,23.5,0
2023-03-10,119,Beverages_Product_19,Beverages,22.11,12.86,23.88,0
2023-03-11,119,Beverages_Product_19,Beverages,24.92,12.86,21.63,0
2023-03-12,119,Beverages_Product_19,Beverages,23.42,12.86,24.47,0
2023-03-13,119,Beverages_Product_19,Beverages,23.92,12.86,23.97,0
2023-03-14,119,Beverages_Product_19,Beverages,25.0,12.86,21.32,0
2023-03-15,119,Beverages_Product_19,Beverages,22.95,12.86,21.84,0
2023-03-16,119,Beverages_Product_19,Beverages,24.89,12.86,20.63,0
2023-03-17,119,Beverages_Product_19,Beverages,23.43,12.86,20.62,0
2023-03-18,119,Beverages_Product_19,Beverages,23.12,12.86,20.25,0
2023-03-19,119,Beverages_Product_19,Beverages,22.91,12.86,21.72,0
2023-03-20,119,Beverages_Product_19,Beverages,25.91,12.86,24.98,0
2023-03-21,119,Beverages_Product_19,Beverages,24.99,12.86,22.4,0
2023-03-22,119,Beverages_Product_19,Beverages,21.43,12.86,22.59,0
2023-03-23,119,Beverages_Product_19,Beverages,25.87,12.86,21.09,0
2023-03-24,119,Beverages_Product_19,Beverages,25.01,12.86,24.24,0
2023-03-25,119,Beverages_Product_19,Beverages,22.04,12.86,22.58,0
2023-03-26,119,Beverages_Product_19,Beverages,21.7,12.86,24.96,0
2023-03-27,119,Beverages_Product_19,Beverages,22.8,12.86,25.42,0
2023-03-28,119,Beverages_Product_19,Beverages,24.29,12.86,24.31,0
2023-03-29,119,Beverages_Product_19,Beverages,24.26,12.86,22.11,0
2023-03-30,119,Beverages_Product_19,Beverages,22.64,12.86,23.77,0
2023-03-31,119,Beverages_Product_19,Beverages,23.45,12.86,21.94,0
2023-04-01,119,Beverages_Product_19,Beverages,22.34,12.86,26.57,0
2023-04-02,119,Beverages_Product_19,Beverages,21.57,12.86,25.6,0
2023-04-03,119,Beverages_Product_19,Beverages,23.79,12.86,23.66,0
2023-04-04,119,Beverages_Product_19,Beverages,22.98,12.86,27.02,0
2023-04-05,119,Beverages_Product_19,Beverages,23.91,12.86,24.04,0
2023-04-06,119,Beverages_Product_19,Beverages,25.82,12.86,22.49,0
2023-04-07,119,Beverages_Product_19,Beverages,22.01,12.86,20.83,0
2023-04-08,119,Beverages_Product_19,Beverages,21.34,12.86,24.02,0
2023-04-09,119,Beverages_Product_19,Beverages,21.7,12.86,26.27,0
2023-04-10,119,Beverages_Product_19,Beverages,23.53,12.86,26.31,0
2023-04-11,119,Beverages_Product_19,Beverages,24.69,12.86,24.45,0
2023-04-12,119,Beverages_Product_19,Beverages,24.09,12.86,22.95,0
2023-04-13,119,Beverages_Product_19,Beverages,23.68,12.86,24.77,0
2023-04-14,119,Beverages_Product_19,Beverages,23.01,12.86,25.57,0
2023-04-15,119,Beverages_Product_19,Beverages,22.8,12.86,23.08,0
2023-04-16,119,Beverages_Product_19,Beverages,23.12,12.86,23.54,0
2023-04-17,119,Beverages_Product_19,Beverages,24.23,12.86,24.99,0
2023-04-18,119,Beverages_Product_19,Beverages,22.13,12.86,26.38,0
2023-04-19,119,Beverages_Product_19,Beverages,24.99,12.86,25.77,0
2023-04-20,119,Beverages_Product_19,Beverages,24.06,12.86,20.31,0
2023-04-21,119,Beverages_Product_19,Beverages,22.61,12.86,21.03,0
2023-04-22,119,Beverages_Product_19,Beverages,23.71,12.86,26.21,0
2023-04-23,119,Beverages_Product_19,Beverages,25.9,12.86,26.08,0
2023-04-24,119,Beverages_Product_19,Beverages,21.43,12.86,22.91,0
2023-04-25,119,Beverages_Product_19,Beverages,22.28,12.86,24.3,0
2023-04-26,119,Beverages_Product_19,Beverages,23.46,12.86,26.59,0
2023-04-27,119,Beverages_Product_19,Beverages,24.36,12.86,26.63,0
2023-04-28,119,Beverages_Product_19,Beverages,22.34,12.86,25.72,0
2023-04-29,119,Beverages_Product_19,Beverages,25.75,12.86,21.64,0
2023-04-30,119,Beverages_Product_19,Beverages,24.38,12.86,25.34,0
2023-05-01,119,Beverages_Product_19,Beverages,25.49,12.86,20.87,0
2023-05-02,119,Beverages_Product_19,Beverages,22.9,12.86,26.51,0
2023-05-03,119,Beverages_Product_19,Beverages,25.26,12.86,21.21,0
2023-05-04,119,Beverages_Product_19,Beverages,23.13,12.86,24.86,0
2023-05-05,119,Beverages_Product_19,Beverages,22.53,12.86,24.49,0
2023-05-06,119,Beverages_Product_19,Beverages,25.66,12.86,25.67,0
2023-05-07,119,Beverages_Product_19,Beverages,21.77,12.86,24.07,0
2023-05-08,119,Beverages_Product_19,Beverages,25.81,12.86,20.57,0
2023-05-09,119,Beverages_Product_19,Beverages,23.51,12.86,25.17,0
2023-05-10,119,Beverages_Product_19,Beverages,26.04,12.86,22.87,0
2023-05-11,119,Beverages_Product_19,Beverages,23.89,12.86,22.43,0
2023-05-12,119,Beverages_Product_19,Beverages,24.93,12.86,27.2,0
2023-05-13,119,Beverages_Product_19,Beverages,21.37,12.86,24.35,0
2023-05-14,119,Beverages_Product_19,Beverages,23.69,12.86,25.2,0
2023-05-15,119,Beverages_Product_19,Beverages,24.83,12.86,23.89,0
2023-05-16,119,Beverages_Product_19,Beverages,25.05,12.86,25.63,0
2023-05-17,119,Beverages_Product_19,Beverages,22.08,12.86,25.5,0
2023-05-18,119,Beverages_Product_19,Beverages,23.32,12.86,24.82,0
2023-05-19,119,Beverages_Product_19,Beverages,23.32,12.86,27.25,0
2023-05-20,119,Beverages_Product_19,Beverages,21.83,12.86,23.42,0
2023-05-21,119,Beverages_Product_19,Beverages,23.44,12.86,25.17,0
2023-05-22,119,Beverages_Product_19,Beverages,25.16,12.86,25.82,0
2023-05-23,119,Beverages_Product_19,Beverages,22.76,12.86,22.82,0
2023-05-24,119,Beverages_Product_19,Beverages,23.39,12.86,23.4,0
2023-05-25,119,Beverages_Product_19,Beverages,25.89,12.86,27.04,0
2023-05-26,119,Beverages_Product_19,Beverages,21.49,12.86,20.38,0
2023-05-27,119,Beverages_Product_19,Beverages,24.14,12.86,22.53,0
2023-05-28,119,Beverages_Product_19,Beverages,24.86,12.86,23.61,0
2023-05-29,119,Beverages_Product_19,Beverages,24.94,12.86,20.16,0
2023-05-30,119,Beverages_Product_19,Beverages,24.73,12.86,26.54,0
2023-05-31,119,Beverages_Product_19,Beverages,24.78,12.86,22.19,0
2023-06-01,119,Beverages_Product_19,Beverages,21.61,12.86,21.98,0
2023-06-02,119,Beverages_Product_19,Beverages,23.87,12.86,25.98,0
2023-06-03,119,Beverages_Product_19,Beverages,25.05,12.86,22.13,0
2023-06-04,119,Beverages_Product_19,Beverages,21.78,12.86,24.83,0
2023-06-05,119,Beverages_Product_19,Beverages,21.39,12.86,25.99,0
2023-06-06,119,Beverages_Product_19,Beverages,25.2,12.86,25.79,0
2023-06-07,119,Beverages_Product_19,Beverages,24.71,12.86,25.71,0
2023-06-08,119,Beverages_Product_19,Beverages,23.29,12.86,20.78,0
2023-06-09,119,Beverages_Product_19,Beverages,25.79,12.86,20.72,0
2023-06-10,119,Beverages_Product_19,Beverages,24.97,12.86,22.33,0
2023-06-11,119,Beverages_Product_19,Beverages,25.92,12.86,20.41,0
2023-06-12,119,Beverages_Product_19,Beverages,25.74,12.86,23.71,0
2023-06-13,119,Beverages_Product_19,Beverages,23.62,12.86,22.96,0
2023-06-14,119,Beverages_Product_19,Beverages,24.91,12.86,24.11,0
2023-06-15,119,Beverages_Product_19,Beverages,24.51,12.86,22.27,0
2023-06-16,119,Beverages_Product_19,Beverages,25.18,12.86,23.6,0
2023-06-17,119,Beverages_Product_19,Beverages,25.07,12.86,22.53,0
2023-06-18,119,Beverages_Product_19,Beverages,22.06,12.86,21.54,0
2023-06-19,119,Beverages_Product_19,Beverages,22.44,12.86,24.77,0
2023-06-20,119,Beverages_Product_19,Beverages,22.59,12.86,24.94,0
2023-06-21,119,Beverages_Product_19,Beverages,25.22,12.86,26.05,0
2023-06-22,119,Beverages_Product_19,Beverages,25.18,12.86,26.37,0
2023-06-23,119,Beverages_Product_19,Beverages,23.68,12.86,25.16,0
